V/WindowManager( 1877): Adding window Window{bfd35d8 u0 com.estrongs.android.pop/com.estrongs.android.pop.app.OpenRecomm} at 3 of 6 (after Window{12792060 u0 com.estrongs.android.pop/com.estrongs.android.pop.view.FileExplorerActivity})
I/ActivityManager( 1877): Displayed com.estrongs.android.pop/.app.OpenRecomm: +441ms
E/SoundPool( 1877): error loading /system/media/audio/ui/Effect_Tick.ogg
W/AudioService( 1877): Soundpool could not load file: /system/media/audio/ui/Effect_Tick.ogg
E/SoundPool( 1877): error loading /system/media/audio/ui/Effect_Tick.ogg
W/AudioService( 1877): Soundpool could not load file: /system/media/audio/ui/Effect_Tick.ogg
I/ActivityManager( 1877): START u0 {act=android.intent.action.VIEW dat=http://127.0.0.1:59777/smb/blu@192.168.9.18/mfsdisk/mdata02/CodeStreamSOC/Movie/test_file_playback/mp4/Mr_Mrs_avc_ampeg.mp4 typ=video/mp4 flg=0x4000000 cmp=com.android.gallery3d/.app.MovieActivity (has extras)} from uid 10041 on display 0
E/SoundPool( 1877): error loading /system/media/audio/ui/Effect_Tick.ogg
W/AudioService( 1877): Soundpool could not load file: /system/media/audio/ui/Effect_Tick.ogg
E/SoundPool( 1877): error loading /system/media/audio/ui/Effect_Tick.ogg
W/AudioService( 1877): Soundpool could not load file: /system/media/audio/ui/Effect_Tick.ogg
E/SoundPool( 1877): error loading /system/media/audio/ui/Effect_Tick.ogg
W/AudioService( 1877): Soundpool could not load file: /system/media/audio/ui/Effect_Tick.ogg
E/SoundPool( 1877): error loading /system/media/audio/ui/KeypressStandard.ogg
W/AudioService( 1877): Soundpool could not load file: /system/media/audio/ui/KeypressStandard.ogg
E/SoundPool( 1877): error loading /system/media/audio/ui/KeypressSpacebar.ogg
W/AudioService( 1877): Soundpool could not load file: /system/media/audio/ui/KeypressSpacebar.ogg
E/SoundPool( 1877): error loading /system/media/audio/ui/KeypressDelete.ogg
W/AudioService( 1877): Soundpool could not load file: /system/media/audio/ui/KeypressDelete.ogg
E/SoundPool( 1877): error loading /system/media/audio/ui/KeypressReturn.ogg
W/AudioService( 1877): Soundpool could not load file: /system/media/audio/ui/KeypressReturn.ogg
E/SoundPool( 1877): error loading /system/media/audio/ui/KeypressInvalid.ogg
W/AudioService( 1877): Soundpool could not load file: /system/media/audio/ui/KeypressInvalid.ogg
W/AudioService( 1877): onLoadSoundEffects(), Error -1 while loading samples
V/WindowManager( 1877): addAppToken: AppWindowToken{4fd2b6d token=Token{12fbd784 ActivityRecord{1f0dd997 u0 com.android.gallery3d/.app.MovieActivity t318}}} to stack=1 task=318 at 2
V/WindowManager( 1877): Adding window Window{10c197ee u0 Starting com.android.gallery3d} at 4 of 7 (after Window{bfd35d8 u0 com.estrongs.android.pop/com.estrongs.android.pop.app.OpenRecomm})
E/libprocessgroup( 2655): failed to make and chown /acct/uid_10027: Read-only file system
W/Zygote  ( 2655): createProcessGroup failed, kernel missing CONFIG_CGROUP_CPUACCT?
I/ActivityManager( 1877): Start proc 2655:com.android.gallery3d/u0a27 for activity com.android.gallery3d/.app.MovieActivity
E/ion     ( 1492): ioctl c0044901 failed with code -1: Invalid argument
E/[Gralloc-ERROR]( 1492): int alloc_device_free(alloc_device_t*, buffer_handle_t):655 Failed to free metadata buffer( ion_client: 14 ion_hnd: 0xb5c3d170 )
E/ion     ( 1492): ioctl c0044901 failed with code -1: Invalid argument
E/[Gralloc-ERROR]( 1492): int alloc_device_free(alloc_device_t*, buffer_handle_t):655 Failed to free metadata buffer( ion_client: 14 ion_hnd: 0x18 )
E/ion     ( 1492): ioctl c0044901 failed with code -1: Invalid argument
E/[Gralloc-ERROR]( 1492): int alloc_device_free(alloc_device_t*, buffer_handle_t):655 Failed to free metadata buffer( ion_client: 14 ion_hnd: 0xb5c3d170 )
E/ion     ( 1492): ioctl c0044901 failed with code -1: Invalid argument
E/[Gralloc-ERROR]( 1492): int alloc_device_free(alloc_device_t*, buffer_handle_t):655 Failed to free metadata buffer( ion_client: 14 ion_hnd: 0xb6f69fd4 )
E/ion     ( 1492): ioctl c0044901 failed with code -1: Invalid argument
E/[Gralloc-ERROR]( 1492): int alloc_device_free(alloc_device_t*, buffer_handle_t):655 Failed to free metadata buffer( ion_client: 14 ion_hnd: 0x18 )
E/ion     ( 1492): ioctl c0044901 failed with code -1: Invalid argument
E/[Gralloc-ERROR]( 1492): int alloc_device_free(alloc_device_t*, buffer_handle_t):655 Failed to free metadata buffer( ion_client: 14 ion_hnd: 0xb6f69fd4 )
I/MediaFocusControl( 1877):  AudioFocus  requestAudioFocus() from android.media.AudioManager@3eb6ae9b req=2flags=0x0
D/OpenGLRenderer( 2655): Use EGL_SWAP_BEHAVIOR_PRESERVED: true
D/Atlas   ( 2655): Validating map...
V/WindowManager( 1877): Adding window Window{1f39d89e u0 com.android.gallery3d/com.android.gallery3d.app.MovieActivity} at 4 of 8 (before Window{10c197ee u0 Starting com.android.gallery3d})
I/OpenGLRenderer( 2655): Initialized EGL, version 1.4
D/OpenGLRenderer( 2655): Enabling debug mode 0
V/WindowManager( 1877): Adding window Window{3ee0fb4c u0 SurfaceView} at 4 of 9 (before Window{1f39d89e u0 com.android.gallery3d/com.android.gallery3d.app.MovieActivity})
I/ActivityManager( 1877): Displayed com.android.gallery3d/.app.MovieActivity: +1s336ms
E/ion     ( 1492): ioctl c0044901 failed with code -1: Invalid argument
E/[Gralloc-ERROR]( 1492): int alloc_device_free(alloc_device_t*, buffer_handle_t):655 Failed to free metadata buffer( ion_client: 14 ion_hnd: 0xb5c3d170 )
I/MediaFocusControl( 1877):  AudioFocus  requestAudioFocus() from android.media.AudioManager@3eb6ae9b req=1flags=0x0
D/MediaPlayer( 2655): Couldn't open file on client side, trying server side
W/linker  ( 1498): lib_mt_ffmpeg_extractor.so: unused DT entry: type 0x6ffffffe arg 0x23b8
W/linker  ( 1498): lib_mt_ffmpeg_extractor.so: unused DT entry: type 0x6fffffff arg 0x3
W/linker  ( 1498): libavcodec.so: unused DT entry: type 0x6ffffffe arg 0x5be0
W/linker  ( 1498): libavcodec.so: unused DT entry: type 0x6fffffff arg 0x2
W/linker  ( 1498): libavformat.so: unused DT entry: type 0x6ffffffe arg 0x63b0
W/linker  ( 1498): libavformat.so: unused DT entry: type 0x6fffffff arg 0x2
W/linker  ( 1498): libswscale.so: unused DT entry: type 0x6ffffffe arg 0xe34
W/linker  ( 1498): libswscale.so: unused DT entry: type 0x6fffffff arg 0x1
W/linker  ( 1498): libswresample.so: unused DT entry: type 0x6ffffffe arg 0xd9c
W/linker  ( 1498): libswresample.so: unused DT entry: type 0x6fffffff arg 0x1
I/ExtractorLoader( 1498): Register extractor from  [lib_mt_ffmpeg_extractor.so]
D/DataSource( 1498): RegisterExternalSniffers(), 165, extractorLibNum : 1
E/cutils-trace( 1498): Error opening trace file: No such file or directory (2)
W/ALooperRoster( 1498): failed to post message. Target handler 0 still registered, but object gone.
D/WifiService( 1877): acquireWifiLockLocked: WifiLock{ES Wifi Lock type=3 binder=android.os.BinderProxy@39aa5d76}
E/WVMExtractor( 1498): Failed to open libwvm.so: dlopen failed: library "libwvm.so" not found
I/FFMPEGExtractor( 1498): enter SniffFFMPEG()
I/FFMPEGExtractor( 1498): exit SniffFFMPEG(), confidence = 1.000000
I/MediaExtractor( 1498): extractor create mime video/quicktime
I/FFMPEGExtractor( 1498): enter createExtractor()
I/FFMPEGExtractor( 1498): enter FFMPEGExtractor(), source -1249390320, mdatasource -1248382580
I/FFMPEGExtractor( 1498): FFMPEGExractor opened file is [http://127.0.0.1:59777/smb%2Fblu%40192.168.9.18%2Fmfsdisk%2Fmdata02%2FCodeStreamSOC%2FMovie%2Ftest_file_playback%2Fmp4%2FMr_Mrs_avc_ampeg.mp4]
I/FFMPEGExtractor( 1498): nb stream 2
I/FFMPEGExtractorUtils( 1498): enter GetMIMEbyCodecId id 28
I/FFMPEGExtractor( 1498): enter setVideoMeta()
I/FFMPEGExtractorUtils( 1498): Video:
I/FFMPEGExtractorUtils( 1498): {
I/FFMPEGExtractorUtils( 1498):     kKeyMIMEType        = [video/avc]
I/FFMPEGExtractorUtils( 1498):     kKeyDuration        = [01:38:37.88]
I/FFMPEGExtractorUtils( 1498):     kKeyBitRate         = [1198703 bps]
I/FFMPEGExtractorUtils( 1498):     kKeyWidth           = [720]
I/FFMPEGExtractorUtils( 1498):     kKeyHeight          = [312]
I/FFMPEGExtractorUtils( 1498): }
I/FFMPEGExtractor( 1498): enter pushTrackList()
I/FFMPEGExtractorUtils( 1498): enter GetMIMEbyCodecId id 86017
I/FFMPEGExtractor( 1498): enter setAudioMeta()
I/FFMPEGExtractorUtils( 1498): Audio:
I/FFMPEGExtractorUtils( 1498): {
I/FFMPEGExtractorUtils( 1498):     kKeyMIMEType        = [audio/mpeg]
I/FFMPEGExtractorUtils( 1498):     kKeyDuration        = [01:38:37.87]
I/FFMPEGExtractorUtils( 1498):     kKeyBitRate         = [127999 bps]
I/FFMPEGExtractorUtils( 1498):     kKeyChannelCount    = [2]
I/FFMPEGExtractorUtils( 1498):     kKeySampleRate      = [48000 bps]
I/FFMPEGExtractorUtils( 1498): }
I/FFMPEGExtractor( 1498): enter pushTrackList()
I/FFMPEGExtractor( 1498): exit FFMPEGExtractor()
I/FFMPEGExtractor( 1498): enter getMetaData()
I/FFMPEGExtractor( 1498): enter countTracks()
I/FFMPEGExtractor( 1498): enter getTrack()
I/FFMPEGExtractor( 1498): enter FFMPEGSource()
I/FFMPEGExtractor( 1498): exit FFMPEGSource()
I/FFMPEGExtractor( 1498): enter getTrackMetaData()
I/FFMPEGExtractor( 1498): enter getTrack()
I/FFMPEGExtractor( 1498): enter FFMPEGSource()
I/FFMPEGExtractor( 1498): exit FFMPEGSource()
I/FFMPEGExtractor( 1498): enter getTrackMetaData()
I/FFMPEGExtractor( 1498): enter start()
I/FFMPEGExtractor( 1498): exit start()
I/FFMPEGExtractor( 1498): enter start()
I/FFMPEGExtractor( 1498): exit start()
D/MediaPlayer( 2655): getMetadata
D/NuPlayerDriver( 1498): start(0xb5873dc0)
I/GenericSource( 1498): start
D/OMX_CORE( 1498): OMX_Init :: enter!
D/OMX_CORE( 1498): OMX_Init :: exit!
D/OMX_CORE( 1498): OMX_ComponentNameEnum :: g_ComponentTable[0].name: OMX.montage.video.encoder 
D/OMX_CORE( 1498): OMX_ComponentNameEnum :: g_ComponentTable[1].name: OMX.montage.video.decoder 
D/OMX_CORE( 1498): OMX_ComponentNameEnum :: g_ComponentTable[2].name: OMX.montage.video.decoder.secure 
D/OMX_CORE( 1498): OMX_ComponentNameEnum :: g_ComponentTable[3].name: OMX.ffmpeg.audio.decoder 
D/OMX_CORE( 1498): OMX_GetHandle :: enter!
D/OMX_CORE( 1498): OMX_GetHandle :: component name:OMX.montage.video.decoder !
D/OMX_CORE( 1498): OMX_GetHandle :: prepare to load  libOMX.montage.video.decoder.so
D/OMX_CORE( 1498): OMX_GetHandle :: load  libOMX.montage.video.decoder.so ok
D/MT_OMXVDEC( 1498): Init OMX component OMX.montage.video.decoder
E/MT_OMXVDEC( 1498): get_supported_profile_level: ProfileIndex(16) exceed!
E/MT_OMXVDEC( 1498): get_extension_index: OMX.google.android.index.describeColorFormat not implemented!
E/MT_OMXVDEC( 1498): get_extension_index: OMX.google.android.index.storeMetaDataInBuffers not implemented!
E/OMXNodeInstance( 1498): getExtensionIndex(1:montage.decoder, OMX.google.android.index.storeMetaDataInBuffers) ERROR: NotImplemented(0x80001006)
E/MT_OMXVDEC( 1498): get_extension_index: OMX.google.android.index.prepareForAdaptivePlayback not implemented!
E/OMXNodeInstance( 1498): getExtensionIndex(1:montage.decoder, OMX.google.android.index.prepareForAdaptivePlayback) ERROR: NotImplemented(0x80001006)
D/OMX_CORE( 1498): OMX_GetHandle :: enter!
D/OMX_CORE( 1498): OMX_GetHandle :: component name:OMX.montage.video.decoder !
D/OMX_CORE( 1498): OMX_GetHandle :: prepare to load  libOMX.montage.video.decoder.so
D/OMX_CORE( 1498): OMX_GetHandle :: load  libOMX.montage.video.decoder.so ok
D/MT_OMXVDEC( 1498): Init OMX component OMX.montage.video.decoder
E/MT_OMXVDEC( 1498): get_supported_profile_level: ProfileIndex(24) exceed!
E/MT_OMXVDEC( 1498): get_extension_index: OMX.google.android.index.describeColorFormat not implemented!
E/MT_OMXVDEC( 1498): get_extension_index: OMX.google.android.index.storeMetaDataInBuffers not implemented!
E/OMXNodeInstance( 1498): getExtensionIndex(2:montage.decoder, OMX.google.android.index.storeMetaDataInBuffers) ERROR: NotImplemented(0x80001006)
E/MT_OMXVDEC( 1498): get_extension_index: OMX.google.android.index.prepareForAdaptivePlayback not implemented!
E/OMXNodeInstance( 1498): getExtensionIndex(2:montage.decoder, OMX.google.android.index.prepareForAdaptivePlayback) ERROR: NotImplemented(0x80001006)
D/OMX_CORE( 1498): OMX_GetHandle :: enter!
D/OMX_CORE( 1498): OMX_GetHandle :: component name:OMX.montage.video.decoder !
D/OMX_CORE( 1498): OMX_GetHandle :: prepare to load  libOMX.montage.video.decoder.so
D/OMX_CORE( 1498): OMX_GetHandle :: load  libOMX.montage.video.decoder.so ok
D/MT_OMXVDEC( 1498): Init OMX component OMX.montage.video.decoder
E/MT_OMXVDEC( 1498): get_supported_profile_level: ProfileIndex(48) exceed!
E/MT_OMXVDEC( 1498): get_extension_index: OMX.google.android.index.describeColorFormat not implemented!
E/MT_OMXVDEC( 1498): get_extension_index: OMX.google.android.index.storeMetaDataInBuffers not implemented!
E/OMXNodeInstance( 1498): getExtensionIndex(3:montage.decoder, OMX.google.android.index.storeMetaDataInBuffers) ERROR: NotImplemented(0x80001006)
E/MT_OMXVDEC( 1498): get_extension_index: OMX.google.android.index.prepareForAdaptivePlayback not implemented!
E/OMXNodeInstance( 1498): getExtensionIndex(3:montage.decoder, OMX.google.android.index.prepareForAdaptivePlayback) ERROR: NotImplemented(0x80001006)
D/OMX_CORE( 1498): OMX_GetHandle :: enter!
D/OMX_CORE( 1498): OMX_GetHandle :: component name:OMX.montage.video.decoder !
D/OMX_CORE( 1498): OMX_GetHandle :: prepare to load  libOMX.montage.video.decoder.so
D/OMX_CORE( 1498): OMX_GetHandle :: load  libOMX.montage.video.decoder.so ok
D/MT_OMXVDEC( 1498): Init OMX component OMX.montage.video.decoder
E/MT_OMXVDEC( 1498): get_supported_profile_level: ProfileIndex(12) exceed!
E/MT_OMXVDEC( 1498): get_extension_index: OMX.google.android.index.describeColorFormat not implemented!
E/MT_OMXVDEC( 1498): get_extension_index: OMX.google.android.index.storeMetaDataInBuffers not implemented!
E/OMXNodeInstance( 1498): getExtensionIndex(4:montage.decoder, OMX.google.android.index.storeMetaDataInBuffers) ERROR: NotImplemented(0x80001006)
E/MT_OMXVDEC( 1498): get_extension_index: OMX.google.android.index.prepareForAdaptivePlayback not implemented!
E/OMXNodeInstance( 1498): getExtensionIndex(4:montage.decoder, OMX.google.android.index.prepareForAdaptivePlayback) ERROR: NotImplemented(0x80001006)
D/OMX_CORE( 1498): OMX_GetHandle :: enter!
D/OMX_CORE( 1498): OMX_GetHandle :: component name:OMX.ffmpeg.audio.decoder !
D/OMX_CORE( 1498): OMX_GetHandle :: prepare to load  libOMX.ffmpeg.audio.decoder.so
W/linker  ( 1498): libOMX.ffmpeg.audio.decoder.so: unused DT entry: type 0x6ffffffe arg 0x974
W/linker  ( 1498): libOMX.ffmpeg.audio.decoder.so: unused DT entry: type 0x6fffffff arg 0x3
D/OMX_CORE( 1498): OMX_GetHandle :: load  libOMX.ffmpeg.audio.decoder.so ok
D/OMX_ADEC( 1498): run in component_init
I/OMX_ADEC( 1498): Init OMX component OMX.ffmpeg.audio.decoder
D/OMX_ADEC( 1498): set_callbacks
D/OMX_ADEC( 1498): set_parameter, para_index 0x1000017
D/OMX_ADEC( 1498): name audio_decoder.mp3
D/OMX_ADEC( 1498): set name acodec_list[i].role_nameaudio_decoder.mp3
D/OMX_ADEC( 1498): get_state is 0x1
D/OMX_ADEC( 1498): component_deinit
D/OMX_CORE( 1498): OMX_GetHandle :: enter!
D/OMX_CORE( 1498): OMX_GetHandle :: component name:OMX.ffmpeg.audio.decoder !
D/OMX_CORE( 1498): OMX_GetHandle :: prepare to load  libOMX.ffmpeg.audio.decoder.so
W/linker  ( 1498): libOMX.ffmpeg.audio.decoder.so: unused DT entry: type 0x6ffffffe arg 0x974
W/linker  ( 1498): libOMX.ffmpeg.audio.decoder.so: unused DT entry: type 0x6fffffff arg 0x3
D/OMX_CORE( 1498): OMX_GetHandle :: load  libOMX.ffmpeg.audio.decoder.so ok
D/OMX_ADEC( 1498): run in component_init
I/OMX_ADEC( 1498): Init OMX component OMX.ffmpeg.audio.decoder
D/OMX_ADEC( 1498): set_callbacks
D/OMX_ADEC( 1498): set_parameter, para_index 0x1000017
D/OMX_ADEC( 1498): name audio_decoder.mp2
D/OMX_ADEC( 1498): set name acodec_list[i].role_nameaudio_decoder.mp2
D/OMX_ADEC( 1498): get_state is 0x1
D/OMX_ADEC( 1498): component_deinit
D/OMX_CORE( 1498): OMX_GetHandle :: enter!
D/OMX_CORE( 1498): OMX_GetHandle :: component name:OMX.ffmpeg.audio.decoder !
D/OMX_CORE( 1498): OMX_GetHandle :: prepare to load  libOMX.ffmpeg.audio.decoder.so
W/linker  ( 1498): libOMX.ffmpeg.audio.decoder.so: unused DT entry: type 0x6ffffffe arg 0x974
W/linker  ( 1498): libOMX.ffmpeg.audio.decoder.so: unused DT entry: type 0x6fffffff arg 0x3
D/OMX_CORE( 1498): OMX_GetHandle :: load  libOMX.ffmpeg.audio.decoder.so ok
D/OMX_ADEC( 1498): run in component_init
I/OMX_ADEC( 1498): Init OMX component OMX.ffmpeg.audio.decoder
D/OMX_ADEC( 1498): set_callbacks
D/OMX_ADEC( 1498): set_parameter, para_index 0x1000017
D/OMX_ADEC( 1498): name audio_decoder.flac
D/OMX_ADEC( 1498): set name acodec_list[i].role_nameaudio_decoder.flac
D/OMX_ADEC( 1498): get_state is 0x1
D/OMX_ADEC( 1498): component_deinit
D/OMX_CORE( 1498): OMX_GetHandle :: enter!
D/OMX_CORE( 1498): OMX_GetHandle :: component name:OMX.ffmpeg.audio.decoder !
D/OMX_CORE( 1498): OMX_GetHandle :: prepare to load  libOMX.ffmpeg.audio.decoder.so
W/linker  ( 1498): libOMX.ffmpeg.audio.decoder.so: unused DT entry: type 0x6ffffffe arg 0x974
W/linker  ( 1498): libOMX.ffmpeg.audio.decoder.so: unused DT entry: type 0x6fffffff arg 0x3
D/OMX_CORE( 1498): OMX_GetHandle :: load  libOMX.ffmpeg.audio.decoder.so ok
D/OMX_ADEC( 1498): run in component_init
I/OMX_ADEC( 1498): Init OMX component OMX.ffmpeg.audio.decoder
D/OMX_ADEC( 1498): set_callbacks
D/OMX_ADEC( 1498): set_parameter, para_index 0x1000017
D/OMX_ADEC( 1498): name audio_decoder.ac3
D/OMX_ADEC( 1498): set name acodec_list[i].role_nameaudio_decoder.ac3
D/OMX_ADEC( 1498): get_state is 0x1
D/OMX_ADEC( 1498): component_deinit
D/OMX_CORE( 1498): OMX_GetHandle :: enter!
D/OMX_CORE( 1498): OMX_GetHandle :: component name:OMX.ffmpeg.audio.decoder !
D/OMX_CORE( 1498): OMX_GetHandle :: prepare to load  libOMX.ffmpeg.audio.decoder.so
W/linker  ( 1498): libOMX.ffmpeg.audio.decoder.so: unused DT entry: type 0x6ffffffe arg 0x974
W/linker  ( 1498): libOMX.ffmpeg.audio.decoder.so: unused DT entry: type 0x6fffffff arg 0x3
D/OMX_CORE( 1498): OMX_GetHandle :: load  libOMX.ffmpeg.audio.decoder.so ok
D/OMX_ADEC( 1498): run in component_init
I/OMX_ADEC( 1498): Init OMX component OMX.ffmpeg.audio.decoder
D/OMX_ADEC( 1498): set_callbacks
D/OMX_ADEC( 1498): get_state is 0x1
D/OMX_ADEC( 1498): component_deinit
D/OMX_CORE( 1498): OMX_GetHandle :: enter!
D/OMX_CORE( 1498): OMX_GetHandle :: component name:OMX.ffmpeg.audio.decoder !
D/OMX_CORE( 1498): OMX_GetHandle :: prepare to load  libOMX.ffmpeg.audio.decoder.so
W/linker  ( 1498): libOMX.ffmpeg.audio.decoder.so: unused DT entry: type 0x6ffffffe arg 0x974
W/linker  ( 1498): libOMX.ffmpeg.audio.decoder.so: unused DT entry: type 0x6fffffff arg 0x3
D/OMX_CORE( 1498): OMX_GetHandle :: load  libOMX.ffmpeg.audio.decoder.so ok
D/OMX_ADEC( 1498): run in component_init
I/OMX_ADEC( 1498): Init OMX component OMX.ffmpeg.audio.decoder
D/OMX_ADEC( 1498): set_callbacks
D/OMX_ADEC( 1498): set_parameter, para_index 0x1000017
D/OMX_ADEC( 1498): name audio_decoder.aac
D/OMX_ADEC( 1498): set name acodec_list[i].role_nameaudio_decoder.aac
D/OMX_ADEC( 1498): get_state is 0x1
D/OMX_ADEC( 1498): component_deinit
D/OMX_CORE( 1498): OMX_GetHandle :: enter!
D/OMX_CORE( 1498): OMX_GetHandle :: component name:OMX.ffmpeg.audio.decoder !
D/OMX_CORE( 1498): OMX_GetHandle :: prepare to load  libOMX.ffmpeg.audio.decoder.so
W/linker  ( 1498): libOMX.ffmpeg.audio.decoder.so: unused DT entry: type 0x6ffffffe arg 0x974
W/linker  ( 1498): libOMX.ffmpeg.audio.decoder.so: unused DT entry: type 0x6fffffff arg 0x3
D/OMX_CORE( 1498): OMX_GetHandle :: load  libOMX.ffmpeg.audio.decoder.so ok
D/OMX_ADEC( 1498): run in component_init
I/OMX_ADEC( 1498): Init OMX component OMX.ffmpeg.audio.decoder
D/OMX_ADEC( 1498): set_callbacks
D/OMX_ADEC( 1498): get_state is 0x1
D/OMX_ADEC( 1498): component_deinit
W/OMXNodeInstance( 1498): [14:google.mpeg4.decoder] component does not support metadata mode; using fallback
W/OMXNodeInstance( 1498): [15:google.h263.decoder] component does not support metadata mode; using fallback
W/OMXNodeInstance( 1498): [16:google.h264.decoder] component does not support metadata mode; using fallback
W/OMXNodeInstance( 1498): [17:google.vp8.decoder] component does not support metadata mode; using fallback
W/OMXNodeInstance( 1498): [18:google.vp9.decoder] component does not support metadata mode; using fallback
D/OMX_CORE( 1498): OMX_GetHandle :: enter!
D/OMX_CORE( 1498): OMX_GetHandle :: component name:OMX.montage.video.encoder !
D/OMX_CORE( 1498): OMX_GetHandle :: prepare to load  libOMX.montage.video.encoder.so
D/OMX_CORE( 1498): OMX_GetHandle :: load  libOMX.montage.video.encoder.so ok
E/MT_OMXVENC( 1498): compname:  OMX.montage.video.encoder not match 
E/OMX_CORE( 1498): OMX_GetHandle :: OMX_ComponentInit failed 0x80001005
E/OMX     ( 1498): FAILED to allocate omx component 'OMX.montage.video.encoder'
I/SoftMPEG4Encoder( 1498): Construct SoftMPEG4Encoder
W/ACodec  ( 1498): do not know color format 0x7f000789 = 2130708361
W/ACodec  ( 1498): do not know color format 0x7f000789 = 2130708361
W/MediaCodecList( 1498): Component OMX.montage.video.encoder does not support any type of media?
D/OMX_CORE( 1498): OMX_GetHandle :: enter!
D/OMX_CORE( 1498): OMX_GetHandle :: component name:OMX.montage.video.decoder !
D/OMX_CORE( 1498): OMX_GetHandle :: prepare to load  libOMX.montage.video.decoder.so
D/OMX_CORE( 1498): OMX_GetHandle :: load  libOMX.montage.video.decoder.so ok
D/MT_OMXVDEC( 1498): Init OMX component OMX.montage.video.decoder
D/OMX_CORE( 1498): OMX_GetHandle :: enter!
D/OMX_CORE( 1498): OMX_GetHandle :: component name:OMX.ffmpeg.audio.decoder !
D/OMX_CORE( 1498): OMX_GetHandle :: prepare to load  libOMX.ffmpeg.audio.decoder.so
W/linker  ( 1498): libOMX.ffmpeg.audio.decoder.so: unused DT entry: type 0x6ffffffe arg 0x974
W/linker  ( 1498): libOMX.ffmpeg.audio.decoder.so: unused DT entry: type 0x6fffffff arg 0x3
D/OMX_CORE( 1498): OMX_GetHandle :: load  libOMX.ffmpeg.audio.decoder.so ok
D/OMX_ADEC( 1498): run in component_init
I/OMX_ADEC( 1498): Init OMX component OMX.ffmpeg.audio.decoder
D/OMX_ADEC( 1498): set_callbacks
E/MT_OMXVDEC( 1498): get_extension_index: OMX.google.android.index.storeMetaDataInBuffers not implemented!
E/OMXNodeInstance( 1498): getExtensionIndex(1f:montage.decoder, OMX.google.android.index.storeMetaDataInBuffers) ERROR: NotImplemented(0x80001006)
E/ACodec  ( 1498): [OMX.montage.video.decoder] storeMetaDataInBuffers failed w/ err -2147483648
D/OMX_ADEC( 1498): set_parameter, para_index 0x1000017
D/OMX_ADEC( 1498): name audio_decoder.mp3
D/OMX_ADEC( 1498): set name acodec_list[i].role_nameaudio_decoder.mp3
D/OMX_ADEC( 1498): get_parameter, para_index 0x2000001
D/OMX_ADEC( 1498): get para   IndexParamPortDefinition, index 1
D/OMX_ADEC( 1498): set_parameter, para_index 0x2000001
D/OMX_ADEC( 1498): get_parameter, para_index 0x4000002
D/OMX_ADEC( 1498): get para OMX_IndexParamAudioPcm, index 1
D/OMX_ADEC( 1498): set_parameter, para_index 0x4000002
D/OMX_ADEC( 1498): set para IndexParamAudioPcm index 1
D/OMX_ADEC( 1498): get_parameter, para_index 0x2000001
D/OMX_ADEC( 1498): get para   IndexParamPortDefinition, index 0
D/OMX_ADEC( 1498): get_parameter, para_index 0x4000005
D/OMX_ADEC( 1498): get para IndexParamAudioMp3, index 0
D/OMX_ADEC( 1498): get_parameter, para_index 0x2000001
D/OMX_ADEC( 1498): get para   IndexParamPortDefinition, index 1
D/OMX_ADEC( 1498): get_parameter, para_index 0x4000002
D/OMX_ADEC( 1498): get para OMX_IndexParamAudioPcm, index 1
D/OMX_ADEC( 1498): send_command, cmd 0, para1 2
D/OMX_ADEC( 1498): cmd OMX_CommandStateSet
D/OMX_ADEC( 1498): state change, 0x1 -> 0x2
D/OMX_ADEC( 1498): internal_prepare pcompriv 0xb580e800
D/OMX_ADEC( 1498): get_parameter, para_index 0x2000001
D/OMX_ADEC( 1498): get para   IndexParamPortDefinition, index 0
D/OMX_ADEC( 1498): get_parameter, para_index 0x2000001
D/OMX_ADEC( 1498): get para   IndexParamPortDefinition, index 1
D/OMX_ADEC( 1498): send_command, cmd 0, para1 3
D/OMX_ADEC( 1498): cmd OMX_CommandStateSet
D/OMX_ADEC( 1498): state change, 0x2 -> 0x3
D/OMX_ADEC( 1498): internal_start pcompriv 0xb580e800
D/OMX_ADEC( 1498): mp3
D/MT_OMXVDEC( 1498): [OmxState] Loaded --> Idle_Pending
I/OMX_ADEC( 1498): in size 384, in pts 0
D/OMX_ADEC( 1498): expected output format: mOutSampleFormat = 1, mOutChannels = 2, mOutSampleRate = 44100, informat = 6, in channel = 2, in samplerate = 48000
E/MT_OMXVDEC( 1498): set_parameter: setted buf cnt too big! max: 6
E/OMXNodeInstance( 1498): setParameter(1f:montage.decoder, ParamPortDefinition(0x2000001)) ERROR: Undefined(0x80001001)
W/ACodec  ( 1498): [OMX.montage.video.decoder] setting nBufferCountActual to 8 failed: -2147483648
E/MT_OMXVDEC( 1498): set_parameter: setted buf cnt too big! max: 6
E/OMXNodeInstance( 1498): setParameter(1f:montage.decoder, ParamPortDefinition(0x2000001)) ERROR: Undefined(0x80001001)
W/ACodec  ( 1498): [OMX.montage.video.decoder] setting nBufferCountActual to 7 failed: -2147483648
D/MT_OMXVDEC( 1498): [OmxState] Idle_Pending --> Idle
D/MT_OMXVDEC( 1498): [OmxState] Idle --> Executing_Pending
D/MT_OMXVDEC( 1498): [OmxState] Execute_Pending --> Executing
D/OMX_ADEC( 1498): get_parameter, para_index 0x2000001
D/OMX_ADEC( 1498): get para   IndexParamPortDefinition, index 1
D/OMX_ADEC( 1498): get_parameter, para_index 0x4000002
D/OMX_ADEC( 1498): get para OMX_IndexParamAudioPcm, index 1
I/OMX_ADEC( 1498): in size 384, in pts 24000
W/MediaPlayer( 2655): info/warning (3, 0)
I/OMX_ADEC( 1498): in size 384, in pts 48000
I/OMX_ADEC( 1498): in size 384, in pts 72000
I/OMX_ADEC( 1498): in size 384, in pts 96000
I/OMX_ADEC( 1498): in size 384, in pts 120000
I/OMX_ADEC( 1498): in size 384, in pts 144000
W/audio_hw_primary( 1498): out_write() limiting sleep time 58049 to 23219
I/OMX_ADEC( 1498): in size 384, in pts 168000
I/OMX_ADEC( 1498): in size 384, in pts 192000
W/audio_hw_primary( 1498): out_write() limiting sleep time 46439 to 23219
I/OMX_ADEC( 1498): in size 384, in pts 216000
I/OMX_ADEC( 1498): in size 384, in pts 240000
W/audio_hw_primary( 1498): out_write() limiting sleep time 34829 to 23219
I/OMX_ADEC( 1498): in size 384, in pts 264000
I/OMX_ADEC( 1498): in size 384, in pts 288000
I/OMX_ADEC( 1498): in size 384, in pts 312000
I/OMX_ADEC( 1498): in size 384, in pts 336000
I/OMX_ADEC( 1498): in size 384, in pts 360000
I/OMX_ADEC( 1498): in size 384, in pts 384000
I/OMX_ADEC( 1498): in size 384, in pts 408000
I/OMX_ADEC( 1498): in size 384, in pts 432000
I/OMX_ADEC( 1498): in size 384, in pts 456000
I/OMX_ADEC( 1498): in size 384, in pts 480000
I/OMX_ADEC( 1498): in size 384, in pts 504000
I/OMX_ADEC( 1498): in size 384, in pts 528000
I/OMX_ADEC( 1498): in size 384, in pts 552000
I/OMX_ADEC( 1498): in size 384, in pts 576000
I/OMX_ADEC( 1498): in size 384, in pts 600000
I/OMX_ADEC( 1498): in size 384, in pts 624000
I/OMX_ADEC( 1498): in size 384, in pts 648000
I/OMX_ADEC( 1498): in size 384, in pts 672000
I/OMX_ADEC( 1498): in size 384, in pts 696000
I/OMX_ADEC( 1498): in size 384, in pts 720000
I/OMX_ADEC( 1498): in size 384, in pts 744000
I/OMX_ADEC( 1498): in size 384, in pts 768000
I/OMX_ADEC( 1498): in size 384, in pts 792000
I/OMX_ADEC( 1498): in size 384, in pts 816000
I/OMX_ADEC( 1498): in size 384, in pts 840000
I/OMX_ADEC( 1498): in size 384, in pts 864000
I/OMX_ADEC( 1498): in size 384, in pts 888000
I/OMX_ADEC( 1498): in size 384, in pts 912000
I/OMX_ADEC( 1498): in size 384, in pts 936000
I/OMX_ADEC( 1498): in size 384, in pts 960000
I/OMX_ADEC( 1498): in size 384, in pts 984000
I/OMX_ADEC( 1498): in size 384, in pts 1008000
I/OMX_ADEC( 1498): in size 384, in pts 1032000
I/OMX_ADEC( 1498): in size 384, in pts 1056000
I/OMX_ADEC( 1498): in size 384, in pts 1080000
I/OMX_ADEC( 1498): in size 384, in pts 1104000
I/OMX_ADEC( 1498): in size 384, in pts 1128000
I/OMX_ADEC( 1498): in size 384, in pts 1152000
I/OMX_ADEC( 1498): in size 384, in pts 1176000
I/OMX_ADEC( 1498): in size 384, in pts 1200000
I/OMX_ADEC( 1498): in size 384, in pts 1224000
I/OMX_ADEC( 1498): in size 384, in pts 1248000
I/OMX_ADEC( 1498): in size 384, in pts 1272000
I/OMX_ADEC( 1498): in size 384, in pts 1296000
I/OMX_ADEC( 1498): in size 384, in pts 1320000
I/OMX_ADEC( 1498): in size 384, in pts 1344000
I/OMX_ADEC( 1498): in size 384, in pts 1368000
I/OMX_ADEC( 1498): in size 384, in pts 1392000
I/OMX_ADEC( 1498): in size 384, in pts 1416000
I/OMX_ADEC( 1498): in size 384, in pts 1440000
I/OMX_ADEC( 1498): in size 384, in pts 1464000
I/OMX_ADEC( 1498): in size 384, in pts 1488000
I/OMX_ADEC( 1498): in size 384, in pts 1512000
I/OMX_ADEC( 1498): in size 384, in pts 1536000
I/OMX_ADEC( 1498): in size 384, in pts 1560000
I/OMX_ADEC( 1498): in size 384, in pts 1584000
I/OMX_ADEC( 1498): in size 384, in pts 1608000
I/OMX_ADEC( 1498): in size 384, in pts 1632000
I/OMX_ADEC( 1498): in size 384, in pts 1656000
I/OMX_ADEC( 1498): in size 384, in pts 1680000
I/OMX_ADEC( 1498): in size 384, in pts 1704000
I/OMX_ADEC( 1498): in size 384, in pts 1728000
I/OMX_ADEC( 1498): in size 384, in pts 1752000
I/OMX_ADEC( 1498): in size 384, in pts 1776000
I/OMX_ADEC( 1498): in size 384, in pts 1800000
I/OMX_ADEC( 1498): in size 384, in pts 1824000
I/OMX_ADEC( 1498): in size 384, in pts 1848000
I/OMX_ADEC( 1498): in size 384, in pts 1872000
I/OMX_ADEC( 1498): in size 384, in pts 1896000
I/OMX_ADEC( 1498): in size 384, in pts 1920000
I/OMX_ADEC( 1498): in size 384, in pts 1944000
I/OMX_ADEC( 1498): in size 384, in pts 1968000
I/OMX_ADEC( 1498): in size 384, in pts 1992000
I/OMX_ADEC( 1498): in size 384, in pts 2016000
I/OMX_ADEC( 1498): in size 384, in pts 2040000
I/OMX_ADEC( 1498): in size 384, in pts 2064000
I/OMX_ADEC( 1498): in size 384, in pts 2088000
I/OMX_ADEC( 1498): in size 384, in pts 2112000
I/OMX_ADEC( 1498): in size 384, in pts 2136000
I/OMX_ADEC( 1498): in size 384, in pts 2160000
I/OMX_ADEC( 1498): in size 384, in pts 2184000
I/OMX_ADEC( 1498): in size 384, in pts 2208000
I/OMX_ADEC( 1498): in size 384, in pts 2232000
I/OMX_ADEC( 1498): in size 384, in pts 2256000
I/OMX_ADEC( 1498): in size 384, in pts 2280000
I/OMX_ADEC( 1498): in size 384, in pts 2304000
I/OMX_ADEC( 1498): in size 384, in pts 2328000
I/OMX_ADEC( 1498): in size 384, in pts 2352000
I/OMX_ADEC( 1498): in size 384, in pts 2376000
I/OMX_ADEC( 1498): in size 384, in pts 2400000
I/OMX_ADEC( 1498): in size 384, in pts 2424000
I/OMX_ADEC( 1498): in size 384, in pts 2448000
I/OMX_ADEC( 1498): in size 384, in pts 2472000
I/OMX_ADEC( 1498): in size 384, in pts 2496000
I/OMX_ADEC( 1498): in size 384, in pts 2520000
I/OMX_ADEC( 1498): in size 384, in pts 2544000
I/OMX_ADEC( 1498): in size 384, in pts 2568000
I/OMX_ADEC( 1498): in size 384, in pts 2592000
I/OMX_ADEC( 1498): in size 384, in pts 2616000
I/OMX_ADEC( 1498): in size 384, in pts 2640000
I/OMX_ADEC( 1498): in size 384, in pts 2664000
I/OMX_ADEC( 1498): in size 384, in pts 2688000
I/OMX_ADEC( 1498): in size 384, in pts 2712000
I/OMX_ADEC( 1498): in size 384, in pts 2736000
I/OMX_ADEC( 1498): in size 384, in pts 2760000
I/OMX_ADEC( 1498): in size 384, in pts 2784000
I/OMX_ADEC( 1498): in size 384, in pts 2808000
I/OMX_ADEC( 1498): in size 384, in pts 2832000
I/OMX_ADEC( 1498): in size 384, in pts 2856000
I/OMX_ADEC( 1498): in size 384, in pts 2880000
I/OMX_ADEC( 1498): in size 384, in pts 2904000
I/OMX_ADEC( 1498): in size 384, in pts 2928000
I/OMX_ADEC( 1498): in size 384, in pts 2952000
I/OMX_ADEC( 1498): in size 384, in pts 2976000
I/OMX_ADEC( 1498): in size 384, in pts 3000000
I/OMX_ADEC( 1498): in size 384, in pts 3024000
I/OMX_ADEC( 1498): in size 384, in pts 3048000
I/OMX_ADEC( 1498): in size 384, in pts 3072000
I/OMX_ADEC( 1498): in size 384, in pts 3096000
I/OMX_ADEC( 1498): in size 384, in pts 3120000
I/OMX_ADEC( 1498): in size 384, in pts 3144000
I/OMX_ADEC( 1498): in size 384, in pts 3168000
I/OMX_ADEC( 1498): in size 384, in pts 3192000
I/OMX_ADEC( 1498): in size 384, in pts 3216000
I/OMX_ADEC( 1498): in size 384, in pts 3240000
I/OMX_ADEC( 1498): in size 384, in pts 3264000
I/OMX_ADEC( 1498): in size 384, in pts 3288000
I/OMX_ADEC( 1498): in size 384, in pts 3312000
I/OMX_ADEC( 1498): in size 384, in pts 3336000
I/OMX_ADEC( 1498): in size 384, in pts 3360000
I/OMX_ADEC( 1498): in size 384, in pts 3384000
I/OMX_ADEC( 1498): in size 384, in pts 3408000
I/OMX_ADEC( 1498): in size 384, in pts 3432000
I/OMX_ADEC( 1498): in size 384, in pts 3456000
I/OMX_ADEC( 1498): in size 384, in pts 3480000
I/OMX_ADEC( 1498): in size 384, in pts 3504000
I/OMX_ADEC( 1498): in size 384, in pts 3528000
I/OMX_ADEC( 1498): in size 384, in pts 3552000
I/OMX_ADEC( 1498): in size 384, in pts 3576000
I/OMX_ADEC( 1498): in size 384, in pts 3600000
I/OMX_ADEC( 1498): in size 384, in pts 3624000
I/OMX_ADEC( 1498): in size 384, in pts 3648000
I/OMX_ADEC( 1498): in size 384, in pts 3672000
I/OMX_ADEC( 1498): in size 384, in pts 3696000
I/OMX_ADEC( 1498): in size 384, in pts 3720000
I/OMX_ADEC( 1498): in size 384, in pts 3744000
I/OMX_ADEC( 1498): in size 384, in pts 3768000
I/OMX_ADEC( 1498): in size 384, in pts 3792000
I/OMX_ADEC( 1498): in size 384, in pts 3816000
I/OMX_ADEC( 1498): in size 384, in pts 3840000
I/OMX_ADEC( 1498): in size 384, in pts 3864000
I/OMX_ADEC( 1498): in size 384, in pts 3888000
I/OMX_ADEC( 1498): in size 384, in pts 3912000
I/OMX_ADEC( 1498): in size 384, in pts 3936000
I/OMX_ADEC( 1498): in size 384, in pts 3960000
I/OMX_ADEC( 1498): in size 384, in pts 3984000
I/OMX_ADEC( 1498): in size 384, in pts 4008000
I/OMX_ADEC( 1498): in size 384, in pts 4032000
I/OMX_ADEC( 1498): in size 384, in pts 4056000
I/OMX_ADEC( 1498): in size 384, in pts 4080000
I/OMX_ADEC( 1498): in size 384, in pts 4104000
I/OMX_ADEC( 1498): in size 384, in pts 4128000
I/OMX_ADEC( 1498): in size 384, in pts 4152000
I/OMX_ADEC( 1498): in size 384, in pts 4176000
I/OMX_ADEC( 1498): in size 384, in pts 4200000
I/OMX_ADEC( 1498): in size 384, in pts 4224000
I/OMX_ADEC( 1498): in size 384, in pts 4248000
I/OMX_ADEC( 1498): in size 384, in pts 4272000
I/OMX_ADEC( 1498): in size 384, in pts 4296000
I/OMX_ADEC( 1498): in size 384, in pts 4320000
I/OMX_ADEC( 1498): in size 384, in pts 4344000
I/OMX_ADEC( 1498): in size 384, in pts 4368000
I/OMX_ADEC( 1498): in size 384, in pts 4392000
I/OMX_ADEC( 1498): in size 384, in pts 4416000
I/OMX_ADEC( 1498): in size 384, in pts 4440000
I/OMX_ADEC( 1498): in size 384, in pts 4464000
I/OMX_ADEC( 1498): in size 384, in pts 4488000
I/OMX_ADEC( 1498): in size 384, in pts 4512000
I/OMX_ADEC( 1498): in size 384, in pts 4536000
I/OMX_ADEC( 1498): in size 384, in pts 4560000
I/OMX_ADEC( 1498): in size 384, in pts 4584000
I/OMX_ADEC( 1498): in size 384, in pts 4608000
I/OMX_ADEC( 1498): in size 384, in pts 4632000
I/OMX_ADEC( 1498): in size 384, in pts 4656000
I/OMX_ADEC( 1498): in size 384, in pts 4680000
I/OMX_ADEC( 1498): in size 384, in pts 4704000
I/OMX_ADEC( 1498): in size 384, in pts 4728000
I/OMX_ADEC( 1498): in size 384, in pts 4752000
I/OMX_ADEC( 1498): in size 384, in pts 4776000
I/OMX_ADEC( 1498): in size 384, in pts 4800000
I/OMX_ADEC( 1498): in size 384, in pts 4824000
I/OMX_ADEC( 1498): in size 384, in pts 4848000
I/OMX_ADEC( 1498): in size 384, in pts 4872000
I/OMX_ADEC( 1498): in size 384, in pts 4896000
I/OMX_ADEC( 1498): in size 384, in pts 4920000
I/OMX_ADEC( 1498): in size 384, in pts 4944000
I/OMX_ADEC( 1498): in size 384, in pts 4968000
I/OMX_ADEC( 1498): in size 384, in pts 4992000
I/OMX_ADEC( 1498): in size 384, in pts 5016000
I/OMX_ADEC( 1498): in size 384, in pts 5040000
I/OMX_ADEC( 1498): in size 384, in pts 5064000
I/OMX_ADEC( 1498): in size 384, in pts 5088000
I/OMX_ADEC( 1498): in size 384, in pts 5112000
I/OMX_ADEC( 1498): in size 384, in pts 5136000
I/OMX_ADEC( 1498): in size 384, in pts 5160000
I/OMX_ADEC( 1498): in size 384, in pts 5184000
I/OMX_ADEC( 1498): in size 384, in pts 5208000
I/OMX_ADEC( 1498): in size 384, in pts 5232000
I/OMX_ADEC( 1498): in size 384, in pts 5256000
I/OMX_ADEC( 1498): in size 384, in pts 5280000
I/OMX_ADEC( 1498): in size 384, in pts 5304000
I/OMX_ADEC( 1498): in size 384, in pts 5328000
I/OMX_ADEC( 1498): in size 384, in pts 5352000
I/OMX_ADEC( 1498): in size 384, in pts 5376000
I/OMX_ADEC( 1498): in size 384, in pts 5400000
I/OMX_ADEC( 1498): in size 384, in pts 5424000
I/OMX_ADEC( 1498): in size 384, in pts 5448000
I/OMX_ADEC( 1498): in size 384, in pts 5472000
I/OMX_ADEC( 1498): in size 384, in pts 5496000
I/OMX_ADEC( 1498): in size 384, in pts 5520000
I/OMX_ADEC( 1498): in size 384, in pts 5544000
I/OMX_ADEC( 1498): in size 384, in pts 5568000
I/OMX_ADEC( 1498): in size 384, in pts 5592000
W/InputEventReceiver( 1877): Attempted to finish an input event but the input event receiver has already been disposed.
W/InputEventReceiver( 1877): Attempted to finish an input event but the input event receiver has already been disposed.
I/OMX_ADEC( 1498): in size 384, in pts 5616000
I/OMX_ADEC( 1498): in size 384, in pts 5640000
I/OMX_ADEC( 1498): in size 384, in pts 5664000
I/OMX_ADEC( 1498): in size 384, in pts 5688000
I/OMX_ADEC( 1498): in size 384, in pts 5712000
I/OMX_ADEC( 1498): in size 384, in pts 5736000
I/OMX_ADEC( 1498): in size 384, in pts 5760000
I/OMX_ADEC( 1498): in size 384, in pts 5784000
I/OMX_ADEC( 1498): in size 384, in pts 5808000
I/OMX_ADEC( 1498): in size 384, in pts 5832000
I/OMX_ADEC( 1498): in size 384, in pts 5856000
I/OMX_ADEC( 1498): in size 384, in pts 5880000
I/OMX_ADEC( 1498): in size 384, in pts 5904000
I/OMX_ADEC( 1498): in size 384, in pts 5928000
I/OMX_ADEC( 1498): in size 384, in pts 5952000
I/OMX_ADEC( 1498): in size 384, in pts 5976000
I/OMX_ADEC( 1498): in size 384, in pts 6000000
I/OMX_ADEC( 1498): in size 384, in pts 6024000
I/OMX_ADEC( 1498): in size 384, in pts 6048000
I/OMX_ADEC( 1498): in size 384, in pts 6072000
I/OMX_ADEC( 1498): in size 384, in pts 6096000
I/OMX_ADEC( 1498): in size 384, in pts 6120000
I/OMX_ADEC( 1498): in size 384, in pts 6144000
I/NuCachedSource2( 1498): Cache full, done prefetching for now
I/OMX_ADEC( 1498): in size 384, in pts 6168000
I/OMX_ADEC( 1498): in size 384, in pts 6192000
I/OMX_ADEC( 1498): in size 384, in pts 6216000
I/OMX_ADEC( 1498): in size 384, in pts 6240000
I/OMX_ADEC( 1498): in size 384, in pts 6264000
I/OMX_ADEC( 1498): in size 384, in pts 6288000
I/OMX_ADEC( 1498): in size 384, in pts 6312000
I/OMX_ADEC( 1498): in size 384, in pts 6336000
I/OMX_ADEC( 1498): in size 384, in pts 6360000
I/OMX_ADEC( 1498): in size 384, in pts 6384000
I/OMX_ADEC( 1498): in size 384, in pts 6408000
I/OMX_ADEC( 1498): in size 384, in pts 6432000
I/OMX_ADEC( 1498): in size 384, in pts 6456000
I/OMX_ADEC( 1498): in size 384, in pts 6480000
I/OMX_ADEC( 1498): in size 384, in pts 6504000
I/OMX_ADEC( 1498): in size 384, in pts 6528000
I/OMX_ADEC( 1498): in size 384, in pts 6552000
I/OMX_ADEC( 1498): in size 384, in pts 6576000
I/OMX_ADEC( 1498): in size 384, in pts 6600000
I/OMX_ADEC( 1498): in size 384, in pts 6624000
I/OMX_ADEC( 1498): in size 384, in pts 6648000
I/OMX_ADEC( 1498): in size 384, in pts 6672000
I/OMX_ADEC( 1498): in size 384, in pts 6696000
I/OMX_ADEC( 1498): in size 384, in pts 6720000
I/OMX_ADEC( 1498): in size 384, in pts 6744000
I/OMX_ADEC( 1498): in size 384, in pts 6768000
I/OMX_ADEC( 1498): in size 384, in pts 6792000
I/OMX_ADEC( 1498): in size 384, in pts 6816000
I/OMX_ADEC( 1498): in size 384, in pts 6840000
I/OMX_ADEC( 1498): in size 384, in pts 6864000
I/OMX_ADEC( 1498): in size 384, in pts 6888000
I/OMX_ADEC( 1498): in size 384, in pts 6912000
I/OMX_ADEC( 1498): in size 384, in pts 6936000
I/OMX_ADEC( 1498): in size 384, in pts 6960000
I/OMX_ADEC( 1498): in size 384, in pts 6984000
I/OMX_ADEC( 1498): in size 384, in pts 7008000
I/OMX_ADEC( 1498): in size 384, in pts 7032000
I/OMX_ADEC( 1498): in size 384, in pts 7056000
I/OMX_ADEC( 1498): in size 384, in pts 7080000
I/OMX_ADEC( 1498): in size 384, in pts 7104000
I/OMX_ADEC( 1498): in size 384, in pts 7128000
I/OMX_ADEC( 1498): in size 384, in pts 7152000
I/OMX_ADEC( 1498): in size 384, in pts 7176000
I/OMX_ADEC( 1498): in size 384, in pts 7200000
I/OMX_ADEC( 1498): in size 384, in pts 7224000
I/OMX_ADEC( 1498): in size 384, in pts 7248000
I/OMX_ADEC( 1498): in size 384, in pts 7272000
I/OMX_ADEC( 1498): in size 384, in pts 7296000
I/OMX_ADEC( 1498): in size 384, in pts 7320000
I/OMX_ADEC( 1498): in size 384, in pts 7344000
I/OMX_ADEC( 1498): in size 384, in pts 7368000
I/OMX_ADEC( 1498): in size 384, in pts 7392000
I/OMX_ADEC( 1498): in size 384, in pts 7416000
I/OMX_ADEC( 1498): in size 384, in pts 7440000
I/OMX_ADEC( 1498): in size 384, in pts 7464000
I/OMX_ADEC( 1498): in size 384, in pts 7488000
I/OMX_ADEC( 1498): in size 384, in pts 7512000
I/OMX_ADEC( 1498): in size 384, in pts 7536000
I/OMX_ADEC( 1498): in size 384, in pts 7560000
I/OMX_ADEC( 1498): in size 384, in pts 7584000
I/OMX_ADEC( 1498): in size 384, in pts 7608000
I/OMX_ADEC( 1498): in size 384, in pts 7632000
I/OMX_ADEC( 1498): in size 384, in pts 7656000
I/OMX_ADEC( 1498): in size 384, in pts 7680000
I/OMX_ADEC( 1498): in size 384, in pts 7704000
I/OMX_ADEC( 1498): in size 384, in pts 7728000
I/OMX_ADEC( 1498): in size 384, in pts 7752000
I/OMX_ADEC( 1498): in size 384, in pts 7776000
I/OMX_ADEC( 1498): in size 384, in pts 7800000
I/OMX_ADEC( 1498): in size 384, in pts 7824000
I/OMX_ADEC( 1498): in size 384, in pts 7848000
I/OMX_ADEC( 1498): in size 384, in pts 7872000
I/OMX_ADEC( 1498): in size 384, in pts 7896000
I/OMX_ADEC( 1498): in size 384, in pts 7920000
I/OMX_ADEC( 1498): in size 384, in pts 7944000
I/OMX_ADEC( 1498): in size 384, in pts 7968000
I/OMX_ADEC( 1498): in size 384, in pts 7992000
I/OMX_ADEC( 1498): in size 384, in pts 8016000
I/OMX_ADEC( 1498): in size 384, in pts 8040000
I/OMX_ADEC( 1498): in size 384, in pts 8064000
I/OMX_ADEC( 1498): in size 384, in pts 8088000
I/OMX_ADEC( 1498): in size 384, in pts 8112000
I/OMX_ADEC( 1498): in size 384, in pts 8136000
I/OMX_ADEC( 1498): in size 384, in pts 8160000
I/OMX_ADEC( 1498): in size 384, in pts 8184000
I/OMX_ADEC( 1498): in size 384, in pts 8208000
I/OMX_ADEC( 1498): in size 384, in pts 8232000
I/OMX_ADEC( 1498): in size 384, in pts 8256000
I/OMX_ADEC( 1498): in size 384, in pts 8280000
I/OMX_ADEC( 1498): in size 384, in pts 8304000
I/OMX_ADEC( 1498): in size 384, in pts 8328000
I/OMX_ADEC( 1498): in size 384, in pts 8352000
I/OMX_ADEC( 1498): in size 384, in pts 8376000
I/OMX_ADEC( 1498): in size 384, in pts 8400000
I/OMX_ADEC( 1498): in size 384, in pts 8424000
I/OMX_ADEC( 1498): in size 384, in pts 8448000
I/OMX_ADEC( 1498): in size 384, in pts 8472000
I/OMX_ADEC( 1498): in size 384, in pts 8496000
I/OMX_ADEC( 1498): in size 384, in pts 8520000
I/OMX_ADEC( 1498): in size 384, in pts 8544000
I/OMX_ADEC( 1498): in size 384, in pts 8568000
I/OMX_ADEC( 1498): in size 384, in pts 8592000
I/OMX_ADEC( 1498): in size 384, in pts 8616000
I/OMX_ADEC( 1498): in size 384, in pts 8640000
I/OMX_ADEC( 1498): in size 384, in pts 8664000
I/OMX_ADEC( 1498): in size 384, in pts 8688000
I/OMX_ADEC( 1498): in size 384, in pts 8712000
I/OMX_ADEC( 1498): in size 384, in pts 8736000
I/OMX_ADEC( 1498): in size 384, in pts 8760000
I/OMX_ADEC( 1498): in size 384, in pts 8784000
I/OMX_ADEC( 1498): in size 384, in pts 8808000
I/OMX_ADEC( 1498): in size 384, in pts 8832000
I/OMX_ADEC( 1498): in size 384, in pts 8856000
I/OMX_ADEC( 1498): in size 384, in pts 8880000
I/OMX_ADEC( 1498): in size 384, in pts 8904000
I/OMX_ADEC( 1498): in size 384, in pts 8928000
I/OMX_ADEC( 1498): in size 384, in pts 8952000
I/OMX_ADEC( 1498): in size 384, in pts 8976000
I/OMX_ADEC( 1498): in size 384, in pts 9000000
I/OMX_ADEC( 1498): in size 384, in pts 9024000
I/OMX_ADEC( 1498): in size 384, in pts 9048000
I/OMX_ADEC( 1498): in size 384, in pts 9072000
I/OMX_ADEC( 1498): in size 384, in pts 9096000
I/OMX_ADEC( 1498): in size 384, in pts 9120000
I/OMX_ADEC( 1498): in size 384, in pts 9144000
I/OMX_ADEC( 1498): in size 384, in pts 9168000
I/OMX_ADEC( 1498): in size 384, in pts 9192000
I/OMX_ADEC( 1498): in size 384, in pts 9216000
I/OMX_ADEC( 1498): in size 384, in pts 9240000
I/OMX_ADEC( 1498): in size 384, in pts 9264000
I/OMX_ADEC( 1498): in size 384, in pts 9288000
I/OMX_ADEC( 1498): in size 384, in pts 9312000
I/OMX_ADEC( 1498): in size 384, in pts 9336000
I/OMX_ADEC( 1498): in size 384, in pts 9360000
I/OMX_ADEC( 1498): in size 384, in pts 9384000
I/OMX_ADEC( 1498): in size 384, in pts 9408000
I/OMX_ADEC( 1498): in size 384, in pts 9432000
I/OMX_ADEC( 1498): in size 384, in pts 9456000
I/OMX_ADEC( 1498): in size 384, in pts 9480000
I/OMX_ADEC( 1498): in size 384, in pts 9504000
I/OMX_ADEC( 1498): in size 384, in pts 9528000
I/OMX_ADEC( 1498): in size 384, in pts 9552000
I/OMX_ADEC( 1498): in size 384, in pts 9576000
I/OMX_ADEC( 1498): in size 384, in pts 9600000
I/OMX_ADEC( 1498): in size 384, in pts 9624000
I/OMX_ADEC( 1498): in size 384, in pts 9648000
I/OMX_ADEC( 1498): in size 384, in pts 9672000
I/OMX_ADEC( 1498): in size 384, in pts 9696000
I/OMX_ADEC( 1498): in size 384, in pts 9720000
I/OMX_ADEC( 1498): in size 384, in pts 9744000
I/OMX_ADEC( 1498): in size 384, in pts 9768000
I/OMX_ADEC( 1498): in size 384, in pts 9792000
I/OMX_ADEC( 1498): in size 384, in pts 9816000
I/OMX_ADEC( 1498): in size 384, in pts 9840000
I/OMX_ADEC( 1498): in size 384, in pts 9864000
I/OMX_ADEC( 1498): in size 384, in pts 9888000
I/OMX_ADEC( 1498): in size 384, in pts 9912000
I/OMX_ADEC( 1498): in size 384, in pts 9936000
I/OMX_ADEC( 1498): in size 384, in pts 9960000
I/OMX_ADEC( 1498): in size 384, in pts 9984000
I/OMX_ADEC( 1498): in size 384, in pts 10008000
I/OMX_ADEC( 1498): in size 384, in pts 10032000
I/OMX_ADEC( 1498): in size 384, in pts 10056000
I/OMX_ADEC( 1498): in size 384, in pts 10080000
I/OMX_ADEC( 1498): in size 384, in pts 10104000
I/OMX_ADEC( 1498): in size 384, in pts 10128000
I/OMX_ADEC( 1498): in size 384, in pts 10152000
I/OMX_ADEC( 1498): in size 384, in pts 10176000
I/OMX_ADEC( 1498): in size 384, in pts 10200000
I/OMX_ADEC( 1498): in size 384, in pts 10224000
I/OMX_ADEC( 1498): in size 384, in pts 10248000
I/OMX_ADEC( 1498): in size 384, in pts 10272000
I/OMX_ADEC( 1498): in size 384, in pts 10296000
I/OMX_ADEC( 1498): in size 384, in pts 10320000
I/OMX_ADEC( 1498): in size 384, in pts 10344000
I/OMX_ADEC( 1498): in size 384, in pts 10368000
I/OMX_ADEC( 1498): in size 384, in pts 10392000
I/OMX_ADEC( 1498): in size 384, in pts 10416000
I/OMX_ADEC( 1498): in size 384, in pts 10440000
I/OMX_ADEC( 1498): in size 384, in pts 10464000
I/OMX_ADEC( 1498): in size 384, in pts 10488000
I/OMX_ADEC( 1498): in size 384, in pts 10512000
I/OMX_ADEC( 1498): in size 384, in pts 10536000
I/OMX_ADEC( 1498): in size 384, in pts 10560000
I/OMX_ADEC( 1498): in size 384, in pts 10584000
I/OMX_ADEC( 1498): in size 384, in pts 10608000
I/OMX_ADEC( 1498): in size 384, in pts 10632000
I/OMX_ADEC( 1498): in size 384, in pts 10656000
I/OMX_ADEC( 1498): in size 384, in pts 10680000
I/OMX_ADEC( 1498): in size 384, in pts 10704000
I/OMX_ADEC( 1498): in size 384, in pts 10728000
I/OMX_ADEC( 1498): in size 384, in pts 10752000
I/OMX_ADEC( 1498): in size 384, in pts 10776000
I/OMX_ADEC( 1498): in size 384, in pts 10800000
I/OMX_ADEC( 1498): in size 384, in pts 10824000
I/OMX_ADEC( 1498): in size 384, in pts 10848000
I/OMX_ADEC( 1498): in size 384, in pts 10872000
I/OMX_ADEC( 1498): in size 384, in pts 10896000
I/OMX_ADEC( 1498): in size 384, in pts 10920000
I/OMX_ADEC( 1498): in size 384, in pts 10944000
I/OMX_ADEC( 1498): in size 384, in pts 10968000
I/OMX_ADEC( 1498): in size 384, in pts 10992000
I/OMX_ADEC( 1498): in size 384, in pts 11016000
I/OMX_ADEC( 1498): in size 384, in pts 11040000
I/OMX_ADEC( 1498): in size 384, in pts 11064000
I/OMX_ADEC( 1498): in size 384, in pts 11088000
I/OMX_ADEC( 1498): in size 384, in pts 11112000
I/OMX_ADEC( 1498): in size 384, in pts 11136000
I/OMX_ADEC( 1498): in size 384, in pts 11160000
I/OMX_ADEC( 1498): in size 384, in pts 11184000
I/OMX_ADEC( 1498): in size 384, in pts 11208000
I/OMX_ADEC( 1498): in size 384, in pts 11232000
I/OMX_ADEC( 1498): in size 384, in pts 11256000
I/OMX_ADEC( 1498): in size 384, in pts 11280000
I/OMX_ADEC( 1498): in size 384, in pts 11304000
I/OMX_ADEC( 1498): in size 384, in pts 11328000
I/OMX_ADEC( 1498): in size 384, in pts 11352000
I/OMX_ADEC( 1498): in size 384, in pts 11376000
I/OMX_ADEC( 1498): in size 384, in pts 11400000
I/OMX_ADEC( 1498): in size 384, in pts 11424000
I/OMX_ADEC( 1498): in size 384, in pts 11448000
I/OMX_ADEC( 1498): in size 384, in pts 11472000
I/OMX_ADEC( 1498): in size 384, in pts 11496000
I/OMX_ADEC( 1498): in size 384, in pts 11520000
I/OMX_ADEC( 1498): in size 384, in pts 11544000
I/OMX_ADEC( 1498): in size 384, in pts 11568000
I/OMX_ADEC( 1498): in size 384, in pts 11592000
I/OMX_ADEC( 1498): in size 384, in pts 11616000
I/OMX_ADEC( 1498): in size 384, in pts 11640000
I/OMX_ADEC( 1498): in size 384, in pts 11664000
I/OMX_ADEC( 1498): in size 384, in pts 11688000
I/OMX_ADEC( 1498): in size 384, in pts 11712000
I/OMX_ADEC( 1498): in size 384, in pts 11736000
I/OMX_ADEC( 1498): in size 384, in pts 11760000
I/OMX_ADEC( 1498): in size 384, in pts 11784000
I/OMX_ADEC( 1498): in size 384, in pts 11808000
I/OMX_ADEC( 1498): in size 384, in pts 11832000
I/OMX_ADEC( 1498): in size 384, in pts 11856000
I/OMX_ADEC( 1498): in size 384, in pts 11880000
I/OMX_ADEC( 1498): in size 384, in pts 11904000
I/OMX_ADEC( 1498): in size 384, in pts 11928000
I/OMX_ADEC( 1498): in size 384, in pts 11952000
I/OMX_ADEC( 1498): in size 384, in pts 11976000
I/OMX_ADEC( 1498): in size 384, in pts 12000000
I/OMX_ADEC( 1498): in size 384, in pts 12024000
I/OMX_ADEC( 1498): in size 384, in pts 12048000
I/OMX_ADEC( 1498): in size 384, in pts 12072000
I/OMX_ADEC( 1498): in size 384, in pts 12096000
I/OMX_ADEC( 1498): in size 384, in pts 12120000
I/OMX_ADEC( 1498): in size 384, in pts 12144000
I/OMX_ADEC( 1498): in size 384, in pts 12168000
I/OMX_ADEC( 1498): in size 384, in pts 12192000
I/OMX_ADEC( 1498): in size 384, in pts 12216000
I/OMX_ADEC( 1498): in size 384, in pts 12240000
I/OMX_ADEC( 1498): in size 384, in pts 12264000
I/OMX_ADEC( 1498): in size 384, in pts 12288000
I/OMX_ADEC( 1498): in size 384, in pts 12312000
