D/MountService( 1877):     mAllowMassStorage=false mMaxFileSize=0 mOwner=UserHandle{0} mUuid=null 
D/MountService( 1877):     mUserLabel=null mState=null 
I/SystemServer( 1877): LockSettingsService
W/MountService( 1877): Duplicate state transition (unmounted -> unmounted) for /storage/usb2
D/MountService( 1877): volume state changed for /storage/usb4 (unmounted -> removed)
D/MountService( 1877): volume state changed for /storage/usb3 (unmounted -> removed)
I/SystemServiceManager( 1877): Starting com.android.server.devicepolicy.DevicePolicyManagerService$Lifecycle
W/MountService( 1877): getSecureContainerList() called when storage not mounted
I/SystemServer( 1877): Status Bar
I/PackageManager( 1877): No secure containers found
W/PackageManager( 1877): Unknown permission com.google.android.googleapps.permission.GOOGLE_AUTH in package com.android.providers.calendar
W/PackageManager( 1877): Unknown permission com.google.android.googleapps.permission.GOOGLE_AUTH.cl in package com.android.providers.calendar
I/SystemServer( 1877): Clipboard Service
W/PackageManager( 1877): Not granting permission android.permission.GLOBAL_SEARCH to package com.android.quicksearchbox (protectionLevel=18 flags=0x8be45)
W/PackageManager( 1877): Not granting permission android.permission.ACCESS_DOWNLOAD_MANAGER to package com.android.browser (protectionLevel=18 flags=0x9be45)
W/PackageManager( 1877): Not granting permission android.permission.SEND_DOWNLOAD_COMPLETED_INTENTS to package com.android.browser (protectionLevel=2 flags=0x9be45)
I/SystemServer( 1877): NetworkManagement Service
W/PackageManager( 1877): Not granting permission android.permission.BIND_WALLPAPER to package com.android.camera2 (protectionLevel=18 flags=0x58bc45)
W/PackageManager( 1877): Unknown permission com.android.launcher.permission.READ_SETTINGS in package com.android.launcher3
W/PackageManager( 1877): Unknown permission com.android.launcher.permission.WRITE_SETTINGS in package com.android.launcher3
W/PackageManager( 1877): Unknown permission com.google.android.googleapps.permission.GOOGLE_AUTH.mail in package com.android.calendar
W/PackageManager( 1877): Not granting permission android.permission.WRITE_MEDIA_STORAGE to package com.estrongs.android.pop (protectionLevel=18 flags=0x48be44)
W/PackageManager( 1877): Unknown permission android.permission.ACCESS_SUPERUSER in package com.estrongs.android.pop
W/PackageManager( 1877): Unknown permission .PERMISSION in package com.estrongs.android.pop
W/PackageManager( 1877): Not granting permission android.permission.WRITE_MEDIA_STORAGE to package com.montage.droid.mediaPlay (protectionLevel=18 flags=0x8be45)
W/PackageManager( 1877): Unknown permission com.android.launcher.permission.READ_SETTINGS in package com.android.onetimeinitializer
W/PackageManager( 1877): Unknown permission com.android.launcher.permission.WRITE_SETTINGS in package com.android.onetimeinitializer
W/PackageManager( 1877): Not granting permission android.permission.DELETE_PACKAGES to package com.svox.pico (protectionLevel=18 flags=0x8be45)
I/SystemServer( 1877): Text Service Manager Service
W/PackageManager( 1877): Unknown permission com.google.android.googleapps.permission.GOOGLE_AUTH in package com.android.settings
W/PackageManager( 1877): Unknown permission com.android.launcher.permission.READ_SETTINGS in package com.android.settings
W/PackageManager( 1877): Unknown permission com.android.launcher.permission.WRITE_SETTINGS in package com.android.settings
W/PackageManager( 1877): Unknown permission com.android.smspush.WAPPUSH_MANAGER_BIND in package com.android.phone
W/PackageManager( 1877): Not granting permission android.permission.DEVICE_POWER to package com.android.deskclock (protectionLevel=2 flags=0x48be45)
W/PackageManager( 1877): Unknown permission com.google.android.gallery3d.permission.GALLERY_PROVIDER in package com.android.bluetooth
W/PackageManager( 1877): Unknown permission android.permission.MMS_SEND_OUTBOX_MSG in package com.android.bluetooth
W/PackageManager( 1877): Unknown permission com.google.android.googleapps.permission.ACCESS_GOOGLE_PASSWORD in package com.android.development
W/PackageManager( 1877): Unknown permission com.google.android.googleapps.permission.GOOGLE_AUTH in package com.android.development
W/PackageManager( 1877): Unknown permission com.google.android.googleapps.permission.GOOGLE_AUTH.ALL_SERVICES in package com.android.development
W/PackageManager( 1877): Unknown permission com.google.android.googleapps.permission.GOOGLE_AUTH.YouTubeUser in package com.android.development
W/MountService( 1877): getSecureContainerList() called when storage not mounted
I/SystemServer( 1877): Network Score Service
I/SystemServer( 1877): NetworkStats Service
I/SystemServer( 1877): NetworkPolicy Service
I/SystemServiceManager( 1877): Starting com.android.server.wifi.p2p.WifiP2pService
I/WifiP2pService( 1877): Registering wifip2p
I/SystemServiceManager( 1877): Starting com.android.server.wifi.WifiService
E/WifiConfigStore( 1877): associatedPartialScanPeriodMilli set to 20000
D/WifiController( 1877): isAirplaneModeOn = false, isWifiEnabled = false, isScanningAvailable = false
I/WifiService( 1877): Registering wifi
I/SystemServiceManager( 1877): Starting com.android.server.wifi.WifiScanningService
I/WifiScanningService( 1877): Creating wifiscanner
I/WifiScanningService( 1877): Starting wifiscanner
I/SystemServiceManager( 1877): Starting com.android.server.wifi.RttService
I/RttService( 1877): Creating rttmanager
I/RttService( 1877): Starting rttmanager
I/SystemServiceManager( 1877): Starting com.android.server.ethernet.EthernetService
I/EthernetServiceImpl( 1877): Creating EthernetConfigStore
E/IpConfigStore( 1877): Error parsing configuration: java.io.FileNotFoundException: /data/misc/ethernet/ipconfig.txt: open failed: ENOENT (No such file or directory)
W/EthernetConfigStore( 1877): No Ethernet configuration found. Using default.
I/EthernetServiceImpl( 1877): Read stored IP configuration: IP assignment: DHCP
I/EthernetServiceImpl( 1877): Proxy settings: NONE
I/EthernetService( 1877): Registering service ethernet
I/SystemServer( 1877): Connectivity Service
D/ConnectivityService( 1877): ConnectivityService starting up
D/ConnectivityService( 1877): wifiOnly=false
I/SystemServer( 1877): Network Service Discovery Service
D/NsdService( 1877): Network service discovery enabled true
I/SystemServer( 1877): UpdateLock Service
I/SystemServiceManager( 1877): Starting com.android.server.notification.NotificationManagerService
D/ZenLog  ( 1877): set_zen_mode: off,setting
I/SystemServiceManager( 1877): Starting com.android.server.storage.DeviceStorageMonitorService
I/SystemServer( 1877): Location Manager
I/SystemServer( 1877): Country Detector
I/SystemServer( 1877): Search Service
I/SystemServer( 1877): DropBox Service
I/SystemServer( 1877): Wallpaper Service
I/SystemServer( 1877): Audio Service
W/TelecomManager( 1877): Telecom Service not found.
I/SystemServiceManager( 1877): Starting com.android.server.DockObserver
W/DockObserver( 1877): This kernel does not have dock station support
I/SystemServer( 1877): Wired Accessory Manager
W/WiredAccessoryManager( 1877): This kernel does not have usb audio support
I/SystemServiceManager( 1877): Starting com.android.server.usb.UsbService$Lifecycle
I/SystemServer( 1877): Serial Service
I/SystemServiceManager( 1877): Starting com.android.server.twilight.TwilightService
I/SystemServiceManager( 1877): Starting com.android.server.UiModeManagerService
I/SystemServiceManager( 1877): Starting com.android.server.job.JobSchedulerService
I/SystemServiceManager( 1877): Starting com.android.server.backup.BackupManagerService$Lifecycle
I/SystemServiceManager( 1877): Starting com.android.server.appwidget.AppWidgetService
I/SystemServer( 1877): DiskStats Service
I/SystemServer( 1877): SamplingProfiler Service
I/SystemServer( 1877): NetworkTimeUpdateService
I/SystemServer( 1877): CommonTimeManagementService
I/SystemServer( 1877): CertBlacklister
I/SystemServiceManager( 1877): Starting com.android.server.dreams.DreamManagerService
I/SystemServer( 1877): Assets Atlas Service
I/SystemServiceManager( 1877): Starting com.android.server.restrictions.RestrictionsManagerService
I/SystemServiceManager( 1877): Starting com.android.server.media.MediaSessionService
D/AssetAtlas( 1877): Loaded configuration: SliceMinArea (960x1216) flags=0x2 count=446
I/SystemServer( 1877): Media Router Service
I/SystemServiceManager( 1877): Starting com.android.server.trust.TrustManagerService
I/SystemServiceManager( 1877): Starting com.android.server.fingerprint.FingerprintService
V/Fingerprint-JNI( 1877): nativeInit()
V/Fingerprint-JNI( 1877): nativeOpenHal()
E/Fingerprint-JNI( 1877): Can't open fingerprint HW Module, error: -2
I/SystemServer( 1877): BackgroundDexOptService
I/SystemServiceManager( 1877): Starting com.android.server.pm.LauncherAppsService
I/SystemServiceManager( 1877): Starting com.android.server.media.projection.MediaProjectionManagerService
I/WindowManager( 1877): SAFE MODE not enabled
I/SystemServiceManager( 1877): Starting com.android.server.MmsServiceBroker
E/SQLiteLog( 1877): (283) recovered 16 frames from WAL file /data/system/locksettings.db-wal
D/AssetAtlas( 1877): Rendered atlas in 105.21ms (93.00+12.21ms)
E/LockSettingsStorage( 1877): Cannot read file java.io.FileNotFoundException: /data/system/password.key: open failed: ENOENT (No such file or directory)
E/LockSettingsStorage( 1877): Cannot read file java.io.FileNotFoundException: /data/system/gesture.key: open failed: ENOENT (No such file or directory)
I/SystemServiceManager( 1877): Starting phase 480
I/SystemServiceManager( 1877): Starting phase 500
I/WifiService( 1877): WifiService starting up with Wi-Fi disabled
D/WifiService( 1877): New client listening to asynchronous messages
I/WifiScanningService( 1877): Registering wifiscanner
D/WifiScanningService( 1877): New client, channel: null messenger: null
D/WifiScanningService( 1877): DefaultState
I/RttService( 1877): Registering rttmanager
D/WifiChangeStateMachine( 1877): Entering IdleState
I/EthernetServiceImpl( 1877): Starting Ethernet service
D/Ethernet( 1877): Registering NetworkFactory
D/ConnectivityService( 1877): Got NetworkFactory Messenger for Ethernet
D/Ethernet( 1877): got request NetworkRequest [ id=1, legacyType=-1, [ Capabilities: INTERNET&NOT_RESTRICTED&TRUSTED&NOT_VPN] ] with score 0
D/EthernetNetworkFactory( 1877): Started tracking interface eth0
D/CommandListener( 1495): Setting iface cfg
D/CommandListener( 1495): Trying to bring up eth0
I/ActivityManager( 1877): Config changes=200 {1.0 ?mcc?mnc en_US ?layoutDir sw720dp w1280dp h694dp 240dpi xlrg long land -touch qwerty/v/v dpad/v s.4}
V/BackupManagerService( 1877): No ancestral data
D/BackupManagerService( 1877): Now staging backup of com.android.browser
D/BackupManagerService( 1877): Now staging backup of android
D/BackupManagerService( 1877): Now staging backup of com.android.calendar
D/BackupManagerService( 1877): Now staging backup of com.android.providers.settings
D/BackupManagerService( 1877): Now staging backup of com.android.sharedstoragebackup
D/BackupManagerService( 1877): Now staging backup of com.android.providers.userdictionary
V/BackupManagerService( 1877): Starting with transport android/com.android.internal.backup.LocalTransport
V/BackupManagerService( 1877): Found transports: 1
I/BackupManagerService( 1877): Binding to transport host ComponentInfo{android/com.android.internal.backup.LocalTransportService}
I/BackupManagerService( 1877): Found stale backup journal, scheduling
W/BatteryStatsImpl( 1877): Couldn't get kernel wake lock stats
D/SurfaceFlinger( 1492): Set power mode=2, type=0 flinger=0xb6482000
D/SurfaceFlinger( 1492): Screen type=0 is already mode=2
I/DisplayManagerService( 1877): Display device changed: DisplayDeviceInfo{"Built-in Screen": uniqueId="local:0", 1920 x 1080, 60.000004 fps, supportedRefreshRates [60.000004], density 240, 240.236 x 240.631 dpi, appVsyncOff 0, presDeadline 17666666, touch INTERNAL, rotation 0, type BUILT_IN, state ON, FLAG_DEFAULT_DISPLAY, FLAG_ROTATES_WITH_CONTENT, FLAG_SECURE, FLAG_SUPPORTS_PROTECTED_BUFFERS}
I/AppOps  ( 1877): Pruning old package media/1013: new uid=-1
I/ActivityManager( 1877): System now ready
I/SystemServer( 1877): Making services ready
I/SystemServiceManager( 1877): Starting phase 550
I/SystemServer( 1877): WebViewFactory preparation
I/Zygote  ( 1877): Process: zygote socket opened, supported ABIS: armeabi-v7a,armeabi
E/libprocessgroup( 1944): failed to make and chown /acct/uid_1037: Read-only file system
W/Zygote  ( 1944): createProcessGroup failed, kernel missing CONFIG_CGROUP_CPUACCT?
I/ActivityManager( 1877): Start proc 1944:WebViewLoader-armeabi-v7a/1037 [android.webkit.WebViewFactory$RelroFileCreator] for 
V/WebViewFactory( 1944): RelroFileCreator (64bit = false),  32-bit lib: /system/app/webview/lib/arm/libwebviewchromium.so, 64-bit lib: 
E/libprocessgroup( 1962): failed to make and chown /acct/uid_10012: Read-only file system
W/Zygote  ( 1962): createProcessGroup failed, kernel missing CONFIG_CGROUP_CPUACCT?
I/ActivityManager( 1877): Start proc 1962:com.android.systemui/u0a12 for service com.android.systemui/.SystemUIService
D/NetworkManagementService( 1877): enabling bandwidth control
I/Vold    ( 1491): /dev/block/vold/8:1 being considered for volume usb2
D/Vold    ( 1491): Volume usb2 state changing 1 (Idle-Unmounted) -> 3 (Checking)
D/MountService( 1877): volume state changed for /storage/usb2 (unmounted -> checking)
D/MountService( 1877): sendStorageIntent Intent { act=android.intent.action.MEDIA_CHECKING dat=file:///storage/usb2 flg=0x4000000 (has extras) } to UserHandle{-1}
I/fsck_msdos( 1491): ** /dev/block/vold/8:1
I/fsck_msdos( 1491): ** Phase 1 - Read FAT (compare skipped)
I/fsck_msdos( 1491): Attempting to allocate 7373 KB for FAT
I/art     ( 1944): System.exit called, status: 0
I/AndroidRuntime( 1944): VM exiting with result code 0, cleanup skipped.
V/SystemUIService( 1962): Starting SystemUI services.
V/FingerprintService( 1877): startListening(android.service.fingerprint.IFingerprintServiceReceiver$Stub$Proxy@332c24da)
E/SoundPool( 1962): error loading /system/media/audio/ui/Lock.ogg
W/KeyguardViewMediator( 1962): failed to load lock sound from /system/media/audio/ui/Lock.ogg
E/SoundPool( 1962): error loading /system/media/audio/ui/Unlock.ogg
W/KeyguardViewMediator( 1962): failed to load unlock sound from /system/media/audio/ui/Unlock.ogg
E/SoundPool( 1962): error loading /system/media/audio/ui/Trusted.ogg
W/KeyguardViewMediator( 1962): failed to load trusted sound from /system/media/audio/ui/Trusted.ogg
D/PermissionMonitor( 1877): Monitoring
D/PermissionMonitor( 1877): Users: 1, Apps: 47
E/BluetoothAdapter( 1877): Bluetooth binder is null
E/BluetoothAdapter( 1877): Bluetooth binder is null
I/SystemServiceManager( 1877): Starting phase 600
I/fsck_msdos( 1491): ** Phase 2 - Check Cluster Chains
I/BackupManagerService( 1877): Backup enabled => false
I/BackupManagerService( 1877): Opting out of backup
E/SoundPool( 1877): error loading /system/media/audio/ui/Effect_Tick.ogg
W/AudioService( 1877): Soundpool could not load file: /system/media/audio/ui/Effect_Tick.ogg
E/SoundPool( 1877): error loading /system/media/audio/ui/Effect_Tick.ogg
W/AudioService( 1877): Soundpool could not load file: /system/media/audio/ui/Effect_Tick.ogg
E/SoundPool( 1877): error loading /system/media/audio/ui/Effect_Tick.ogg
W/AudioService( 1877): Soundpool could not load file: /system/media/audio/ui/Effect_Tick.ogg
E/SoundPool( 1877): error loading /system/media/audio/ui/Effect_Tick.ogg
W/AudioService( 1877): Soundpool could not load file: /system/media/audio/ui/Effect_Tick.ogg
E/SoundPool( 1877): error loading /system/media/audio/ui/Effect_Tick.ogg
W/AudioService( 1877): Soundpool could not load file: /system/media/audio/ui/Effect_Tick.ogg
E/SoundPool( 1877): error loading /system/media/audio/ui/KeypressStandard.ogg
W/AudioService( 1877): Soundpool could not load file: /system/media/audio/ui/KeypressStandard.ogg
E/SoundPool( 1877): error loading /system/media/audio/ui/KeypressSpacebar.ogg
W/AudioService( 1877): Soundpool could not load file: /system/media/audio/ui/KeypressSpacebar.ogg
E/SoundPool( 1877): error loading /system/media/audio/ui/KeypressDelete.ogg
W/AudioService( 1877): Soundpool could not load file: /system/media/audio/ui/KeypressDelete.ogg
E/SoundPool( 1877): error loading /system/media/audio/ui/KeypressReturn.ogg
W/AudioService( 1877): Soundpool could not load file: /system/media/audio/ui/KeypressReturn.ogg
E/SoundPool( 1877): error loading /system/media/audio/ui/KeypressInvalid.ogg
W/AudioService( 1877): Soundpool could not load file: /system/media/audio/ui/KeypressInvalid.ogg
E/InputMethodManagerService( 1877): Ignoring setImeWindowStatus due to an invalid token. uid:1000 token:null
W/AudioService( 1877): onLoadSoundEffects(), Error -1 while loading samples
W/ResourceType( 1962): No package identifier when getting value for resource number 0x00000000
W/PackageManager( 1962): Failure retrieving resources for com.android.music: Resource ID #0x0
I/fsck_msdos( 1491): ** Phase 3 - Checking Directories
W/ResourceType( 1962): No package identifier when getting value for resource number 0x00000000
W/PackageManager( 1962): Failure retrieving resources for com.android.browser: Resource ID #0x0
E/libprocessgroup( 2033): failed to make and chown /acct/uid_10030: Read-only file system
W/Zygote  ( 2033): createProcessGroup failed, kernel missing CONFIG_CGROUP_CPUACCT?
I/fsck_msdos( 1491): ** Phase 4 - Checking for Lost Files
I/fsck_msdos( 1491): 3399 files, 228048 free (57012 clusters)
I/ActivityManager( 1877): Start proc 2033:com.android.inputmethod.latin/u0a30 for service com.android.inputmethod.latin/.LatinIME
V/InputMethodManagerService( 1877): Adding window token: android.os.Binder@33491f08
I/Vold    ( 1491): Filesystem check completed OK
W/ResourceType( 1962): No package identifier when getting value for resource number 0x00000000
W/PackageManager( 1962): Failure retrieving resources for com.montage.droid.mediaPlay: Resource ID #0x0
D/GpsLocationProvider( 1877): Reset GPS properties, previous size = 0
D/GpsLocationProvider( 1877): GpsParamsResource: SUPL_HOST=supl.google.com
D/GpsLocationProvider( 1877): GpsParamsResource: SUPL_PORT=7275
D/GpsLocationProvider( 1877): GpsParamsResource: NTP_SERVER=north-america.pool.ntp.org
D/GpsLocationProvider( 1877): GpsParamsResource: SUPL_VER=0x20000
D/GpsLocationProvider( 1877): GpsParamsResource: SUPL_MODE=1
W/GpsLocationProvider( 1877): Could not open GPS configuration file /etc/gps.conf
D/GpsLocationProvider( 1877): GPS properties reloaded, size = 5
E/GpsLocationProvider( 1877): no AGPS interface in set_agps_server
E/GpsLocationProvider( 1877): no GPS configuration interface in configuraiton_update
D/GpsLocationProvider( 1877): final config = #Thu Jan 01 00:00:20 GMT+00:00 2015
D/GpsLocationProvider( 1877): SUPL_VER=0x20000
D/GpsLocationProvider( 1877): SUPL_HOST=supl.google.com
D/GpsLocationProvider( 1877): NTP_SERVER=north-america.pool.ntp.org
D/GpsLocationProvider( 1877): SUPL_PORT=7275
D/GpsLocationProvider( 1877): SUPL_MODE=1
D/Vold    ( 1491): blkid identified as /dev/block/vold/8:1: LABEL="KINGSTON" UUID="0261-FEDA" TYPE="vfat" 
W/LocationManagerService( 1877): no network location provider found
D/Vold    ( 1491): Volume usb2 state changing 3 (Checking) -> 4 (Mounted)
D/MountService( 1877): volume state changed for /storage/usb2 (checking -> mounted)
I/PackageManager( 1877): Updating external media status from unmounted to mounted
E/LocationManagerService( 1877): no geocoder provider found
E/VoldConnector( 1877): NDC Command {5 volume mount /storage/usb2} took too long (954ms)
E/FlpHardwareProvider( 1877): Error hw_get_module 'flp': -2
E/LocationManagerService( 1877): FLP HAL not supported
D/MountService( 1877): sendStorageIntent Intent { act=android.intent.action.MEDIA_MOUNTED dat=file:///storage/usb2 flg=0x4000000 (has extras) } to UserHandle{-1}
W/MountService( 1877): Duplicate state transition (mounted -> mounted) for /storage/emulated/0
W/ResourceType( 1962): No package identifier when getting value for resource number 0x00000000
W/PackageManager( 1962): Failure retrieving resources for com.android.settings: Resource ID #0x0
I/PackageManager( 1877): No secure containers found
W/PackageManager( 1877): Unknown permission com.google.android.googleapps.permission.GOOGLE_AUTH in package com.android.providers.calendar
W/PackageManager( 1877): Unknown permission com.google.android.googleapps.permission.GOOGLE_AUTH.cl in package com.android.providers.calendar
W/PackageManager( 1877): Not granting permission android.permission.GLOBAL_SEARCH to package com.android.quicksearchbox (protectionLevel=18 flags=0x88be45)
W/PackageManager( 1877): Not granting permission android.permission.ACCESS_DOWNLOAD_MANAGER to package com.android.browser (protectionLevel=18 flags=0x89be45)
W/PackageManager( 1877): Not granting permission android.permission.SEND_DOWNLOAD_COMPLETED_INTENTS to package com.android.browser (protectionLevel=2 flags=0x89be45)
E/libprocessgroup( 2056): failed to make and chown /acct/uid_10004: Read-only file system
W/Zygote  ( 2056): createProcessGroup failed, kernel missing CONFIG_CGROUP_CPUACCT?
W/PackageManager( 1877): Not granting permission android.permission.BIND_WALLPAPER to package com.android.camera2 (protectionLevel=18 flags=0xd8bc45)
W/PackageManager( 1877): Unknown permission com.android.launcher.permission.READ_SETTINGS in package com.android.launcher3
W/PackageManager( 1877): Unknown permission com.android.launcher.permission.WRITE_SETTINGS in package com.android.launcher3
W/PackageManager( 1877): Unknown permission com.google.android.googleapps.permission.GOOGLE_AUTH.mail in package com.android.calendar
W/PackageManager( 1877): Not granting permission android.permission.WRITE_MEDIA_STORAGE to package com.estrongs.android.pop (protectionLevel=18 flags=0xc8be44)
W/PackageManager( 1877): Unknown permission android.permission.ACCESS_SUPERUSER in package com.estrongs.android.pop
W/PackageManager( 1877): Unknown permission .PERMISSION in package com.estrongs.android.pop
W/PackageManager( 1877): Not granting permission android.permission.WRITE_MEDIA_STORAGE to package com.montage.droid.mediaPlay (protectionLevel=18 flags=0x88be45)
W/PackageManager( 1877): Unknown permission com.android.launcher.permission.READ_SETTINGS in package com.android.onetimeinitializer
W/PackageManager( 1877): Unknown permission com.android.launcher.permission.WRITE_SETTINGS in package com.android.onetimeinitializer
W/PackageManager( 1877): Not granting permission android.permission.DELETE_PACKAGES to package com.svox.pico (protectionLevel=18 flags=0x88be45)
W/PackageManager( 1877): Unknown permission com.google.android.googleapps.permission.GOOGLE_AUTH in package com.android.settings
W/PackageManager( 1877): Unknown permission com.android.launcher.permission.READ_SETTINGS in package com.android.settings
W/PackageManager( 1877): Unknown permission com.android.launcher.permission.WRITE_SETTINGS in package com.android.settings
W/PackageManager( 1877): Unknown permission com.android.smspush.WAPPUSH_MANAGER_BIND in package com.android.phone
W/PackageManager( 1877): Not granting permission android.permission.DEVICE_POWER to package com.android.deskclock (protectionLevel=2 flags=0xc8be45)
W/PackageManager( 1877): Unknown permission com.google.android.gallery3d.permission.GALLERY_PROVIDER in package com.android.bluetooth
W/PackageManager( 1877): Unknown permission android.permission.MMS_SEND_OUTBOX_MSG in package com.android.bluetooth
W/PackageManager( 1877): Unknown permission com.google.android.googleapps.permission.ACCESS_GOOGLE_PASSWORD in package com.android.development
W/PackageManager( 1877): Unknown permission com.google.android.googleapps.permission.GOOGLE_AUTH in package com.android.development
W/PackageManager( 1877): Unknown permission com.google.android.googleapps.permission.GOOGLE_AUTH.ALL_SERVICES in package com.android.development
W/PackageManager( 1877): Unknown permission com.google.android.googleapps.permission.GOOGLE_AUTH.YouTubeUser in package com.android.development
I/ActivityManager( 1877): Start proc 2056:android.process.media/u0a4 for broadcast com.android.providers.downloads/.DownloadReceiver
E/LocationManagerService( 1877): Unable to bind FLP Geofence proxy.
E/ActivityRecognitionHardware( 1877): Error hw_get_module: -2
E/LocationManagerService( 1877): Hardware Activity-Recognition not supported.
I/CommonTimeManagementService( 1877): No common time service detected on this platform.  Common time services will be unavailable.
I/InputReader( 1877): Reconfiguring input devices.  changes=0x00000020
I/MmsServiceBroker( 1877): Delay connecting to MmsService until an API is called
W/ResourceType( 1962): No package identifier when getting value for resource number 0x00000000
W/PackageManager( 1962): Failure retrieving resources for com.estrongs.android.pop: Resource ID #0x0
I/InputReader( 1877): Reconfiguring input devices.  changes=0x00000010
E/libprocessgroup( 2077): failed to make and chown /acct/uid_1001: Read-only file system
W/Zygote  ( 2077): createProcessGroup failed, kernel missing CONFIG_CGROUP_CPUACCT?
I/ActivityManager( 1877): Start proc 2077:com.android.phone/1001 for added application com.android.phone
I/ActivityManager( 1877): START u0 {act=android.intent.action.MAIN cat=[android.intent.category.HOME] flg=0x10000000 cmp=com.example.android.home/.Home} from uid 0 on display 0
V/WindowManager( 1877): addAppToken: AppWindowToken{8ec116a token=Token{1730d355 ActivityRecord{33270e0c u0 com.example.android.home/.Home t317}}} to stack=0 task=317 at 0
E/libprocessgroup( 2095): failed to make and chown /acct/uid_10029: Read-only file system
W/Zygote  ( 2095): createProcessGroup failed, kernel missing CONFIG_CGROUP_CPUACCT?
I/ActivityManager( 1877): Start proc 2095:com.example.android.home/u0a29 for activity com.example.android.home/.Home
I/SystemServer( 1877): Enabled StrictMode for system server main thread.
V/ActivityManager( 1877): Display changed displayId=0
V/ActivityManager( 1877): Display changed displayId=0
D/WifiScanningService( 1877): SCAN_AVAILABLE : 1
D/RttService( 1877): SCAN_AVAILABLE : 1
D/WifiScanningService( 1877): DefaultState got{ when=0 what=160007 target=com.android.internal.util.StateMachine$SmHandler }
D/RttService( 1877): DefaultState got{ when=-1ms what=160513 target=com.android.internal.util.StateMachine$SmHandler }
W/ResourceType( 1962): No package identifier when getting value for resource number 0x00000000
W/PackageManager( 1962): Failure retrieving resources for com.android.gallery3d: Resource ID #0x0
I/Choreographer( 1877): Skipped 144 frames!  The application may be doing too much work on its main thread.
D/EthernetNetworkFactory( 1877): updateInterface: eth0 link up
I/EthernetNetworkFactory( 1877): dhcpThread(+eth0): mNetworkInfo=[type: Ethernet[], state: UNKNOWN/IDLE, reason: (unspecified), extra: b6:7c:62:ee:e1:65, roaming: false, failover: false, isAvailable: true, isConnectedToProvisioningNetwork: false]
V/ActivityManager( 1877): Display changed displayId=0
V/ActivityManager( 1877): Display changed displayId=0
I/dhcpcd  ( 2115): version 5.5.6 starting
E/dhcpcd  ( 2115): get_duid: Permission denied
I/Telecom ( 1877): TelecomGlobals: TelecomGlobals initializing
E/SQLiteLog( 2056): (283) recovered 93 frames from WAL file /data/data/com.android.providers.media/databases/external.db-wal
I/LatinIME( 2033): Hardware accelerated drawing: true
E/libprocessgroup( 2123): failed to make and chown /acct/uid_10002: Read-only file system
W/Zygote  ( 2123): createProcessGroup failed, kernel missing CONFIG_CGROUP_CPUACCT?
I/art     ( 1877): Background sticky concurrent mark sweep GC freed 33130(2MB) AllocSpace objects, 17(272KB) LOS objects, 17% free, 9MB/11MB, paused 5.075ms total 80.900ms
I/dhcpcd  ( 2115): eth0: rebinding lease of 192.168.9.230
I/ActivityManager( 1877): Start proc 2123:android.process.acore/u0a2 for content provider com.android.providers.contacts/.CallLogProvider
E/BluetoothAdapter( 1877): Bluetooth binder is null
E/libprocessgroup( 2146): failed to make and chown /acct/uid_10005: Read-only file system
W/Zygote  ( 2146): createProcessGroup failed, kernel missing CONFIG_CGROUP_CPUACCT?
I/ActivityManager( 1877): Start proc 2146:com.android.externalstorage/u0a5 for broadcast com.android.externalstorage/.MountReceiver
I/Telecom ( 1877): TelecomGlobals: CallsManager initialized
E/BluetoothAdapter( 1877): Bluetooth binder is null
I/art     ( 1502): Explicit concurrent mark sweep GC freed 705(30KB) AllocSpace objects, 0(0B) LOS objects, 39% free, 4MB/6MB, paused 10.774ms total 70.171ms
D/ZenLog  ( 1877): downtime: Autotrigger skipped: not in downtime
W/ResourcesManager( 1877): Asset path '/system/framework/com.android.location.provider.jar' does not exist or contains no resources.
D/GpsNetInitiatedHandler( 1877): location enabled :false
V/WiredAccessoryManager( 1877): init()
I/art     ( 1502): Explicit concurrent mark sweep GC freed 5(160B) AllocSpace objects, 0(0B) LOS objects, 39% free, 4MB/6MB, paused 399us total 61.646ms
I/art     ( 1502): Explicit concurrent mark sweep GC freed 5(160B) AllocSpace objects, 0(0B) LOS objects, 39% free, 4MB/6MB, paused 455us total 49.333ms
V/WiredAccessoryManager( 1877): newName=hdmi newState=16 headsetState=16 prev headsetState=0
W/InputAttributes( 2033): No editor info for this field. Bug?
D/ExternalStorage( 2146): After updating volumes, found 2 active roots
D/ExternalStorage( 2146): After updating volumes, found 2 active roots
D/MediaScannerReceiver( 2056): action: android.intent.action.MEDIA_MOUNTED path: /storage/usb2
I/LatinIME:LogUtils( 2033): Dictionary info: dictionary = UserHistoryDictionary.en_US ; version = 1420070422 ; date = 1460705823
D/TelephonyProvider( 2077): dbh.onOpen: ok, queried table=siminfo
D/TelephonyProvider( 2077): dbh.onOpen: ok, queried table=carriers
I/LatinIME:LogUtils( 2033): Dictionary info: dictionary = PersonalizationDictionary.en_US ; version = 1420070422 ; date = ?
E/libprocessgroup( 2172): failed to make and chown /acct/uid_10041: Read-only file system
W/Zygote  ( 2172): createProcessGroup failed, kernel missing CONFIG_CGROUP_CPUACCT?
I/LatinIME:LogUtils( 2033): Dictionary info: dictionary = userunigram.en_US ; version = 1420070422 ; date = ?
I/LatinIME:LogUtils( 2033): Dictionary info: dictionary = contacts.en_US ; version = 1420070422 ; date = ?
I/LatinIME:LogUtils( 2033): Dictionary info: dictionary = ContextualDictionary.en_US ; version = 1420070422 ; date = ?
W/AppWidgetServiceImpl( 1877): Failed to read state: java.io.FileNotFoundException: /data/system/users/0/appwidgets.xml: open failed: ENOENT (No such file or directory)
V/AppWidgetServiceImpl( 1877): Upgrading widget database from 0 to 1
I/ActivityManager( 1877): Start proc 2172:com.estrongs.android.pop/u0a41 for broadcast com.estrongs.android.pop/.EnableOEMConfig
W/ResourceType( 2095): No package identifier when getting value for resource number 0x00000000
W/PackageManager( 2095): Failure retrieving resources for com.android.browser: Resource ID #0x0
W/ResourceType( 2095): No package identifier when getting value for resource number 0x00000000
W/PackageManager( 2095): Failure retrieving resources for com.android.calculator2: Resource ID #0x0
D/PermissionCache( 1492): checking android.permission.HARDWARE_TEST for uid=1000 => granted (685 us)
D/GpsLocationProvider( 1877): received SIM realted action: 
W/ResourceType( 2095): No package identifier when getting value for resource number 0x00000000
W/PackageManager( 2095): Failure retrieving resources for com.android.calendar: Resource ID #0x0
E/DcSwitchStateMachine-0( 2077): DctController is not ready
W/ResourceType( 2095): No package identifier when getting value for resource number 0x00000000
W/PackageManager( 2095): Failure retrieving resources for com.android.contacts: Resource ID #0x0
D/GpsLocationProvider( 1877): SIM MCC/MNC is still not available
E/ConnectivityService( 1877): Failed to find Messenger in unregisterNetworkFactory
D/ConnectivityService( 1877): Got NetworkFactory Messenger for Telephony
W/ResourceType( 2095): No package identifier when getting value for resource number 0x00000000
W/PackageManager( 2095): Failure retrieving resources for com.android.providers.downloads.ui: Resource ID #0x0
W/ResourceType( 2095): No package identifier when getting value for resource number 0x00000000
W/PackageManager( 2095): Failure retrieving resources for com.android.email: Resource ID #0x0
W/ResourceType( 2095): No package identifier when getting value for resource number 0x00000000
W/PackageManager( 2095): Failure retrieving resources for com.estrongs.android.pop: Resource ID #0x0
W/ResourceType( 2095): No package identifier when getting value for resource number 0x00000000
W/PackageManager( 2095): Failure retrieving resources for com.android.gallery3d: Resource ID #0x0
W/ResourceType( 2095): No package identifier when getting value for resource number 0x00000000
W/PackageManager( 2095): Failure retrieving resources for com.montage.leddisplaytest: Resource ID #0x0
W/ResourceType( 2095): No package identifier when getting value for resource number 0x00000000
W/PackageManager( 2095): Failure retrieving resources for com.montage.droid.mediaPlay: Resource ID #0x0
W/ResourceType( 2095): No package identifier when getting value for resource number 0x00000000
W/PackageManager( 2095): Failure retrieving resources for com.android.music: Resource ID #0x0
V/BackupManagerService( 1877): Connected to transport ComponentInfo{android/com.android.internal.backup.LocalTransportService}
V/BackupManagerService( 1877): Registering transport android/com.android.internal.backup.LocalTransportService::android/com.android.internal.backup.LocalTransport = android.app.backup.BackupTransport$TransportImpl@1993fcbf
W/ResourceType( 2095): No package identifier when getting value for resource number 0x00000000
W/PackageManager( 2095): Failure retrieving resources for com.android.quicksearchbox: Resource ID #0x0
W/ResourceType( 2095): No package identifier when getting value for resource number 0x00000000
W/PackageManager( 2095): Failure retrieving resources for com.android.settings: Resource ID #0x0
E/BluetoothAdapter( 2077): Bluetooth binder is null
I/Choreographer( 1877): Skipped 83 frames!  The application may be doing too much work on its main thread.
W/ResourceType( 2095): No package identifier when getting value for resource number 0x00000000
W/PackageManager( 2095): Failure retrieving resources for com.android.speechrecorder: Resource ID #0x0
W/ResourceType( 2095): No package identifier when getting value for resource number 0x00000000
W/PackageManager( 2095): Failure retrieving resources for com.android.speechrecorder: Resource ID #0x0
V/ActivityManager( 1877): Display changed displayId=0
I/LatinIME:LogUtils( 2033): Dictionary info: dictionary = PersonalizationDictionary.en_US ; version = 1420070422 ; date = ?
V/WiredAccessoryManager( 1877): device hdmi connected
I/LatinIME:LogUtils( 2033): Dictionary info: dictionary = PersonalizationDictionary.en_US ; version = 1420070422 ; date = ?
D/AudioPolicyManager( 1498): setDeviceConnectionState() could not find HW module for device 00000400
I/FusedLocation( 1877): engine started (com.android.location.fused)
I/Telephony( 2077): TtyManager: updateUiTtyMode -1 -> 0
E/Home    ( 2095): Couldn't find or open favorites file /system/etc/favorites.xml
W/ActivityManager( 1877): getRecentTasks: caller 10029 does not hold REAL_GET_TASKS; limiting output
W/ActivityManager( 1877): getRecentTasks: caller 10029 does not hold REAL_GET_TASKS; limiting output
D/OpenGLRenderer( 2095): Use EGL_SWAP_BEHAVIOR_PRESERVED: true
I/art     ( 1877): Background sticky concurrent mark sweep GC freed 16712(1581KB) AllocSpace objects, 7(137KB) LOS objects, 13% free, 9MB/11MB, paused 5.735ms total 77.160ms
D/GpsLocationProvider( 1877): received SIM realted action: 
D/GpsLocationProvider( 1877): SIM MCC/MNC is still not available
D/Atlas   ( 2095): Validating map...
E/ObjectHelper( 2172): Can't find method:setCompatibilityInfo
I/LatinIME:LogUtils( 2033): Dictionary info: dictionary = main:en ; version = 47 ; date = 1402373178
V/WindowManager( 1877): Based on layer: Adding window Window{3f840266 u0 com.example.android.home/com.example.android.home.Home} at 0 of 1
I/OpenGLRenderer( 2095): Initialized EGL, version 1.4
D/OpenGLRenderer( 2095): Enabling debug mode 0
D/ap      ( 2172): Refresh storage info done.16
D/VolumeUI( 1962): Registering volume controller
V/KeyguardUpdateMonitor( 1962): action android.intent.action.SIM_STATE_CHANGED state: NOT_READY slotId: 0 subid: -2
I/StatusBarManagerService( 1877): registerStatusBar bar=com.android.internal.statusbar.IStatusBar$Stub$Proxy@8632dbb
I/ActivityManager( 1877): Displayed com.example.android.home/.Home: +2s513ms
V/KeyguardServiceDelegate( 1877): *** Keyguard started
W/KeyguardServiceDelegate( 1877): onScreenTurnedOn(): no keyguard service!
I/ContactLocale( 2123): AddressBook Labels [en-US]: [, A, B, C, D, E, F, G, H, I, J, K, L, M, N, O, P, Q, R, S, T, U, V, W, X, Y, Z, , , , , , , , , , , , , , , , , , , , , , , , , , , , , , , , , , , , , , , , , , , , , , , , , , , , , , , , , , , , , , , , , , , , , , , , , , , , , , , , , , , , , , , , , , , , , , , , , , , , , , , , , , , , , , , , , , , , , , , , , , , , , , , , , , , , , , , , , , , , , , , , , , , , , , , , , , , , , , , , , , , , , , , , , , , , , , , , , , , , , , , , , , , , #, ]
D/TelephonyDebugService( 2077): TelephonyDebugService()
W/ResourceType( 2172): No package identifier when getting value for resource number 0x00000000
E/libprocessgroup( 2226): failed to make and chown /acct/uid_10031: Read-only file system
W/Zygote  ( 2226): createProcessGroup failed, kernel missing CONFIG_CGROUP_CPUACCT?
I/Telephony( 2077): PstnIncomingCallNotifier: Registering: Handler (com.android.internal.telephony.gsm.GSMPhone) {24843462}
I/ActivityManager( 1877): Start proc 2226:com.android.music/u0a31 for broadcast com.android.music/.MediaButtonIntentReceiver
W/WindowManager( 1877): Keyguard drawn timeout. Setting mKeyguardDrawComplete
D/WifiService( 1877): New client listening to asynchronous messages
E/BluetoothAdapter( 1962): Bluetooth binder is null
W/BluetoothController( 1962): Default BT adapter not found
D/ConnectivityService( 1877): listenForNetwork for NetworkRequest [ id=2, legacyType=-1, [] ]
I/CameraManagerGlobal( 1962): getCameraService: Reconnecting to camera service
E/CameraService( 1498): getCameraVendorTagDescriptor: camera hardware module doesn't exist
E/CameraMetadata-JNI( 1962): CameraMetadata_setupGlobalVendorTagDescriptor: Failed to setup vendor tag descriptors, received error No such device (-19)
W/CameraManagerGlobal( 1962): Failed to set up vendor tags: The camera device is removable and has been disconnected from the Android device, or the camera service has shut down the connection due to a higher-priority access request for the camera device.
D/OpenGLRenderer( 1962): Use EGL_SWAP_BEHAVIOR_PRESERVED: true
D/Atlas   ( 1962): Validating map...
D/PhoneStatusBar( 1962): disable: < EXPAND* icons alerts system_info BACK* HOME* RECENT* clock SEARCH* >
E/BluetoothAdapter( 1962): Bluetooth binder is null
D/PhoneStatusBar( 1962): heads up is enabled
I/SurfaceFlinger( 1492): Boot is finished (26347 ms)
D/KeyguardUpdateMonitor( 1962): handleSimStateChange(subId=-2, slotId=0, state=UNKNOWN)
W/KeyguardUpdateMonitor( 1962): invalid subId in handleSimStateChange()
V/KeyguardUpdateMonitor( 1962): onSubscriptionInfoChanged()
V/KeyguardUpdateMonitor( 1962): onSubscriptionInfoChanged: list is null
E/ion     ( 1492): ioctl c0044901 failed with code -1: Invalid argument
E/[Gralloc-ERROR]( 1492): int alloc_device_free(alloc_device_t*, buffer_handle_t):655 Failed to free metadata buffer( ion_client: 14 ion_hnd: 0x2 )
I/Choreographer( 1962): Skipped 191 frames!  The application may be doing too much work on its main thread.
I/dhcpcd  ( 2115): eth0: broadcasting for a lease
D/ViewRootImpl( 1962): changeCanvasOpacity: opaque=true
I/SystemServiceManager( 1877): Starting phase 1000
E/libprocessgroup( 2258): failed to make and chown /acct/uid_1000: Read-only file system
W/Zygote  ( 2258): createProcessGroup failed, kernel missing CONFIG_CGROUP_CPUACCT?
I/ActivityManager( 1877): Start proc 2258:com.android.keychain/1000 for service com.android.keychain/.KeyChainService
I/OpenGLRenderer( 1962): Initialized EGL, version 1.4
D/OpenGLRenderer( 1962): Enabling debug mode 0
V/KeyguardServiceDelegate( 1877): *** Keyguard connected (yay!)
D/WifiService( 1877): New client listening to asynchronous messages
I/Choreographer( 1962): Skipped 113 frames!  The application may be doing too much work on its main thread.
D/OpenGLRenderer( 1962): setting property extraRasterBucket to 0.95
D/OpenGLRenderer( 1962):     failed
D/OpenGLRenderer( 1962): setting property extraRasterBucket to 0.0
D/OpenGLRenderer( 1962):     failed
V/KeyguardServiceDelegate( 1877): **** SHOWN CALLED ****
D/PhoneStatusBar( 1962): disable: < expand* icons alerts system_info back* home* recent* clock search* >
I/RecoverySystem( 1877): No recovery log file
I/BootReceiver( 1877): Copying audit failures to DropBox
I/BootReceiver( 1877): Checking for fsck errors
D/WIFI    ( 1877): Registering NetworkFactory
D/WIFI_UT ( 1877): Registering NetworkFactory
D/ConnectivityService( 1877): Got NetworkFactory Messenger for WIFI
D/ConnectivityService( 1877): Got NetworkFactory Messenger for WIFI_UT
D/WIFI    ( 1877): got request NetworkRequest [ id=1, legacyType=-1, [ Capabilities: INTERNET&NOT_RESTRICTED&TRUSTED&NOT_VPN] ] with score 0
D/WIFI_UT ( 1877): got request NetworkRequest [ id=1, legacyType=-1, [ Capabilities: INTERNET&NOT_RESTRICTED&TRUSTED&NOT_VPN] ] with score 0
E/ion     ( 1492): ioctl c0044901 failed with code -1: Invalid argument
E/libprocessgroup( 2283): failed to make and chown /acct/uid_10001: Read-only file system
E/[Gralloc-ERROR]( 1492): int alloc_device_free(alloc_device_t*, buffer_handle_t):655 Failed to free metadata buffer( ion_client: 14 ion_hnd: 0xb5c3d170 )
W/Zygote  ( 2283): createProcessGroup failed, kernel missing CONFIG_CGROUP_CPUACCT?
I/ActivityManager( 1877): Start proc 2283:com.android.providers.calendar/u0a1 for broadcast com.android.providers.calendar/.CalendarReceiver
W/ResourcesManager( 2283): Asset path '/system/framework/android.test.runner.jar' does not exist or contains no resources.
I/CalendarProvider2( 2283): Created com.android.providers.calendar.CalendarAlarmManager@f6f15a2(com.android.providers.calendar.CalendarProvider2@82fc233)
E/libprocessgroup( 2305): failed to make and chown /acct/uid_10006: Read-only file system
W/Zygote  ( 2305): createProcessGroup failed, kernel missing CONFIG_CGROUP_CPUACCT?
I/ActivityManager( 1877): Start proc 2305:com.android.launcher3/u0a6 for broadcast com.android.launcher3/.StartupReceiver
D/Launcher.LauncherProvider( 2305): 11683562 - initializeMaxScreenId(): 0
V/Launcher( 2305): LauncherAppState inited
D/Launcher.Model( 2305): Old launcher provider: content://com.android.launcher2.settings/favorites?notify=true
D/Launcher.Model( 2305): Old launcher provider does not exist.
E/libprocessgroup( 2324): failed to make and chown /acct/uid_10007: Read-only file system
W/Zygote  ( 2324): createProcessGroup failed, kernel missing CONFIG_CGROUP_CPUACCT?
I/ActivityManager( 1877): Start proc 2324:com.android.managedprovisioning/u0a7 for broadcast com.android.managedprovisioning/.BootReminder
E/libprocessgroup( 2345): failed to make and chown /acct/uid_10009: Read-only file system
W/Zygote  ( 2345): createProcessGroup failed, kernel missing CONFIG_CGROUP_CPUACCT?
I/ActivityManager( 1877): Start proc 2345:com.android.onetimeinitializer/u0a9 for broadcast com.android.onetimeinitializer/.OneTimeInitializerReceiver
V/OneTimeInitializerRece( 2345): OneTimeInitializerReceiver.onReceive
E/libprocessgroup( 2365): failed to make and chown /acct/uid_1000: Read-only file system
W/Zygote  ( 2365): createProcessGroup failed, kernel missing CONFIG_CGROUP_CPUACCT?
I/CalendarProvider2( 2283): Sending notification intent: Intent { act=android.intent.action.PROVIDER_CHANGED dat=content://com.android.calendar }
W/ContentResolver( 2283): Failed to get type for: content://com.android.calendar (Unknown URL content://com.android.calendar)
I/ActivityManager( 1877): Start proc 2365:com.android.settings/1000 for broadcast com.android.settings/.sim.SimBootReceiver
E/libprocessgroup( 2383): failed to make and chown /acct/uid_10018: Read-only file system
W/Zygote  ( 2383): createProcessGroup failed, kernel missing CONFIG_CGROUP_CPUACCT?
I/ActivityManager( 1877): Start proc 2383:com.android.calendar/u0a18 for broadcast com.android.calendar/.alerts.AlertReceiver
D/ExtensionsFactory( 2383): No custom extensions.
D/AlertReceiver( 2383): onReceive: a=android.intent.action.BOOT_COMPLETED Intent { act=android.intent.action.BOOT_COMPLETED flg=0x8000010 cmp=com.android.calendar/.alerts.AlertReceiver (has extras) }
E/libprocessgroup( 2407): failed to make and chown /acct/uid_10022: Read-only file system
W/Zygote  ( 2407): createProcessGroup failed, kernel missing CONFIG_CGROUP_CPUACCT?
I/ActivityManager( 1877): Start proc 2407:com.android.deskclock/u0a22 for broadcast com.android.deskclock/.AlarmInitReceiver
D/AlertService( 2383): 0 Action = android.intent.action.BOOT_COMPLETED
D/AlertService( 2383): Scheduling next alarm with AlarmScheduler. sEventReminderReceived: null
D/AlarmScheduler( 2383): No events found starting within 1 week.
V/AlarmClock( 2407): AlarmInitReceiver android.intent.action.BOOT_COMPLETED
V/AlarmClock( 2407): AlarmInitReceiver - Reset timers and clear stopwatch data
V/AlarmClock( 2407): AlarmInitReceiver finished
E/libprocessgroup( 2429): failed to make and chown /acct/uid_10025: Read-only file system
W/Zygote  ( 2429): createProcessGroup failed, kernel missing CONFIG_CGROUP_CPUACCT?
I/ActivityManager( 1877): Start proc 2429:com.android.email/u0a25 for broadcast com.android.email/.service.EmailBroadcastReceiver
I/art     ( 1502): Explicit concurrent mark sweep GC freed 705(30KB) AllocSpace objects, 0(0B) LOS objects, 39% free, 4MB/6MB, paused 363us total 23.408ms
I/art     ( 1502): Explicit concurrent mark sweep GC freed 5(160B) AllocSpace objects, 0(0B) LOS objects, 39% free, 4MB/6MB, paused 357us total 21.887ms
I/art     ( 1502): Explicit concurrent mark sweep GC freed 5(160B) AllocSpace objects, 0(0B) LOS objects, 39% free, 4MB/6MB, paused 361us total 21.940ms
E/libprocessgroup( 2448): failed to make and chown /acct/uid_10026: Read-only file system
W/Zygote  ( 2448): createProcessGroup failed, kernel missing CONFIG_CGROUP_CPUACCT?
I/ActivityManager( 1877): Start proc 2448:com.android.exchange/u0a26 for service com.android.exchange/.service.EasService
D/ActivityThread( 2429): Loading provider com.android.email.provider;com.android.email.notifier: com.android.email.provider.EmailProvider
D/ActivityThread( 2429): Loading provider com.android.email.provider;com.android.email.notifier: com.android.email.provider.EmailProvider
I/SystemBroadcastReceiver( 2033): Boot has been completed
I/LauncherIconVisibilityManager( 2033): Activity has already been disabled: ComponentInfo{com.android.inputmethod.latin/com.android.inputmethod.latin.setup.SetupActivity}
D/AlertReceiver( 2383): onReceive: a=android.intent.action.PROVIDER_CHANGED Intent { act=android.intent.action.PROVIDER_CHANGED dat=content://com.android.calendar flg=0x10 cmp=com.android.calendar/.alerts.AlertReceiver }
D/AlertService( 2383): 0 Action = android.intent.action.PROVIDER_CHANGED
W/ActivityManager( 1877): Unable to start service Intent { cmp=com.android.email/.service.AttachmentService } U=0: not found
W/ActivityManager( 1877): Unable to start service Intent { cmp=com.android.email/.service.AttachmentService } U=0: not found
W/ActivityManager( 1877): Unable to start service Intent { cmp=com.android.email/.service.AttachmentService } U=0: not found
I/Email   ( 2429): Observing account changes for notifications
I/Exchange( 2448): EasService.onCreate
I/Exchange( 2448): RestartPingTask
E/ActivityThread( 2429): Service com.android.email.service.EmailBroadcastProcessorService has leaked ServiceConnection com.android.emailcommon.service.ServiceProxy$ProxyConnection@3eb6ae9b that was originally bound here
E/ActivityThread( 2429): android.app.ServiceConnectionLeaked: Service com.android.email.service.EmailBroadcastProcessorService has leaked ServiceConnection com.android.emailcommon.service.ServiceProxy$ProxyConnection@3eb6ae9b that was originally bound here
E/ActivityThread( 2429): 	at android.app.LoadedApk$ServiceDispatcher.<init>(LoadedApk.java:1077)
E/ActivityThread( 2429): 	at android.app.LoadedApk.getServiceDispatcher(LoadedApk.java:971)
E/ActivityThread( 2429): 	at android.app.ContextImpl.bindServiceCommon(ContextImpl.java:1774)
E/ActivityThread( 2429): 	at android.app.ContextImpl.bindService(ContextImpl.java:1757)
E/ActivityThread( 2429): 	at android.content.ContextWrapper.bindService(ContextWrapper.java:539)
E/ActivityThread( 2429): 	at com.android.emailcommon.service.ServiceProxy.setTask(ServiceProxy.java:181)
E/ActivityThread( 2429): 	at com.android.emailcommon.service.ServiceProxy.test(ServiceProxy.java:224)
E/ActivityThread( 2429): 	at com.android.email.service.EmailServiceUtils.isServiceAvailable(EmailServiceUtils.java:160)
E/ActivityThread( 2429): 	at com.android.email.provider.AccountReconciler.reconcileAccountsInternal(AccountReconciler.java:171)
E/ActivityThread( 2429): 	at com.android.email.provider.AccountReconciler.reconcileAccounts(AccountReconciler.java:115)
E/ActivityThread( 2429): 	at com.android.email.service.EmailBroadcastProcessorService.reconcileAndStartServices(EmailBroadcastProcessorService.java:305)
