I/OMX_ADEC( 1498): in size 384, in pts 865992000
I/OMX_ADEC( 1498): in size 384, in pts 866016000
I/OMX_ADEC( 1498): in size 384, in pts 866040000
I/OMX_ADEC( 1498): in size 384, in pts 866064000
I/OMX_ADEC( 1498): in size 384, in pts 866088000
I/OMX_ADEC( 1498): in size 384, in pts 866112000
I/OMX_ADEC( 1498): in size 384, in pts 866136000
I/OMX_ADEC( 1498): in size 384, in pts 866160000
I/OMX_ADEC( 1498): in size 384, in pts 866184000
I/OMX_ADEC( 1498): in size 384, in pts 866208000
I/OMX_ADEC( 1498): in size 384, in pts 866232000
I/OMX_ADEC( 1498): in size 384, in pts 866256000
I/OMX_ADEC( 1498): in size 384, in pts 866280000
I/OMX_ADEC( 1498): in size 384, in pts 866304000
I/OMX_ADEC( 1498): in size 384, in pts 866328000
I/OMX_ADEC( 1498): in size 384, in pts 866352000
I/OMX_ADEC( 1498): in size 384, in pts 866376000
I/OMX_ADEC( 1498): in size 384, in pts 866400000
I/OMX_ADEC( 1498): in size 384, in pts 866424000
I/OMX_ADEC( 1498): in size 384, in pts 866448000
I/OMX_ADEC( 1498): in size 384, in pts 866472000
I/OMX_ADEC( 1498): in size 384, in pts 866496000
I/OMX_ADEC( 1498): in size 384, in pts 866520000
I/OMX_ADEC( 1498): in size 384, in pts 866544000
I/OMX_ADEC( 1498): in size 384, in pts 866568000
I/OMX_ADEC( 1498): in size 384, in pts 866592000
I/OMX_ADEC( 1498): in size 384, in pts 866616000
I/OMX_ADEC( 1498): in size 384, in pts 866640000
I/OMX_ADEC( 1498): in size 384, in pts 866664000
I/OMX_ADEC( 1498): in size 384, in pts 866688000
I/OMX_ADEC( 1498): in size 384, in pts 866712000
I/OMX_ADEC( 1498): in size 384, in pts 866736000
I/OMX_ADEC( 1498): in size 384, in pts 866760000
I/OMX_ADEC( 1498): in size 384, in pts 866784000
I/OMX_ADEC( 1498): in size 384, in pts 866808000
I/OMX_ADEC( 1498): in size 384, in pts 866832000
I/OMX_ADEC( 1498): in size 384, in pts 866856000
I/OMX_ADEC( 1498): in size 384, in pts 866880000
I/OMX_ADEC( 1498): in size 384, in pts 866904000
I/OMX_ADEC( 1498): in size 384, in pts 866928000
I/OMX_ADEC( 1498): in size 384, in pts 866952000
I/OMX_ADEC( 1498): in size 384, in pts 866976000
I/OMX_ADEC( 1498): in size 384, in pts 867000000
I/OMX_ADEC( 1498): in size 384, in pts 867024000
I/OMX_ADEC( 1498): in size 384, in pts 867048000
I/OMX_ADEC( 1498): in size 384, in pts 867072000
I/OMX_ADEC( 1498): in size 384, in pts 867096000
I/OMX_ADEC( 1498): in size 384, in pts 867120000
I/OMX_ADEC( 1498): in size 384, in pts 867144000
I/OMX_ADEC( 1498): in size 384, in pts 867168000
I/OMX_ADEC( 1498): in size 384, in pts 867192000
I/OMX_ADEC( 1498): in size 384, in pts 867216000
I/OMX_ADEC( 1498): in size 384, in pts 867240000
I/OMX_ADEC( 1498): in size 384, in pts 867264000
I/OMX_ADEC( 1498): in size 384, in pts 867288000
I/OMX_ADEC( 1498): in size 384, in pts 867312000
I/OMX_ADEC( 1498): in size 384, in pts 867336000
I/OMX_ADEC( 1498): in size 384, in pts 867360000
I/OMX_ADEC( 1498): in size 384, in pts 867384000
I/OMX_ADEC( 1498): in size 384, in pts 867408000
I/OMX_ADEC( 1498): in size 384, in pts 867432000
I/OMX_ADEC( 1498): in size 384, in pts 867456000
I/OMX_ADEC( 1498): in size 384, in pts 867480000
I/OMX_ADEC( 1498): in size 384, in pts 867504000
I/OMX_ADEC( 1498): in size 384, in pts 867528000
I/OMX_ADEC( 1498): in size 384, in pts 867552000
I/OMX_ADEC( 1498): in size 384, in pts 867576000
I/OMX_ADEC( 1498): in size 384, in pts 867600000
I/OMX_ADEC( 1498): in size 384, in pts 867624000
I/OMX_ADEC( 1498): in size 384, in pts 867648000
I/OMX_ADEC( 1498): in size 384, in pts 867672000
I/OMX_ADEC( 1498): in size 384, in pts 867696000
I/OMX_ADEC( 1498): in size 384, in pts 867720000
I/OMX_ADEC( 1498): in size 384, in pts 867744000
I/OMX_ADEC( 1498): in size 384, in pts 867768000
I/OMX_ADEC( 1498): in size 384, in pts 867792000
I/OMX_ADEC( 1498): in size 384, in pts 867816000
I/OMX_ADEC( 1498): in size 384, in pts 867840000
I/OMX_ADEC( 1498): in size 384, in pts 867864000
I/OMX_ADEC( 1498): in size 384, in pts 867888000
I/OMX_ADEC( 1498): in size 384, in pts 867912000
I/OMX_ADEC( 1498): in size 384, in pts 867936000
I/OMX_ADEC( 1498): in size 384, in pts 867960000
I/OMX_ADEC( 1498): in size 384, in pts 867984000
I/OMX_ADEC( 1498): in size 384, in pts 868008000
I/OMX_ADEC( 1498): in size 384, in pts 868032000
I/OMX_ADEC( 1498): in size 384, in pts 868056000
I/OMX_ADEC( 1498): in size 384, in pts 868080000
I/OMX_ADEC( 1498): in size 384, in pts 868104000
I/OMX_ADEC( 1498): in size 384, in pts 868128000
I/OMX_ADEC( 1498): in size 384, in pts 868152000
I/OMX_ADEC( 1498): in size 384, in pts 868176000
I/OMX_ADEC( 1498): in size 384, in pts 868200000
I/OMX_ADEC( 1498): in size 384, in pts 868224000
I/OMX_ADEC( 1498): in size 384, in pts 868248000
I/OMX_ADEC( 1498): in size 384, in pts 868272000
I/OMX_ADEC( 1498): in size 384, in pts 868296000
I/OMX_ADEC( 1498): in size 384, in pts 868320000
I/OMX_ADEC( 1498): in size 384, in pts 868344000
I/OMX_ADEC( 1498): in size 384, in pts 868368000
I/OMX_ADEC( 1498): in size 384, in pts 868392000
I/OMX_ADEC( 1498): in size 384, in pts 868416000
I/OMX_ADEC( 1498): in size 384, in pts 868440000
I/OMX_ADEC( 1498): in size 384, in pts 868464000
I/OMX_ADEC( 1498): in size 384, in pts 868488000
I/OMX_ADEC( 1498): in size 384, in pts 868512000
I/OMX_ADEC( 1498): in size 384, in pts 868536000
I/OMX_ADEC( 1498): in size 384, in pts 868560000
I/OMX_ADEC( 1498): in size 384, in pts 868584000
I/OMX_ADEC( 1498): in size 384, in pts 868608000
I/OMX_ADEC( 1498): in size 384, in pts 868632000
I/OMX_ADEC( 1498): in size 384, in pts 868656000
I/OMX_ADEC( 1498): in size 384, in pts 868680000
I/OMX_ADEC( 1498): in size 384, in pts 868704000
I/OMX_ADEC( 1498): in size 384, in pts 868728000
I/OMX_ADEC( 1498): in size 384, in pts 868752000
I/OMX_ADEC( 1498): in size 384, in pts 868776000
I/OMX_ADEC( 1498): in size 384, in pts 868800000
I/OMX_ADEC( 1498): in size 384, in pts 868824000
I/OMX_ADEC( 1498): in size 384, in pts 868848000
I/OMX_ADEC( 1498): in size 384, in pts 868872000
I/OMX_ADEC( 1498): in size 384, in pts 868896000
I/OMX_ADEC( 1498): in size 384, in pts 868920000
I/OMX_ADEC( 1498): in size 384, in pts 868944000
I/OMX_ADEC( 1498): in size 384, in pts 868968000
I/OMX_ADEC( 1498): in size 384, in pts 868992000
I/OMX_ADEC( 1498): in size 384, in pts 869016000
I/OMX_ADEC( 1498): in size 384, in pts 869040000
I/OMX_ADEC( 1498): in size 384, in pts 869064000
I/OMX_ADEC( 1498): in size 384, in pts 869088000
I/OMX_ADEC( 1498): in size 384, in pts 869112000
I/OMX_ADEC( 1498): in size 384, in pts 869136000
I/OMX_ADEC( 1498): in size 384, in pts 869160000
I/OMX_ADEC( 1498): in size 384, in pts 869184000
I/OMX_ADEC( 1498): in size 384, in pts 869208000
I/OMX_ADEC( 1498): in size 384, in pts 869232000
I/OMX_ADEC( 1498): in size 384, in pts 869256000
I/OMX_ADEC( 1498): in size 384, in pts 869280000
I/OMX_ADEC( 1498): in size 384, in pts 869304000
I/OMX_ADEC( 1498): in size 384, in pts 869328000
I/OMX_ADEC( 1498): in size 384, in pts 869352000
I/OMX_ADEC( 1498): in size 384, in pts 869376000
I/OMX_ADEC( 1498): in size 384, in pts 869400000
I/OMX_ADEC( 1498): in size 384, in pts 869424000
I/OMX_ADEC( 1498): in size 384, in pts 869448000
I/OMX_ADEC( 1498): in size 384, in pts 869472000
I/OMX_ADEC( 1498): in size 384, in pts 869496000
I/OMX_ADEC( 1498): in size 384, in pts 869520000
I/OMX_ADEC( 1498): in size 384, in pts 869544000
I/OMX_ADEC( 1498): in size 384, in pts 869568000
I/OMX_ADEC( 1498): in size 384, in pts 869592000
I/OMX_ADEC( 1498): in size 384, in pts 869616000
I/OMX_ADEC( 1498): in size 384, in pts 869640000
I/OMX_ADEC( 1498): in size 384, in pts 869664000
I/OMX_ADEC( 1498): in size 384, in pts 869688000
I/OMX_ADEC( 1498): in size 384, in pts 869712000
I/OMX_ADEC( 1498): in size 384, in pts 869736000
I/OMX_ADEC( 1498): in size 384, in pts 869760000
I/OMX_ADEC( 1498): in size 384, in pts 869784000
I/OMX_ADEC( 1498): in size 384, in pts 869808000
I/OMX_ADEC( 1498): in size 384, in pts 869832000
I/OMX_ADEC( 1498): in size 384, in pts 869856000
I/OMX_ADEC( 1498): in size 384, in pts 869880000
I/OMX_ADEC( 1498): in size 384, in pts 869904000
I/OMX_ADEC( 1498): in size 384, in pts 869928000
I/OMX_ADEC( 1498): in size 384, in pts 869952000
I/OMX_ADEC( 1498): in size 384, in pts 869976000
I/OMX_ADEC( 1498): in size 384, in pts 870000000
I/OMX_ADEC( 1498): in size 384, in pts 870024000
I/OMX_ADEC( 1498): in size 384, in pts 870048000
I/OMX_ADEC( 1498): in size 384, in pts 870072000
I/OMX_ADEC( 1498): in size 384, in pts 870096000
I/OMX_ADEC( 1498): in size 384, in pts 870120000
I/OMX_ADEC( 1498): in size 384, in pts 870144000
I/OMX_ADEC( 1498): in size 384, in pts 870168000
I/OMX_ADEC( 1498): in size 384, in pts 870192000
I/OMX_ADEC( 1498): in size 384, in pts 870216000
I/OMX_ADEC( 1498): in size 384, in pts 870240000
I/OMX_ADEC( 1498): in size 384, in pts 870264000
I/OMX_ADEC( 1498): in size 384, in pts 870288000
I/OMX_ADEC( 1498): in size 384, in pts 870312000
I/OMX_ADEC( 1498): in size 384, in pts 870336000
I/OMX_ADEC( 1498): in size 384, in pts 870360000
I/OMX_ADEC( 1498): in size 384, in pts 870384000
I/OMX_ADEC( 1498): in size 384, in pts 870408000
I/OMX_ADEC( 1498): in size 384, in pts 870432000
I/OMX_ADEC( 1498): in size 384, in pts 870456000
I/OMX_ADEC( 1498): in size 384, in pts 870480000
I/OMX_ADEC( 1498): in size 384, in pts 870504000
I/OMX_ADEC( 1498): in size 384, in pts 870528000
I/OMX_ADEC( 1498): in size 384, in pts 870552000
I/OMX_ADEC( 1498): in size 384, in pts 870576000
I/OMX_ADEC( 1498): in size 384, in pts 870600000
I/OMX_ADEC( 1498): in size 384, in pts 870624000
I/OMX_ADEC( 1498): in size 384, in pts 870648000
I/OMX_ADEC( 1498): in size 384, in pts 870672000
I/OMX_ADEC( 1498): in size 384, in pts 870696000
I/OMX_ADEC( 1498): in size 384, in pts 870720000
I/OMX_ADEC( 1498): in size 384, in pts 870744000
I/OMX_ADEC( 1498): in size 384, in pts 870768000
I/OMX_ADEC( 1498): in size 384, in pts 870792000
I/OMX_ADEC( 1498): in size 384, in pts 870816000
I/OMX_ADEC( 1498): in size 384, in pts 870840000
I/OMX_ADEC( 1498): in size 384, in pts 870864000
I/OMX_ADEC( 1498): in size 384, in pts 870888000
I/OMX_ADEC( 1498): in size 384, in pts 870912000
I/OMX_ADEC( 1498): in size 384, in pts 870936000
I/OMX_ADEC( 1498): in size 384, in pts 870960000
I/OMX_ADEC( 1498): in size 384, in pts 870984000
I/OMX_ADEC( 1498): in size 384, in pts 871008000
I/OMX_ADEC( 1498): in size 384, in pts 871032000
I/OMX_ADEC( 1498): in size 384, in pts 871056000
I/OMX_ADEC( 1498): in size 384, in pts 871080000
I/OMX_ADEC( 1498): in size 384, in pts 871104000
I/OMX_ADEC( 1498): in size 384, in pts 871128000
I/OMX_ADEC( 1498): in size 384, in pts 871152000
I/OMX_ADEC( 1498): in size 384, in pts 871176000
I/OMX_ADEC( 1498): in size 384, in pts 871200000
I/OMX_ADEC( 1498): in size 384, in pts 871224000
I/OMX_ADEC( 1498): in size 384, in pts 871248000
I/OMX_ADEC( 1498): in size 384, in pts 871272000
I/OMX_ADEC( 1498): in size 384, in pts 871296000
I/OMX_ADEC( 1498): in size 384, in pts 871320000
I/OMX_ADEC( 1498): in size 384, in pts 871344000
I/OMX_ADEC( 1498): in size 384, in pts 871368000
I/OMX_ADEC( 1498): in size 384, in pts 871392000
I/OMX_ADEC( 1498): in size 384, in pts 871416000
I/OMX_ADEC( 1498): in size 384, in pts 871440000
I/OMX_ADEC( 1498): in size 384, in pts 871464000
I/OMX_ADEC( 1498): in size 384, in pts 871488000
I/OMX_ADEC( 1498): in size 384, in pts 871512000
I/OMX_ADEC( 1498): in size 384, in pts 871536000
I/OMX_ADEC( 1498): in size 384, in pts 871560000
I/OMX_ADEC( 1498): in size 384, in pts 871584000
I/OMX_ADEC( 1498): in size 384, in pts 871608000
I/OMX_ADEC( 1498): in size 384, in pts 871632000
I/OMX_ADEC( 1498): in size 384, in pts 871656000
I/OMX_ADEC( 1498): in size 384, in pts 871680000
I/OMX_ADEC( 1498): in size 384, in pts 871704000
I/OMX_ADEC( 1498): in size 384, in pts 871728000
I/OMX_ADEC( 1498): in size 384, in pts 871752000
I/OMX_ADEC( 1498): in size 384, in pts 871776000
I/OMX_ADEC( 1498): in size 384, in pts 871800000
I/OMX_ADEC( 1498): in size 384, in pts 871824000
I/OMX_ADEC( 1498): in size 384, in pts 871848000
I/OMX_ADEC( 1498): in size 384, in pts 871872000
I/OMX_ADEC( 1498): in size 384, in pts 871896000
I/OMX_ADEC( 1498): in size 384, in pts 871920000
I/OMX_ADEC( 1498): in size 384, in pts 871944000
I/OMX_ADEC( 1498): in size 384, in pts 871968000
I/OMX_ADEC( 1498): in size 384, in pts 871992000
I/OMX_ADEC( 1498): in size 384, in pts 872016000
I/OMX_ADEC( 1498): in size 384, in pts 872040000
I/OMX_ADEC( 1498): in size 384, in pts 872064000
I/OMX_ADEC( 1498): in size 384, in pts 872088000
I/OMX_ADEC( 1498): in size 384, in pts 872112000
I/OMX_ADEC( 1498): in size 384, in pts 872136000
I/OMX_ADEC( 1498): in size 384, in pts 872160000
I/OMX_ADEC( 1498): in size 384, in pts 872184000
I/OMX_ADEC( 1498): in size 384, in pts 872208000
I/OMX_ADEC( 1498): in size 384, in pts 872232000
I/OMX_ADEC( 1498): in size 384, in pts 872256000
I/OMX_ADEC( 1498): in size 384, in pts 872280000
I/OMX_ADEC( 1498): in size 384, in pts 872304000
I/OMX_ADEC( 1498): in size 384, in pts 872328000
I/OMX_ADEC( 1498): in size 384, in pts 872352000
I/OMX_ADEC( 1498): in size 384, in pts 872376000
I/OMX_ADEC( 1498): in size 384, in pts 872400000
I/OMX_ADEC( 1498): in size 384, in pts 872424000
I/OMX_ADEC( 1498): in size 384, in pts 872448000
I/OMX_ADEC( 1498): in size 384, in pts 872472000
I/OMX_ADEC( 1498): in size 384, in pts 872496000
I/OMX_ADEC( 1498): in size 384, in pts 872520000
I/OMX_ADEC( 1498): in size 384, in pts 872544000
I/OMX_ADEC( 1498): in size 384, in pts 872568000
I/OMX_ADEC( 1498): in size 384, in pts 872592000
I/OMX_ADEC( 1498): in size 384, in pts 872616000
I/OMX_ADEC( 1498): in size 384, in pts 872640000
I/OMX_ADEC( 1498): in size 384, in pts 872664000
I/OMX_ADEC( 1498): in size 384, in pts 872688000
I/OMX_ADEC( 1498): in size 384, in pts 872712000
I/OMX_ADEC( 1498): in size 384, in pts 872736000
I/OMX_ADEC( 1498): in size 384, in pts 872760000
I/OMX_ADEC( 1498): in size 384, in pts 872784000
I/OMX_ADEC( 1498): in size 384, in pts 872808000
I/OMX_ADEC( 1498): in size 384, in pts 872832000
I/OMX_ADEC( 1498): in size 384, in pts 872856000
I/OMX_ADEC( 1498): in size 384, in pts 872880000
I/OMX_ADEC( 1498): in size 384, in pts 872904000
I/OMX_ADEC( 1498): in size 384, in pts 872928000
I/OMX_ADEC( 1498): in size 384, in pts 872952000
I/OMX_ADEC( 1498): in size 384, in pts 872976000
I/OMX_ADEC( 1498): in size 384, in pts 873000000
I/OMX_ADEC( 1498): in size 384, in pts 873024000
I/OMX_ADEC( 1498): in size 384, in pts 873048000
I/OMX_ADEC( 1498): in size 384, in pts 873072000
I/OMX_ADEC( 1498): in size 384, in pts 873096000
I/OMX_ADEC( 1498): in size 384, in pts 873120000
I/OMX_ADEC( 1498): in size 384, in pts 873144000
I/OMX_ADEC( 1498): in size 384, in pts 873168000
I/OMX_ADEC( 1498): in size 384, in pts 873192000
I/OMX_ADEC( 1498): in size 384, in pts 873216000
I/OMX_ADEC( 1498): in size 384, in pts 873240000
I/OMX_ADEC( 1498): in size 384, in pts 873264000
I/OMX_ADEC( 1498): in size 384, in pts 873288000
I/OMX_ADEC( 1498): in size 384, in pts 873312000
I/OMX_ADEC( 1498): in size 384, in pts 873336000
I/OMX_ADEC( 1498): in size 384, in pts 873360000
I/OMX_ADEC( 1498): in size 384, in pts 873384000
I/OMX_ADEC( 1498): in size 384, in pts 873408000
I/OMX_ADEC( 1498): in size 384, in pts 873432000
I/OMX_ADEC( 1498): in size 384, in pts 873456000
I/OMX_ADEC( 1498): in size 384, in pts 873480000
I/OMX_ADEC( 1498): in size 384, in pts 873504000
I/OMX_ADEC( 1498): in size 384, in pts 873528000
I/OMX_ADEC( 1498): in size 384, in pts 873552000
I/OMX_ADEC( 1498): in size 384, in pts 873576000
I/OMX_ADEC( 1498): in size 384, in pts 873600000
I/OMX_ADEC( 1498): in size 384, in pts 873624000
I/OMX_ADEC( 1498): in size 384, in pts 873648000
I/OMX_ADEC( 1498): in size 384, in pts 873672000
I/OMX_ADEC( 1498): in size 384, in pts 873696000
I/OMX_ADEC( 1498): in size 384, in pts 873720000
I/OMX_ADEC( 1498): in size 384, in pts 873744000
I/OMX_ADEC( 1498): in size 384, in pts 873768000
I/OMX_ADEC( 1498): in size 384, in pts 873792000
I/OMX_ADEC( 1498): in size 384, in pts 873816000
I/OMX_ADEC( 1498): in size 384, in pts 873840000
I/OMX_ADEC( 1498): in size 384, in pts 873864000
I/OMX_ADEC( 1498): in size 384, in pts 873888000
I/OMX_ADEC( 1498): in size 384, in pts 873912000
I/OMX_ADEC( 1498): in size 384, in pts 873936000
I/OMX_ADEC( 1498): in size 384, in pts 873960000
I/OMX_ADEC( 1498): in size 384, in pts 873984000
I/OMX_ADEC( 1498): in size 384, in pts 874008000
I/OMX_ADEC( 1498): in size 384, in pts 874032000
I/OMX_ADEC( 1498): in size 384, in pts 874056000
I/OMX_ADEC( 1498): in size 384, in pts 874080000
I/OMX_ADEC( 1498): in size 384, in pts 874104000
I/OMX_ADEC( 1498): in size 384, in pts 874128000
I/OMX_ADEC( 1498): in size 384, in pts 874152000
I/OMX_ADEC( 1498): in size 384, in pts 874176000
I/OMX_ADEC( 1498): in size 384, in pts 874200000
I/OMX_ADEC( 1498): in size 384, in pts 874224000
I/OMX_ADEC( 1498): in size 384, in pts 874248000
I/OMX_ADEC( 1498): in size 384, in pts 874272000
I/OMX_ADEC( 1498): in size 384, in pts 874296000
I/OMX_ADEC( 1498): in size 384, in pts 874320000
I/OMX_ADEC( 1498): in size 384, in pts 874344000
I/OMX_ADEC( 1498): in size 384, in pts 874368000
I/OMX_ADEC( 1498): in size 384, in pts 874392000
I/OMX_ADEC( 1498): in size 384, in pts 874416000
I/OMX_ADEC( 1498): in size 384, in pts 874440000
I/OMX_ADEC( 1498): in size 384, in pts 874464000
I/OMX_ADEC( 1498): in size 384, in pts 874488000
I/OMX_ADEC( 1498): in size 384, in pts 874512000
I/OMX_ADEC( 1498): in size 384, in pts 874536000
I/OMX_ADEC( 1498): in size 384, in pts 874560000
I/OMX_ADEC( 1498): in size 384, in pts 874584000
I/OMX_ADEC( 1498): in size 384, in pts 874608000
I/OMX_ADEC( 1498): in size 384, in pts 874632000
I/OMX_ADEC( 1498): in size 384, in pts 874656000
I/OMX_ADEC( 1498): in size 384, in pts 874680000
I/OMX_ADEC( 1498): in size 384, in pts 874704000
I/OMX_ADEC( 1498): in size 384, in pts 874728000
I/OMX_ADEC( 1498): in size 384, in pts 874752000
I/OMX_ADEC( 1498): in size 384, in pts 874776000
I/OMX_ADEC( 1498): in size 384, in pts 874800000
I/OMX_ADEC( 1498): in size 384, in pts 874824000
I/OMX_ADEC( 1498): in size 384, in pts 874848000
I/OMX_ADEC( 1498): in size 384, in pts 874872000
I/OMX_ADEC( 1498): in size 384, in pts 874896000
I/OMX_ADEC( 1498): in size 384, in pts 874920000
I/OMX_ADEC( 1498): in size 384, in pts 874944000
I/OMX_ADEC( 1498): in size 384, in pts 874968000
I/OMX_ADEC( 1498): in size 384, in pts 874992000
I/OMX_ADEC( 1498): in size 384, in pts 875016000
I/OMX_ADEC( 1498): in size 384, in pts 875040000
I/OMX_ADEC( 1498): in size 384, in pts 875064000
I/OMX_ADEC( 1498): in size 384, in pts 875088000
I/OMX_ADEC( 1498): in size 384, in pts 875112000
I/OMX_ADEC( 1498): in size 384, in pts 875136000
I/OMX_ADEC( 1498): in size 384, in pts 875160000
I/OMX_ADEC( 1498): in size 384, in pts 875184000
I/OMX_ADEC( 1498): in size 384, in pts 875208000
I/OMX_ADEC( 1498): in size 384, in pts 875232000
I/OMX_ADEC( 1498): in size 384, in pts 875256000
I/OMX_ADEC( 1498): in size 384, in pts 875280000
I/OMX_ADEC( 1498): in size 384, in pts 875304000
I/OMX_ADEC( 1498): in size 384, in pts 875328000
I/OMX_ADEC( 1498): in size 384, in pts 875352000
I/OMX_ADEC( 1498): in size 384, in pts 875376000
I/OMX_ADEC( 1498): in size 384, in pts 875400000
I/OMX_ADEC( 1498): in size 384, in pts 875424000
I/OMX_ADEC( 1498): in size 384, in pts 875448000
I/OMX_ADEC( 1498): in size 384, in pts 875472000
I/OMX_ADEC( 1498): in size 384, in pts 875496000
I/OMX_ADEC( 1498): in size 384, in pts 875520000
I/OMX_ADEC( 1498): in size 384, in pts 875544000
I/OMX_ADEC( 1498): in size 384, in pts 875568000
I/OMX_ADEC( 1498): in size 384, in pts 875592000
I/OMX_ADEC( 1498): in size 384, in pts 875616000
D/AndroidRuntime( 2767): >>>>>> START com.android.internal.os.RuntimeInit uid 0 <<<<<<
D/AndroidRuntime( 2767): CheckJNI is ON
I/OMX_ADEC( 1498): in size 384, in pts 875640000
I/OMX_ADEC( 1498): in size 384, in pts 875664000
I/OMX_ADEC( 1498): in size 384, in pts 875688000
I/OMX_ADEC( 1498): in size 384, in pts 875712000
E/cutils-trace( 2767): Error opening trace file: No such file or directory (2)
I/OMX_ADEC( 1498): in size 384, in pts 875736000
I/OMX_ADEC( 1498): in size 384, in pts 875760000
I/OMX_ADEC( 1498): in size 384, in pts 875784000
I/OMX_ADEC( 1498): in size 384, in pts 875808000
I/OMX_ADEC( 1498): in size 384, in pts 875832000
I/OMX_ADEC( 1498): in size 384, in pts 875856000
I/OMX_ADEC( 1498): in size 384, in pts 875880000
E/memtrack( 2767): Couldn't load memtrack module (No such file or directory)
E/android.os.Debug( 2767): failed to load memtrack module: -2
I/OMX_ADEC( 1498): in size 384, in pts 875904000
I/OMX_ADEC( 1498): in size 384, in pts 875928000
I/OMX_ADEC( 1498): in size 384, in pts 875952000
I/OMX_ADEC( 1498): in size 384, in pts 875976000
I/OMX_ADEC( 1498): in size 384, in pts 876000000
I/OMX_ADEC( 1498): in size 384, in pts 876024000
I/OMX_ADEC( 1498): in size 384, in pts 876048000
D/AndroidRuntime( 2767): Calling main entry com.android.commands.input.Input
I/Input   ( 2767): injectKeyEvent: KeyEvent { action=ACTION_DOWN, keyCode=KEYCODE_BACK, scanCode=0, metaState=0, flags=0x0, repeatCount=0, eventTime=195388, downTime=195388, deviceId=-1, source=0x101 }
I/OMX_ADEC( 1498): in size 384, in pts 876072000
I/Input   ( 2767): injectKeyEvent: KeyEvent { action=ACTION_UP, keyCode=KEYCODE_BACK, scanCode=0, metaState=0, flags=0x0, repeatCount=0, eventTime=195388, downTime=195388, deviceId=-1, source=0x101 }
D/AndroidRuntime( 2767): Shutting down VM
D/NuPlayerDriver( 1498): reset(0xb5873dc0)
D/OMX_ADEC( 1498): send_command, cmd 1, para1 ffffffff
D/OMX_ADEC( 1498): OMX_CommandFlush
D/OMX_ADEC( 1498): Flush input
D/OMX_ADEC( 1498): Flush output
I/OMX_ADEC( 1498): return_inbuffers
I/OMX_ADEC( 1498): return_inbuffers done
I/OMX_ADEC( 1498): return_outbuffers
I/OMX_ADEC( 1498): return_outbuffers done
D/OMX_ADEC( 1498): send_command, cmd 0, para1 2
D/OMX_ADEC( 1498): cmd OMX_CommandStateSet
D/OMX_ADEC( 1498): state change, 0x3 -> 0x2
D/OMX_ADEC( 1498): internal_stop
D/OMX_ADEC( 1498): exit decoder thread
I/OMX_ADEC( 1498): return_inbuffers
I/OMX_ADEC( 1498): return_inbuffers done
I/OMX_ADEC( 1498): return_outbuffers
I/OMX_ADEC( 1498): return_outbuffers done
D/OMX_ADEC( 1498): send_command, cmd 0, para1 1
D/OMX_ADEC( 1498): cmd OMX_CommandStateSet
D/OMX_ADEC( 1498): state change, 0x2 -> 0x1
D/OMX_ADEC( 1498): internal_release pcompriv 0xb580e800
D/OMX_ADEC( 1498): free_buffer
D/OMX_ADEC( 1498): free_buffer
D/OMX_ADEC( 1498): free_buffer
D/OMX_ADEC( 1498): free_buffer
D/OMX_ADEC( 1498): free_buffer
D/OMX_ADEC( 1498): free_buffer
D/OMX_ADEC( 1498): free_buffer
D/OMX_ADEC( 1498): free_buffer
D/OMX_ADEC( 1498): free_buffer
D/OMX_ADEC( 1498): free_buffer
D/OMX_ADEC( 1498): free_buffer
D/OMX_ADEC( 1498): free_buffer
D/OMX_ADEC( 1498): free_buffer
D/OMX_ADEC( 1498): free_buffer
D/OMX_ADEC( 1498): free_buffer
D/OMX_ADEC( 1498): free_buffer
D/OMX_ADEC( 1498): free_buffer
D/OMX_ADEC( 1498): get_state is 0x1
D/OMX_ADEC( 1498): component_deinit
D/MT_OMXVDEC( 1498): [OmxState] Executing --> Idle_Pending
D/MT_OMXVDEC( 1498): [OmxState] Idle_Pending --> Idle
D/MT_OMXVDEC( 1498): [OmxState] Idle --> Loaded_Pending
D/MT_OMXVDEC( 1498): [OmxState] Loaded_Pending --> Loaded
W/ActivityManager( 1877): Activity pause timeout for ActivityRecord{1f0dd997 u0 com.android.gallery3d/.app.MovieActivity t318 f}
W/ActivityManager( 1877): getRunningAppProcesses: caller 10041 does not hold REAL_GET_TASKS; limiting output
W/ActivityManager( 1877): getRunningAppProcesses: caller 10041 does not hold REAL_GET_TASKS; limiting output
E/ion     ( 1492): ioctl c0044901 failed with code -1: Invalid argument
E/[Gralloc-ERROR]( 1492): int alloc_device_free(alloc_device_t*, buffer_handle_t):655 Failed to free metadata buffer( ion_client: 14 ion_hnd: 0xb5c3d270 )
E/ion     ( 1492): ioctl c0044901 failed with code -1: Invalid argument
E/[Gralloc-ERROR]( 1492): int alloc_device_free(alloc_device_t*, buffer_handle_t):655 Failed to free metadata buffer( ion_client: 14 ion_hnd: 0xb5c3d270 )
E/ion     ( 1492): ioctl c0044901 failed with code -1: Invalid argument
E/[Gralloc-ERROR]( 1492): int alloc_device_free(alloc_device_t*, buffer_handle_t):655 Failed to free metadata buffer( ion_client: 14 ion_hnd: 0x10 )
E/ion     ( 1492): ioctl c0044901 failed with code -1: Invalid argument
E/[Gralloc-ERROR]( 1492): int alloc_device_free(alloc_device_t*, buffer_handle_t):655 Failed to free metadata buffer( ion_client: 14 ion_hnd: 0xb5c3d270 )
I/FFMPEGExtractor( 1498): enter stop()
I/FFMPEGExtractor( 1498): exit stop()
I/FFMPEGExtractor( 1498): enter stop()
I/FFMPEGExtractor( 1498): exit stop()
I/FFMPEGExtractor( 1498): enter ~FFMPEGExtractor()
D/WifiService( 1877): releaseWifiLockLocked: WifiLock{ES Wifi Lock type=3 binder=android.os.BinderProxy@39aa5d76}
E/sdkstat ( 2172): 
D/NuPlayerDriver( 1498): notifyResetComplete(0xb5873dc0)
D/NuPlayerDriver( 1498): reset(0xb5873dc0)
E/ion     ( 1492): ioctl c0044901 failed with code -1: Invalid argument
E/[Gralloc-ERROR]( 1492): int alloc_device_free(alloc_device_t*, buffer_handle_t):655 Failed to free metadata buffer( ion_client: 14 ion_hnd: 0xb6d9d6f9 )
E/ion     ( 1492): ioctl c0044901 failed with code -1: Invalid argument
E/[Gralloc-ERROR]( 1492): int alloc_device_free(alloc_device_t*, buffer_handle_t):655 Failed to free metadata buffer( ion_client: 14 ion_hnd: 0xb6d9d6f9 )
I/MediaFocusControl( 1877):  AudioFocus  abandonAudioFocus() from android.media.AudioManager@3eb6ae9b
E/ion     ( 1492): ioctl c0044901 failed with code -1: Invalid argument
E/[Gralloc-ERROR]( 1492): int alloc_device_free(alloc_device_t*, buffer_handle_t):655 Failed to free metadata buffer( ion_client: 14 ion_hnd: 0x10 )
E/SoundPool( 1877): error loading /system/media/audio/ui/Effect_Tick.ogg
W/AudioService( 1877): Soundpool could not load file: /system/media/audio/ui/Effect_Tick.ogg
E/SoundPool( 1877): error loading /system/media/audio/ui/Effect_Tick.ogg
W/AudioService( 1877): Soundpool could not load file: /system/media/audio/ui/Effect_Tick.ogg
E/SoundPool( 1877): error loading /system/media/audio/ui/Effect_Tick.ogg
W/AudioService( 1877): Soundpool could not load file: /system/media/audio/ui/Effect_Tick.ogg
E/SoundPool( 1877): error loading /system/media/audio/ui/Effect_Tick.ogg
W/AudioService( 1877): Soundpool could not load file: /system/media/audio/ui/Effect_Tick.ogg
E/SoundPool( 1877): error loading /system/media/audio/ui/Effect_Tick.ogg
W/AudioService( 1877): Soundpool could not load file: /system/media/audio/ui/Effect_Tick.ogg
E/SoundPool( 1877): error loading /system/media/audio/ui/KeypressStandard.ogg
W/AudioService( 1877): Soundpool could not load file: /system/media/audio/ui/KeypressStandard.ogg
E/SoundPool( 1877): error loading /system/media/audio/ui/KeypressSpacebar.ogg
W/AudioService( 1877): Soundpool could not load file: /system/media/audio/ui/KeypressSpacebar.ogg
E/SoundPool( 1877): error loading /system/media/audio/ui/KeypressDelete.ogg
W/AudioService( 1877): Soundpool could not load file: /system/media/audio/ui/KeypressDelete.ogg
E/SoundPool( 1877): error loading /system/media/audio/ui/KeypressReturn.ogg
W/AudioService( 1877): Soundpool could not load file: /system/media/audio/ui/KeypressReturn.ogg
E/SoundPool( 1877): error loading /system/media/audio/ui/KeypressInvalid.ogg
W/AudioService( 1877): Soundpool could not load file: /system/media/audio/ui/KeypressInvalid.ogg
W/AudioService( 1877): onLoadSoundEffects(), Error -1 while loading samples
E/SoundPool( 1877): error loading /system/media/audio/ui/Effect_Tick.ogg
W/AudioService( 1877): Soundpool could not load file: /system/media/audio/ui/Effect_Tick.ogg
E/SoundPool( 1877): error loading /system/media/audio/ui/Effect_Tick.ogg
W/AudioService( 1877): Soundpool could not load file: /system/media/audio/ui/Effect_Tick.ogg
E/SoundPool( 1877): error loading /system/media/audio/ui/Effect_Tick.ogg
W/AudioService( 1877): Soundpool could not load file: /system/media/audio/ui/Effect_Tick.ogg
E/SoundPool( 1877): error loading /system/media/audio/ui/Effect_Tick.ogg
W/AudioService( 1877): Soundpool could not load file: /system/media/audio/ui/Effect_Tick.ogg
E/SoundPool( 1877): error loading /system/media/audio/ui/Effect_Tick.ogg
W/AudioService( 1877): Soundpool could not load file: /system/media/audio/ui/Effect_Tick.ogg
E/SoundPool( 1877): error loading /system/media/audio/ui/KeypressStandard.ogg
W/AudioService( 1877): Soundpool could not load file: /system/media/audio/ui/KeypressStandard.ogg
E/SoundPool( 1877): error loading /system/media/audio/ui/KeypressSpacebar.ogg
W/AudioService( 1877): Soundpool could not load file: /system/media/audio/ui/KeypressSpacebar.ogg
E/SoundPool( 1877): error loading /system/media/audio/ui/KeypressDelete.ogg
W/AudioService( 1877): Soundpool could not load file: /system/media/audio/ui/KeypressDelete.ogg
E/SoundPool( 1877): error loading /system/media/audio/ui/KeypressReturn.ogg
W/AudioService( 1877): Soundpool could not load file: /system/media/audio/ui/KeypressReturn.ogg
E/SoundPool( 1877): error loading /system/media/audio/ui/KeypressInvalid.ogg
W/AudioService( 1877): Soundpool could not load file: /system/media/audio/ui/KeypressInvalid.ogg
W/AudioService( 1877): onLoadSoundEffects(), Error -1 while loading samples
E/SoundPool( 1877): error loading /system/media/audio/ui/Effect_Tick.ogg
W/AudioService( 1877): Soundpool could not load file: /system/media/audio/ui/Effect_Tick.ogg
E/SoundPool( 1877): error loading /system/media/audio/ui/Effect_Tick.ogg
W/AudioService( 1877): Soundpool could not load file: /system/media/audio/ui/Effect_Tick.ogg
E/SoundPool( 1877): error loading /system/media/audio/ui/Effect_Tick.ogg
W/AudioService( 1877): Soundpool could not load file: /system/media/audio/ui/Effect_Tick.ogg
E/SoundPool( 1877): error loading /system/media/audio/ui/Effect_Tick.ogg
W/AudioService( 1877): Soundpool could not load file: /system/media/audio/ui/Effect_Tick.ogg
E/SoundPool( 1877): error loading /system/media/audio/ui/Effect_Tick.ogg
W/AudioService( 1877): Soundpool could not load file: /system/media/audio/ui/Effect_Tick.ogg
E/SoundPool( 1877): error loading /system/media/audio/ui/KeypressStandard.ogg
W/AudioService( 1877): Soundpool could not load file: /system/media/audio/ui/KeypressStandard.ogg
E/SoundPool( 1877): error loading /system/media/audio/ui/KeypressSpacebar.ogg
W/AudioService( 1877): Soundpool could not load file: /system/media/audio/ui/KeypressSpacebar.ogg
E/SoundPool( 1877): error loading /system/media/audio/ui/KeypressDelete.ogg
W/AudioService( 1877): Soundpool could not load file: /system/media/audio/ui/KeypressDelete.ogg
E/SoundPool( 1877): error loading /system/media/audio/ui/KeypressReturn.ogg
W/AudioService( 1877): Soundpool could not load file: /system/media/audio/ui/KeypressReturn.ogg
E/SoundPool( 1877): error loading /system/media/audio/ui/KeypressInvalid.ogg
W/AudioService( 1877): Soundpool could not load file: /system/media/audio/ui/KeypressInvalid.ogg
W/AudioService( 1877): onLoadSoundEffects(), Error -1 while loading samples
E/SoundPool( 1877): error loading /system/media/audio/ui/Effect_Tick.ogg
W/AudioService( 1877): Soundpool could not load file: /system/media/audio/ui/Effect_Tick.ogg
E/SoundPool( 1877): error loading /system/media/audio/ui/Effect_Tick.ogg
W/AudioService( 1877): Soundpool could not load file: /system/media/audio/ui/Effect_Tick.ogg
E/SoundPool( 1877): error loading /system/media/audio/ui/Effect_Tick.ogg
W/AudioService( 1877): Soundpool could not load file: /system/media/audio/ui/Effect_Tick.ogg
E/SoundPool( 1877): error loading /system/media/audio/ui/Effect_Tick.ogg
W/AudioService( 1877): Soundpool could not load file: /system/media/audio/ui/Effect_Tick.ogg
E/SoundPool( 1877): error loading /system/media/audio/ui/Effect_Tick.ogg
W/AudioService( 1877): Soundpool could not load file: /system/media/audio/ui/Effect_Tick.ogg
E/SoundPool( 1877): error loading /system/media/audio/ui/KeypressStandard.ogg
W/AudioService( 1877): Soundpool could not load file: /system/media/audio/ui/KeypressStandard.ogg
E/SoundPool( 1877): error loading /system/media/audio/ui/KeypressSpacebar.ogg
W/AudioService( 1877): Soundpool could not load file: /system/media/audio/ui/KeypressSpacebar.ogg
E/SoundPool( 1877): error loading /system/media/audio/ui/KeypressDelete.ogg
W/AudioService( 1877): Soundpool could not load file: /system/media/audio/ui/KeypressDelete.ogg
E/SoundPool( 1877): error loading /system/media/audio/ui/KeypressReturn.ogg
W/AudioService( 1877): Soundpool could not load file: /system/media/audio/ui/KeypressReturn.ogg
E/SoundPool( 1877): error loading /system/media/audio/ui/KeypressInvalid.ogg
W/AudioService( 1877): Soundpool could not load file: /system/media/audio/ui/KeypressInvalid.ogg
W/AudioService( 1877): onLoadSoundEffects(), Error -1 while loading samples
E/SoundPool( 1877): error loading /system/media/audio/ui/Effect_Tick.ogg
W/AudioService( 1877): Soundpool could not load file: /system/media/audio/ui/Effect_Tick.ogg
E/SoundPool( 1877): error loading /system/media/audio/ui/Effect_Tick.ogg
W/AudioService( 1877): Soundpool could not load file: /system/media/audio/ui/Effect_Tick.ogg
E/SoundPool( 1877): error loading /system/media/audio/ui/Effect_Tick.ogg
W/AudioService( 1877): Soundpool could not load file: /system/media/audio/ui/Effect_Tick.ogg
E/SoundPool( 1877): error loading /system/media/audio/ui/Effect_Tick.ogg
W/AudioService( 1877): Soundpool could not load file: /system/media/audio/ui/Effect_Tick.ogg
E/SoundPool( 1877): error loading /system/media/audio/ui/Effect_Tick.ogg
W/AudioService( 1877): Soundpool could not load file: /system/media/audio/ui/Effect_Tick.ogg
E/SoundPool( 1877): error loading /system/media/audio/ui/KeypressStandard.ogg
W/AudioService( 1877): Soundpool could not load file: /system/media/audio/ui/KeypressStandard.ogg
E/SoundPool( 1877): error loading /system/media/audio/ui/KeypressSpacebar.ogg
W/AudioService( 1877): Soundpool could not load file: /system/media/audio/ui/KeypressSpacebar.ogg
E/SoundPool( 1877): error loading /system/media/audio/ui/KeypressDelete.ogg
W/AudioService( 1877): Soundpool could not load file: /system/media/audio/ui/KeypressDelete.ogg
E/SoundPool( 1877): error loading /system/media/audio/ui/KeypressReturn.ogg
W/AudioService( 1877): Soundpool could not load file: /system/media/audio/ui/KeypressReturn.ogg
E/SoundPool( 1877): error loading /system/media/audio/ui/KeypressInvalid.ogg
W/AudioService( 1877): Soundpool could not load file: /system/media/audio/ui/KeypressInvalid.ogg
W/AudioService( 1877): onLoadSoundEffects(), Error -1 while loading samples
E/SoundPool( 1877): error loading /system/media/audio/ui/Effect_Tick.ogg
W/AudioService( 1877): Soundpool could not load file: /system/media/audio/ui/Effect_Tick.ogg
E/SoundPool( 1877): error loading /system/media/audio/ui/Effect_Tick.ogg
W/AudioService( 1877): Soundpool could not load file: /system/media/audio/ui/Effect_Tick.ogg
E/SoundPool( 1877): error loading /system/media/audio/ui/Effect_Tick.ogg
W/AudioService( 1877): Soundpool could not load file: /system/media/audio/ui/Effect_Tick.ogg
E/SoundPool( 1877): error loading /system/media/audio/ui/Effect_Tick.ogg
W/AudioService( 1877): Soundpool could not load file: /system/media/audio/ui/Effect_Tick.ogg
E/SoundPool( 1877): error loading /system/media/audio/ui/Effect_Tick.ogg
W/AudioService( 1877): Soundpool could not load file: /system/media/audio/ui/Effect_Tick.ogg
E/SoundPool( 1877): error loading /system/media/audio/ui/KeypressStandard.ogg
W/AudioService( 1877): Soundpool could not load file: /system/media/audio/ui/KeypressStandard.ogg
E/SoundPool( 1877): error loading /system/media/audio/ui/KeypressSpacebar.ogg
W/AudioService( 1877): Soundpool could not load file: /system/media/audio/ui/KeypressSpacebar.ogg
E/SoundPool( 1877): error loading /system/media/audio/ui/KeypressDelete.ogg
W/AudioService( 1877): Soundpool could not load file: /system/media/audio/ui/KeypressDelete.ogg
E/SoundPool( 1877): error loading /system/media/audio/ui/KeypressReturn.ogg
W/AudioService( 1877): Soundpool could not load file: /system/media/audio/ui/KeypressReturn.ogg
E/SoundPool( 1877): error loading /system/media/audio/ui/KeypressInvalid.ogg
W/AudioService( 1877): Soundpool could not load file: /system/media/audio/ui/KeypressInvalid.ogg
W/AudioService( 1877): onLoadSoundEffects(), Error -1 while loading samples
I/Choreographer( 2172): Skipped 44 frames!  The application may be doing too much work on its main thread.
E/SoundPool( 1877): error loading /system/media/audio/ui/Effect_Tick.ogg
W/AudioService( 1877): Soundpool could not load file: /system/media/audio/ui/Effect_Tick.ogg
E/SoundPool( 1877): error loading /system/media/audio/ui/Effect_Tick.ogg
W/AudioService( 1877): Soundpool could not load file: /system/media/audio/ui/Effect_Tick.ogg
E/SoundPool( 1877): error loading /system/media/audio/ui/Effect_Tick.ogg
W/AudioService( 1877): Soundpool could not load file: /system/media/audio/ui/Effect_Tick.ogg
E/SoundPool( 1877): error loading /system/media/audio/ui/Effect_Tick.ogg
W/AudioService( 1877): Soundpool could not load file: /system/media/audio/ui/Effect_Tick.ogg
E/SoundPool( 1877): error loading /system/media/audio/ui/Effect_Tick.ogg
W/AudioService( 1877): Soundpool could not load file: /system/media/audio/ui/Effect_Tick.ogg
E/SoundPool( 1877): error loading /system/media/audio/ui/KeypressStandard.ogg
W/AudioService( 1877): Soundpool could not load file: /system/media/audio/ui/KeypressStandard.ogg
E/SoundPool( 1877): error loading /system/media/audio/ui/KeypressSpacebar.ogg
W/AudioService( 1877): Soundpool could not load file: /system/media/audio/ui/KeypressSpacebar.ogg
E/SoundPool( 1877): error loading /system/media/audio/ui/KeypressDelete.ogg
W/AudioService( 1877): Soundpool could not load file: /system/media/audio/ui/KeypressDelete.ogg
E/SoundPool( 1877): error loading /system/media/audio/ui/KeypressReturn.ogg
W/AudioService( 1877): Soundpool could not load file: /system/media/audio/ui/KeypressReturn.ogg
E/SoundPool( 1877): error loading /system/media/audio/ui/KeypressInvalid.ogg
W/AudioService( 1877): Soundpool could not load file: /system/media/audio/ui/KeypressInvalid.ogg
W/AudioService( 1877): onLoadSoundEffects(), Error -1 while loading samples
I/ActivityManager( 1877): START u0 {cmp=com.estrongs.android.pop/.app.OpenRecomm (has extras)} from uid 10041 on display 0
V/WindowManager( 1877): addAppToken: AppWindowToken{60cea8b token=Token{3350c85a ActivityRecord{184b5005 u0 com.estrongs.android.pop/.app.OpenRecomm t318}}} to stack=1 task=318 at 1
W/ActivityManager( 1877): getRunningAppProcesses: caller 10041 does not hold REAL_GET_TASKS; limiting output
W/ResourceType( 2172): No package identifier when getting value for resource number 0x00000000
W/PackageManager( 2172): Failure retrieving resources for com.android.gallery3d: Resource ID #0x0
I/ActivityManager( 1877): START u0 {act=android.intent.action.VIEW dat=http://127.0.0.1:59777/smb/blu@192.168.9.18/mfsdisk/mdata01/CodeStreamSOC/Movie/AVI/afterearth_264 AAC_h1080p.avi typ=video/avi flg=0x4000000 cmp=com.android.gallery3d/.app.MovieActivity (has extras)} from uid 10041 on display 0
V/WindowManager( 1877): addAppToken: AppWindowToken{30431026 token=Token{1635e781 ActivityRecord{35786768 u0 com.android.gallery3d/.app.MovieActivity t318}}} to stack=1 task=318 at 2
I/MediaFocusControl( 1877):  AudioFocus  requestAudioFocus() from android.media.AudioManager@1e49be75 req=2flags=0x0
V/WindowManager( 1877): Adding window Window{34162003 u0 com.android.gallery3d/com.android.gallery3d.app.MovieActivity} at 3 of 6 (after Window{12792060 u0 com.estrongs.android.pop/com.estrongs.android.pop.view.FileExplorerActivity})
V/WindowManager( 1877): Adding window Window{81705b9 u0 SurfaceView} at 3 of 7 (before Window{34162003 u0 com.android.gallery3d/com.android.gallery3d.app.MovieActivity})
I/ActivityManager( 1877): Displayed com.android.gallery3d/.app.MovieActivity: +394ms (total +577ms)
E/ion     ( 1492): ioctl c0044901 failed with code -1: Invalid argument
E/[Gralloc-ERROR]( 1492): int alloc_device_free(alloc_device_t*, buffer_handle_t):648 Failed to ion_free( ion_client: 14 ion_hnd: 0x10 )
E/ion     ( 1492): ioctl c0044901 failed with code -1: Invalid argument
E/[Gralloc-ERROR]( 1492): int alloc_device_free(alloc_device_t*, buffer_handle_t):655 Failed to free metadata buffer( ion_client: 14 ion_hnd: 0xb5c3d170 )
E/ion     ( 1492): ioctl c0044901 failed with code -1: Invalid argument
E/[Gralloc-ERROR]( 1492): int alloc_device_free(alloc_device_t*, buffer_handle_t):655 Failed to free metadata buffer( ion_client: 14 ion_hnd: 0xb6476520 )
I/MediaFocusControl( 1877):  AudioFocus  requestAudioFocus() from android.media.AudioManager@1e49be75 req=1flags=0x0
D/MediaPlayer( 2655): Couldn't open file on client side, trying server side
W/ALooperRoster( 1498): failed to post message. Target handler 0 still registered, but object gone.
E/ion     ( 1492): ioctl c0044901 failed with code -1: Invalid argument
E/[Gralloc-ERROR]( 1492): int alloc_device_free(alloc_device_t*, buffer_handle_t):655 Failed to free metadata buffer( ion_client: 14 ion_hnd: 0xb6476520 )
D/WifiService( 1877): acquireWifiLockLocked: WifiLock{ES Wifi Lock type=3 binder=android.os.BinderProxy@2dc6b2f1}
I/FFMPEGExtractor( 1498): enter SniffFFMPEG()
I/FFMPEGExtractor( 1498): exit SniffFFMPEG(), confidence = 1.000000
I/MediaExtractor( 1498): extractor create mime video/quicktime
I/FFMPEGExtractor( 1498): enter createExtractor()
I/FFMPEGExtractor( 1498): enter FFMPEGExtractor(), source -1249387760, mdatasource -1247198836
I/FFMPEGExtractor( 1498): FFMPEGExractor opened file is [http://127.0.0.1:59777/smb%2Fblu%40192.168.9.18%2Fmfsdisk%2Fmdata01%2FCodeStreamSOC%2FMovie%2FAVI%2Fafterearth_264%20AAC_h1080p.avi]
I/FFMPEGExtractor( 1498): tag1:title value:After Earth
I/FFMPEGExtractor( 1498): nb stream 2
I/FFMPEGExtractorUtils( 1498): enter GetMIMEbyCodecId id 28
I/FFMPEGExtractor( 1498): enter setVideoMeta()
I/FFMPEGExtractorUtils( 1498): Video:
I/FFMPEGExtractorUtils( 1498): {
I/FFMPEGExtractorUtils( 1498):     kKeyMIMEType        = [video/avc]
I/FFMPEGExtractorUtils( 1498):     kKeyDuration        = [00:02:31.94]
I/FFMPEGExtractorUtils( 1498):     kKeyBitRate         = [11364688 bps]
I/FFMPEGExtractorUtils( 1498):     kKeyWidth           = [1920]
I/FFMPEGExtractorUtils( 1498):     kKeyHeight          = [800]
I/FFMPEGExtractorUtils( 1498): }
I/FFMPEGExtractor( 1498): enter pushTrackList()
I/FFMPEGExtractorUtils( 1498): enter GetMIMEbyCodecId id 86018
I/FFMPEGExtractor( 1498): enter setAudioMeta()
I/FFMPEGExtractorUtils( 1498): profileHeader = 18
I/FFMPEGExtractorUtils( 1498): Audio:
I/FFMPEGExtractorUtils( 1498): {
I/FFMPEGExtractorUtils( 1498):     kKeyMIMEType        = [audio/mp4a-latm]
I/FFMPEGExtractorUtils( 1498):     kKeyDuration        = [00:02:31.95]
I/FFMPEGExtractorUtils( 1498):     kKeyBitRate         = [78112 bps]
I/FFMPEGExtractorUtils( 1498):     kKeyChannelCount    = [2]
I/FFMPEGExtractorUtils( 1498):     kKeySampleRate      = [44100 bps]
I/FFMPEGExtractorUtils( 1498): }
I/FFMPEGExtractor( 1498): enter pushTrackList()
I/FFMPEGExtractor( 1498): exit FFMPEGExtractor()
I/FFMPEGExtractor( 1498): enter getMetaData()
I/FFMPEGExtractor( 1498): enter countTracks()
I/FFMPEGExtractor( 1498): enter getTrack()
I/FFMPEGExtractor( 1498): enter FFMPEGSource()
I/FFMPEGExtractor( 1498): exit FFMPEGSource()
I/FFMPEGExtractor( 1498): enter getTrackMetaData()
I/FFMPEGExtractor( 1498): enter getTrack()
I/FFMPEGExtractor( 1498): enter FFMPEGSource()
I/FFMPEGExtractor( 1498): exit FFMPEGSource()
I/FFMPEGExtractor( 1498): enter getTrackMetaData()
I/FFMPEGExtractor( 1498): enter start()
I/FFMPEGExtractor( 1498): exit start()
I/FFMPEGExtractor( 1498): enter start()
I/FFMPEGExtractor( 1498): exit start()
D/MediaPlayer( 2655): getMetadata
D/NuPlayerDriver( 1498): start(0xb5873ee0)
I/GenericSource( 1498): start
D/OMX_CORE( 1498): OMX_GetHandle :: enter!
D/OMX_CORE( 1498): OMX_GetHandle :: component name:OMX.montage.video.decoder !
D/OMX_CORE( 1498): OMX_GetHandle :: prepare to load  libOMX.montage.video.decoder.so
D/OMX_CORE( 1498): OMX_GetHandle :: load  libOMX.montage.video.decoder.so ok
D/MT_OMXVDEC( 1498): Init OMX component OMX.montage.video.decoder
D/OMX_CORE( 1498): OMX_GetHandle :: enter!
D/OMX_CORE( 1498): OMX_GetHandle :: component name:OMX.ffmpeg.audio.decoder !
D/OMX_CORE( 1498): OMX_GetHandle :: prepare to load  libOMX.ffmpeg.audio.decoder.so
W/linker  ( 1498): libOMX.ffmpeg.audio.decoder.so: unused DT entry: type 0x6ffffffe arg 0x974
W/linker  ( 1498): libOMX.ffmpeg.audio.decoder.so: unused DT entry: type 0x6fffffff arg 0x3
D/OMX_CORE( 1498): OMX_GetHandle :: load  libOMX.ffmpeg.audio.decoder.so ok
D/OMX_ADEC( 1498): run in component_init
I/OMX_ADEC( 1498): Init OMX component OMX.ffmpeg.audio.decoder
D/OMX_ADEC( 1498): set_callbacks
D/OMX_ADEC( 1498): set_parameter, para_index 0x1000017
D/OMX_ADEC( 1498): name audio_decoder.aac
D/OMX_ADEC( 1498): set name acodec_list[i].role_nameaudio_decoder.aac
D/OMX_ADEC( 1498): get_parameter, para_index 0x2000001
D/OMX_ADEC( 1498): get para   IndexParamPortDefinition, index 1
D/OMX_ADEC( 1498): set_parameter, para_index 0x2000001
D/OMX_ADEC( 1498): get_parameter, para_index 0x4000002
D/OMX_ADEC( 1498): get para OMX_IndexParamAudioPcm, index 1
D/OMX_ADEC( 1498): set_parameter, para_index 0x4000002
D/OMX_ADEC( 1498): set para IndexParamAudioPcm index 1
D/OMX_ADEC( 1498): get_parameter, para_index 0x4000003
D/OMX_ADEC( 1498): get para IndexParamAudioAac, index 0
D/OMX_ADEC( 1498): set_parameter, para_index 0x4000003
D/OMX_ADEC( 1498): set para IndexParamAudioaac index 1
D/OMX_ADEC( 1498): set_parameter, para_index 0x6f400003
D/OMX_ADEC( 1498): get_parameter, para_index 0x2000001
D/OMX_ADEC( 1498): get para   IndexParamPortDefinition, index 0
D/OMX_ADEC( 1498): get_parameter, para_index 0x4000003
D/OMX_ADEC( 1498): get para IndexParamAudioAac, index 0
D/OMX_ADEC( 1498): get_parameter, para_index 0x2000001
D/OMX_ADEC( 1498): get para   IndexParamPortDefinition, index 1
D/OMX_ADEC( 1498): get_parameter, para_index 0x4000002
D/OMX_ADEC( 1498): get para OMX_IndexParamAudioPcm, index 1
E/MT_OMXVDEC( 1498): get_extension_index: OMX.google.android.index.storeMetaDataInBuffers not implemented!
E/OMXNodeInstance( 1498): getExtensionIndex(21:montage.decoder, OMX.google.android.index.storeMetaDataInBuffers) ERROR: NotImplemented(0x80001006)
E/ACodec  ( 1498): [OMX.montage.video.decoder] storeMetaDataInBuffers failed w/ err -2147483648
D/OMX_ADEC( 1498): send_command, cmd 0, para1 2
D/OMX_ADEC( 1498): cmd OMX_CommandStateSet
D/OMX_ADEC( 1498): state change, 0x1 -> 0x2
D/OMX_ADEC( 1498): internal_prepare pcompriv 0xb580e800
D/OMX_ADEC( 1498): get_parameter, para_index 0x2000001
D/OMX_ADEC( 1498): get para   IndexParamPortDefinition, index 0
D/OMX_ADEC( 1498): get_parameter, para_index 0x2000001
D/OMX_ADEC( 1498): get para   IndexParamPortDefinition, index 1
D/OMX_ADEC( 1498): send_command, cmd 0, para1 3
D/OMX_ADEC( 1498): cmd OMX_CommandStateSet
D/OMX_ADEC( 1498): state change, 0x2 -> 0x3
D/OMX_ADEC( 1498): internal_start pcompriv 0xb580e800
D/OMX_ADEC( 1498): aac
I/OMX_ADEC( 1498): in size 6, in pts 0
E/OMX_ADEC( 1498): A general error or simply frame not decoded? ret = -1094995529
E/OMX_ADEC( 1498): Failed to decode, just return buffer to client.
D/MT_OMXVDEC( 1498): [OmxState] Loaded --> Idle_Pending
I/OMX_ADEC( 1498): in size 24, in pts 23220
E/OMX_ADEC( 1498): A general error or simply frame not decoded? ret = -1094995529
E/OMX_ADEC( 1498): Failed to decode, just return buffer to client.
E/MT_OMXVDEC( 1498): set_parameter: setted buf cnt too big! max: 6
E/OMXNodeInstance( 1498): setParameter(21:montage.decoder, ParamPortDefinition(0x2000001)) ERROR: Undefined(0x80001001)
W/ACodec  ( 1498): [OMX.montage.video.decoder] setting nBufferCountActual to 8 failed: -2147483648
E/MT_OMXVDEC( 1498): set_parameter: setted buf cnt too big! max: 6
E/OMXNodeInstance( 1498): setParameter(21:montage.decoder, ParamPortDefinition(0x2000001)) ERROR: Undefined(0x80001001)
W/ACodec  ( 1498): [OMX.montage.video.decoder] setting nBufferCountActual to 7 failed: -2147483648
I/OMX_ADEC( 1498): in size 10, in pts 46440
E/OMX_ADEC( 1498): A general error or simply frame not decoded? ret = -1094995529
E/OMX_ADEC( 1498): Failed to decode, just return buffer to client.
I/OMX_ADEC( 1498): in size 10, in pts 69660
E/OMX_ADEC( 1498): A general error or simply frame not decoded? ret = -1094995529
E/OMX_ADEC( 1498): Failed to decode, just return buffer to client.
D/MT_OMXVDEC( 1498): [OmxState] Idle_Pending --> Idle
I/OMX_ADEC( 1498): in size 10, in pts 92880
E/OMX_ADEC( 1498): A general error or simply frame not decoded? ret = -1094995529
E/OMX_ADEC( 1498): Failed to decode, just return buffer to client.
D/MT_OMXVDEC( 1498): [OmxState] Idle --> Executing_Pending
D/MT_OMXVDEC( 1498): [OmxState] Execute_Pending --> Executing
I/OMX_ADEC( 1498): in size 10, in pts 116100
E/OMX_ADEC( 1498): A general error or simply frame not decoded? ret = -1094995529
E/OMX_ADEC( 1498): Failed to decode, just return buffer to client.
I/OMX_ADEC( 1498): in size 10, in pts 139320
E/OMX_ADEC( 1498): A general error or simply frame not decoded? ret = -1094995529
E/OMX_ADEC( 1498): Failed to decode, just return buffer to client.
I/OMX_ADEC( 1498): in size 10, in pts 162540
E/OMX_ADEC( 1498): A general error or simply frame not decoded? ret = -1094995529
E/OMX_ADEC( 1498): Failed to decode, just return buffer to client.
I/OMX_ADEC( 1498): in size 10, in pts 185760
E/OMX_ADEC( 1498): A general error or simply frame not decoded? ret = -1094995529
E/OMX_ADEC( 1498): Failed to decode, just return buffer to client.
I/OMX_ADEC( 1498): in size 10, in pts 208980
E/OMX_ADEC( 1498): A general error or simply frame not decoded? ret = -1094995529
E/OMX_ADEC( 1498): Failed to decode, just return buffer to client.
I/OMX_ADEC( 1498): in size 10, in pts 232200
E/OMX_ADEC( 1498): A general error or simply frame not decoded? ret = -1094995529
