--------- beginning of main
I/installd(    0): installd firing up
I/Netd    (    0): Netd 1.0 starting
E/Netd    (    0): Failed to open /proc/sys/net/ipv6/conf/default/accept_ra_rt_table: No such file or directory
E/Netd    (    0): Failed to open /proc/sys/net/ipv6/conf/eth0/accept_ra_rt_table: No such file or directory
E/Netd    (    0): Failed to open /proc/sys/net/ipv6/conf/lo/accept_ra_rt_table: No such file or directory
E/Netd    (    0): Failed to open /proc/sys/net/ipv6/conf/teql0/accept_ra_rt_table: No such file or directory
E/Netd    (    0): Failed to open /proc/sys/net/ipv6/conf/default/optimistic_dad: No such file or directory
E/Netd    (    0): Failed to open /proc/sys/net/ipv6/conf/eth0/optimistic_dad: No such file or directory
E/Netd    (    0): Failed to open /proc/sys/net/ipv6/conf/lo/optimistic_dad: No such file or directory
E/Netd    (    0): Failed to open /proc/sys/net/ipv6/conf/teql0/optimistic_dad: No such file or directory
E/Netd    (    0): Failed to open /proc/sys/net/ipv6/conf/default/use_optimistic: No such file or directory
E/Netd    (    0): Failed to open /proc/sys/net/ipv6/conf/eth0/use_optimistic: No such file or directory
E/Netd    (    0): Failed to open /proc/sys/net/ipv6/conf/lo/use_optimistic: No such file or directory
E/Netd    (    0): Failed to open /proc/sys/net/ipv6/conf/teql0/use_optimistic: No such file or directory
I/        (    0): debuggerd: Mar 16 2016 16:22:31
--------- beginning of system
I/Vold    ( 1491): Vold 2.1 (the revenge) firing up
D/Vold    ( 1491): Volume usb2 state changing -1 (Initializing) -> 0 (No-Media)
D/Vold    ( 1491): Volume usb4 state changing -1 (Initializing) -> 0 (No-Media)
D/Vold    ( 1491): Volume usb3 state changing -1 (Initializing) -> 0 (No-Media)
D/Vold    ( 1491): Volume usb2 state changing 0 (No-Media) -> 2 (Pending)
D/Vold    ( 1491): Volume usb2 state changing 2 (Pending) -> 1 (Idle-Unmounted)
I/lowmemorykiller( 1489): Using in-kernel low memory killer interface
E/ir_user ( 1494): @@@@@@@@@@@@@@@@@@@@@@@@@@@@@@@ in ir_user.cpp
I/keystore( 1500): SELinux: Keystore SELinux is disabled.
D/ir_user ( 1494): MT_UNF_PMOC_Init err, 0x80490005 !
D/ir_user ( 1494): IR_Open-ing...
D/ir_user ( 1494): Creating infrared service thread...
D/ir_user ( 1494): Created infrared service!
D/ir_user ( 1494): Creating ir  thread
D/ir_user ( 1494): StartInfraredService - InfraredService::start()...
D/InfraredService( 1494): start...
I/SurfaceFlinger( 1492): SurfaceFlinger is starting
I/SurfaceFlinger( 1492): SurfaceFlinger's main thread ready to run. Initializing graphics H/W...
D/libEGL  ( 1492): loaded /system/lib/egl/libGLES_mali.so
I/[Gralloc]( 1492): using (fd=11)
I/[Gralloc]( 1492): id           = hifb
I/[Gralloc]( 1492): xres         = 1920 px
I/[Gralloc]( 1492): yres         = 1080 px
I/[Gralloc]( 1492): xres_virtual = 1920 px
I/[Gralloc]( 1492): yres_virtual = 3240 px
I/[Gralloc]( 1492): bpp          = 32
I/[Gralloc]( 1492): r            = 16:8
I/[Gralloc]( 1492): g            =  8:8
I/[Gralloc]( 1492): b            =  0:8
I/[Gralloc]( 1492): width        = 203 mm (240.236450 dpi)
I/[Gralloc]( 1492): height       = 114 mm (240.631577 dpi)
I/[Gralloc]( 1492): refresh rate = 60.00 Hz
I/SurfaceFlinger( 1492): Using composer version 1.1
I/SurfaceFlinger( 1492): EGL information:
I/SurfaceFlinger( 1492): vendor    : Android
I/SurfaceFlinger( 1492): version   : 1.4 Android META-EGL
I/SurfaceFlinger( 1492): extensions: EGL_KHR_get_all_proc_addresses EGL_ANDROID_presentation_time EGL_KHR_image EGL_KHR_image_base EGL_KHR_image_pixmap EGL_KHR_gl_texture_2D_image EGL_KHR_gl_texture_cubemap_image EGL_KHR_gl_renderbuffer_image EGL_KHR_fence_sync EGL_KHR_create_context EGL_EXT_create_context_robustness EGL_ANDROID_image_native_buffer EGL_ANDROID_recordable 
I/SurfaceFlinger( 1492): Client API: OpenGL_ES
I/SurfaceFlinger( 1492): EGLSurface: 8-8-8-8, config=0x60000016
I/SurfaceFlinger( 1492): OpenGL ES informations:
I/SurfaceFlinger( 1492): vendor    : ARM
I/SurfaceFlinger( 1492): renderer  : Mali-450 MP
I/SurfaceFlinger( 1492): version   : OpenGL ES 2.0
I/SurfaceFlinger( 1492): extensions: GL_EXT_debug_marker GL_OES_texture_npot GL_OES_vertex_array_object GL_OES_compressed_ETC1_RGB8_texture GL_EXT_compressed_ETC1_RGB8_sub_texture GL_OES_standard_derivatives GL_OES_EGL_image GL_OES_depth24 GL_ARM_rgba8 GL_ARM_mali_shader_binary GL_OES_depth_texture GL_OES_packed_depth_stencil GL_EXT_texture_format_BGRA8888 GL_OES_vertex_half_float GL_EXT_blend_minmax GL_OES_EGL_image_external GL_OES_EGL_sync GL_OES_rgb8_rgba8 GL_EXT_multisampled_render_to_texture GL_EXT_discard_framebuffer GL_OES_get_program_binary GL_ARM_mali_program_binary GL_EXT_shader_texture_lod GL_EXT_robustness GL_OES_depth_texture_cube_map GL_KHR_debug GL_ARM_shader_framebuffer_fetch GL_ARM_shader_framebuffer_fetch_depth_stencil GL_OES_mapbuffer
I/SurfaceFlinger( 1492): GL_MAX_TEXTURE_SIZE = 4096
I/SurfaceFlinger( 1492): GL_MAX_VIEWPORT_DIMS = 4096
E/cutils-trace( 1492): Error opening trace file: No such file or directory (2)
D/SurfaceFlinger( 1492): Set power mode=2, type=0 flinger=0xb6482000
I/mediaserver( 1498): ServiceManager: 0xb58700c0
I/AudioFlinger( 1498): Using default 3000 mSec as standby time.
I/ServiceManager( 1498): Waiting for service batterystats...
D/libEGL  ( 1677): loaded /system/lib/egl/libGLES_mali.so
E/cutils-trace( 1677): Error opening trace file: No such file or directory (2)
D/AndroidRuntime( 1502): >>>>>> START com.android.internal.os.ZygoteInit uid 0 <<<<<<
D/SurfaceFlinger( 1492): shader cache generated - 24 shaders in 50.476501 ms
D/AndroidRuntime( 1502): CheckJNI is ON
I/art     ( 1502): option[0]=-Xzygote
I/art     ( 1502): option[1]=-Xcheck:jni
I/art     ( 1502): option[2]=-Xjnigreflimit:2000
I/art     ( 1502): option[3]=-Xstacktracefile:/data/anr/traces.txt
I/art     ( 1502): option[4]=exit
I/art     ( 1502): option[5]=vfprintf
I/art     ( 1502): option[6]=sensitiveThread
I/art     ( 1502): option[7]=-verbose:gc
I/art     ( 1502): option[8]=-Xms5m
I/art     ( 1502): option[9]=-Xmx256m
I/art     ( 1502): option[10]=-XX:mainThreadStackSize=24K
I/art     ( 1502): option[11]=-XX:HeapGrowthLimit=48m
I/art     ( 1502): option[12]=-XX:HeapMinFree=512k
I/art     ( 1502): option[13]=-XX:HeapMaxFree=2m
I/art     ( 1502): option[14]=-XX:HeapTargetUtilization=0.75
I/art     ( 1502): option[15]=-agentlib:jdwp=transport=dt_android_adb,suspend=n,server=y
I/art     ( 1502): option[16]=-Ximage-compiler-option
I/art     ( 1502): option[17]=--runtime-arg
I/art     ( 1502): option[18]=-Ximage-compiler-option
I/art     ( 1502): option[19]=-Xms64m
I/art     ( 1502): option[20]=-Ximage-compiler-option
I/art     ( 1502): option[21]=--runtime-arg
I/art     ( 1502): option[22]=-Ximage-compiler-option
I/art     ( 1502): option[23]=-Xmx64m
I/art     ( 1502): option[24]=-Ximage-compiler-option
I/art     ( 1502): option[25]=--compiler-filter=verify-none
I/art     ( 1502): option[26]=-Ximage-compiler-option
I/art     ( 1502): option[27]=--image-classes=/system/etc/preloaded-classes
I/art     ( 1502): option[28]=-Xcompiler-option
I/art     ( 1502): option[29]=--runtime-arg
I/art     ( 1502): option[30]=-Xcompiler-option
I/art     ( 1502): option[31]=-Xms64m
I/art     ( 1502): option[32]=-Xcompiler-option
I/art     ( 1502): option[33]=--runtime-arg
I/art     ( 1502): option[34]=-Xcompiler-option
I/art     ( 1502): option[35]=-Xmx512m
I/art     ( 1502): option[36]=-Xcompiler-option
I/art     ( 1502): option[37]=--compiler-filter=interpret-only
I/art     ( 1502): option[38]=-Duser.language=en
I/art     ( 1502): option[39]=-Duser.region=US
V/NatController( 1495): runCmd(/system/bin/iptables -F natctrl_FORWARD) res=0
V/NatController( 1495): runCmd(/system/bin/iptables -A natctrl_FORWARD -j DROP) res=0
V/NatController( 1495): runCmd(/system/bin/iptables -t nat -F natctrl_nat_POSTROUTING) res=0
V/NatController( 1495): runCmd(/system/bin/iptables -F natctrl_tether_counters) res=1
V/NatController( 1495): runCmd(/system/bin/iptables -X natctrl_tether_counters) res=1
V/NatController( 1495): runCmd(/system/bin/iptables -N natctrl_tether_counters) res=0
V/NatController( 1495): runCmd(/system/bin/iptables -t mangle -A natctrl_mangle_FORWARD -p tcp --tcp-flags SYN SYN -j TCPMSS --clamp-mss-to-pmtu) res=0
I/ServiceManager( 1498): Waiting for service batterystats...
E/memtrack( 1502): Couldn't load memtrack module (No such file or directory)
E/android.os.Debug( 1502): failed to load memtrack module: -2
I/SamplingProfilerIntegration( 1502): Profiling disabled.
D/Zygote  ( 1502): begin preload
I/Zygote  ( 1502): Preloading classes...
E/cutils-trace( 1502): Error opening trace file: No such file or directory (2)
I/art     ( 1502): Explicit concurrent mark sweep GC freed 821(40KB) AllocSpace objects, 0(0B) LOS objects, 86% free, 159KB/1183KB, paused 241us total 10.965ms
I/art     ( 1502): Counter: 1
I/art     ( 1502): Explicit concurrent mark sweep GC freed 443(27KB) AllocSpace objects, 0(0B) LOS objects, 83% free, 197KB/1221KB, paused 227us total 7.626ms
D/MDnsDS  ( 1495): MDnsSdListener::Hander starting up
D/MDnsDS  ( 1495): MDnsSdListener starting to monitor
D/MDnsDS  ( 1495): Going to poll with pollCount 1
I/art     ( 1502): Explicit concurrent mark sweep GC freed 302(19KB) AllocSpace objects, 0(0B) LOS objects, 81% free, 227KB/1251KB, paused 209us total 8.025ms
I/art     ( 1502): Explicit concurrent mark sweep GC freed 241(13KB) AllocSpace objects, 0(0B) LOS objects, 79% free, 262KB/1286KB, paused 199us total 5.800ms
I/art     ( 1502): Explicit concurrent mark sweep GC freed 361(19KB) AllocSpace objects, 0(0B) LOS objects, 77% free, 292KB/1316KB, paused 211us total 8.721ms
I/art     ( 1502): Explicit concurrent mark sweep GC freed 389(23KB) AllocSpace objects, 0(0B) LOS objects, 74% free, 347KB/1370KB, paused 205us total 7.311ms
E/Minikin ( 1502): addFont failed to create font /system/fonts/NotoSansGujarati-Regular.ttf
E/Minikin ( 1502): addFont failed to create font /system/fonts/NotoSansGujarati-Bold.ttf
E/Minikin ( 1502): addFont failed to create font /system/fonts/NotoSansGujaratiUI-Regular.ttf
E/Minikin ( 1502): addFont failed to create font /system/fonts/NotoSansGujaratiUI-Bold.ttf
E/Minikin ( 1502): addFont failed to create font /system/fonts/NotoSansGurmukhi-Regular.ttf
E/Minikin ( 1502): addFont failed to create font /system/fonts/NotoSansGurmukhi-Bold.ttf
E/Minikin ( 1502): addFont failed to create font /system/fonts/NotoSansGurmukhiUI-Regular.ttf
E/Minikin ( 1502): addFont failed to create font /system/fonts/NotoSansGurmukhiUI-Bold.ttf
E/Minikin ( 1502): addFont failed to create font /system/fonts/NotoSansSinhala-Regular.ttf
E/Minikin ( 1502): addFont failed to create font /system/fonts/NotoSansSinhala-Bold.ttf
E/Minikin ( 1502): addFont failed to create font /system/fonts/NotoSansThaana-Regular.ttf
E/Minikin ( 1502): addFont failed to create font /system/fonts/NotoSansThaana-Bold.ttf
E/Minikin ( 1502): addFont failed to create font /system/fonts/NotoSansCham-Regular.ttf
E/Minikin ( 1502): addFont failed to create font /system/fonts/NotoSansCham-Bold.ttf
E/Minikin ( 1502): addFont failed to create font /system/fonts/NotoSansBalinese-Regular.ttf
E/Minikin ( 1502): addFont failed to create font /system/fonts/NotoSansBatak-Regular.ttf
E/Minikin ( 1502): addFont failed to create font /system/fonts/NotoSansBuginese-Regular.ttf
E/Minikin ( 1502): addFont failed to create font /system/fonts/NotoSansBuhid-Regular.ttf
E/Minikin ( 1502): addFont failed to create font /system/fonts/NotoSansCanadianAboriginal-Regular.ttf
E/Minikin ( 1502): addFont failed to create font /system/fonts/NotoSansCherokee-Regular.ttf
E/Minikin ( 1502): addFont failed to create font /system/fonts/NotoSansCoptic-Regular.ttf
E/Minikin ( 1502): addFont failed to create font /system/fonts/NotoSansGlagolitic-Regular.ttf
E/Minikin ( 1502): addFont failed to create font /system/fonts/NotoSansHanunoo-Regular.ttf
E/Minikin ( 1502): addFont failed to create font /system/fonts/NotoSansJavanese-Regular.ttf
E/Minikin ( 1502): addFont failed to create font /system/fonts/NotoSansKayahLi-Regular.ttf
E/Minikin ( 1502): addFont failed to create font /system/fonts/NotoSansLepcha-Regular.ttf
E/Minikin ( 1502): addFont failed to create font /system/fonts/NotoSansLimbu-Regular.ttf
E/Minikin ( 1502): addFont failed to create font /system/fonts/NotoSansMeeteiMayek-Regular.ttf
E/Minikin ( 1502): addFont failed to create font /system/fonts/NotoSansOlChiki-Regular.ttf
E/Minikin ( 1502): addFont failed to create font /system/fonts/NotoSansRejang-Regular.ttf
E/Minikin ( 1502): addFont failed to create font /system/fonts/NotoSansSaurashtra-Regular.ttf
E/Minikin ( 1502): addFont failed to create font /system/fonts/NotoSansSundanese-Regular.ttf
E/Minikin ( 1502): addFont failed to create font /system/fonts/NotoSansSylotiNagri-Regular.ttf
E/Minikin ( 1502): addFont failed to create font /system/fonts/NotoSansTagbanwa-Regular.ttf
E/Minikin ( 1502): addFont failed to create font /system/fonts/NotoSansTaiTham-Regular.ttf
E/Minikin ( 1502): addFont failed to create font /system/fonts/NotoSansTaiViet-Regular.ttf
E/Minikin ( 1502): addFont failed to create font /system/fonts/NotoSansTifinagh-Regular.ttf
E/Minikin ( 1502): addFont failed to create font /system/fonts/NotoSansYi-Regular.ttf
E/Minikin ( 1502): addFont failed to create font /system/fonts/Lohit-Odia.ttf
E/Minikin ( 1502): addFont failed to create font /system/fonts/NotoSansHans-Regular.otf
E/Minikin ( 1502): addFont failed to create font /system/fonts/NotoSansHant-Regular.otf
E/Minikin ( 1502): addFont failed to create font /system/fonts/NotoSansJP-Regular.otf
E/Minikin ( 1502): addFont failed to create font /system/fonts/NotoSansKR-Regular.otf
E/Minikin ( 1502): addFont failed to create font /system/fonts/NotoSansTaiLe-Regular.ttf
I/art     ( 1502): Explicit concurrent mark sweep GC freed 1816(130KB) AllocSpace objects, 0(0B) LOS objects, 73% free, 372KB/1396KB, paused 203us total 7.963ms
I/ServiceManager( 1498): Waiting for service batterystats...
I/art     ( 1502): Explicit concurrent mark sweep GC freed 1948(92KB) AllocSpace objects, 0(0B) LOS objects, 70% free, 427KB/1451KB, paused 206us total 8.342ms
I/art     ( 1502): Explicit concurrent mark sweep GC freed 1977(87KB) AllocSpace objects, 0(0B) LOS objects, 68% free, 462KB/1486KB, paused 203us total 7.704ms
I/art     ( 1502): Explicit concurrent mark sweep GC freed 377(19KB) AllocSpace objects, 0(0B) LOS objects, 67% free, 495KB/1519KB, paused 224us total 7.813ms
I/art     ( 1502): Thread[1,tid=1502,WaitingForJniOnLoad,Thread*=0xb4827800,peer=0x12c4e220,"main"] recursive attempt to load library "/system/lib/libmedia_jni.so"
D/MtpDeviceJNI( 1502): register_android_mtp_MtpDevice
I/art     ( 1502): Thread[1,tid=1502,WaitingForJniOnLoad,Thread*=0xb4827800,peer=0x12c4e220,"main"] recursive attempt to load library "/system/lib/libmedia_jni.so"
I/art     ( 1502): Thread[1,tid=1502,WaitingForJniOnLoad,Thread*=0xb4827800,peer=0x12c4e220,"main"] recursive attempt to load library "/system/lib/libmedia_jni.so"
I/art     ( 1502): Explicit concurrent mark sweep GC freed 492(29KB) AllocSpace objects, 0(0B) LOS objects, 66% free, 515KB/1539KB, paused 239us total 8.787ms
W/linker  ( 1502): lib_mt_ffmpeg_extractor.so: unused DT entry: type 0x6ffffffe arg 0x23b8
W/linker  ( 1502): lib_mt_ffmpeg_extractor.so: unused DT entry: type 0x6fffffff arg 0x3
W/linker  ( 1502): libavcodec.so: unused DT entry: type 0x6ffffffe arg 0x5be0
W/linker  ( 1502): libavcodec.so: unused DT entry: type 0x6fffffff arg 0x2
W/linker  ( 1502): libavformat.so: unused DT entry: type 0x6ffffffe arg 0x63b0
W/linker  ( 1502): libavformat.so: unused DT entry: type 0x6fffffff arg 0x2
W/linker  ( 1502): libswscale.so: unused DT entry: type 0x6ffffffe arg 0xe34
W/linker  ( 1502): libswscale.so: unused DT entry: type 0x6fffffff arg 0x1
W/linker  ( 1502): libswresample.so: unused DT entry: type 0x6ffffffe arg 0xd9c
W/linker  ( 1502): libswresample.so: unused DT entry: type 0x6fffffff arg 0x1
I/ExtractorLoader( 1502): Register extractor from  [lib_mt_ffmpeg_extractor.so]
D/DataSource( 1502): RegisterExternalSniffers(), 165, extractorLibNum : 1
I/art     ( 1502): Explicit concurrent mark sweep GC freed 341(16KB) AllocSpace objects, 0(0B) LOS objects, 65% free, 549KB/1573KB, paused 205us total 7.127ms
I/art     ( 1502): Explicit concurrent mark sweep GC freed 375(20KB) AllocSpace objects, 0(0B) LOS objects, 63% free, 589KB/1613KB, paused 209us total 9.275ms
I/art     ( 1502): Explicit concurrent mark sweep GC freed 343(20KB) AllocSpace objects, 0(0B) LOS objects, 62% free, 622KB/1646KB, paused 204us total 8.290ms
I/art     ( 1502): Explicit concurrent mark sweep GC freed 42(3KB) AllocSpace objects, 0(0B) LOS objects, 60% free, 677KB/1701KB, paused 212us total 8.396ms
I/art     ( 1502): Explicit concurrent mark sweep GC freed 1754(102KB) AllocSpace objects, 0(0B) LOS objects, 55% free, 818KB/1842KB, paused 209us total 10.111ms
E/EmojiFactory_jni( 1502): Failed to load libemoji.so: dlopen failed: library "libemoji.so" not found
I/ServiceManager( 1498): Waiting for service batterystats...
I/art     ( 1502): Explicit concurrent mark sweep GC freed 258(42KB) AllocSpace objects, 0(0B) LOS objects, 47% free, 1124KB/2MB, paused 243us total 14.433ms
I/art     ( 1502): Explicit concurrent mark sweep GC freed 408(29KB) AllocSpace objects, 0(0B) LOS objects, 46% free, 1162KB/2MB, paused 213us total 11.580ms
I/art     ( 1502): Explicit concurrent mark sweep GC freed 650(40KB) AllocSpace objects, 0(0B) LOS objects, 46% free, 1170KB/2MB, paused 207us total 12.076ms
I/art     ( 1502): Explicit concurrent mark sweep GC freed 468(30KB) AllocSpace objects, 0(0B) LOS objects, 46% free, 1188KB/2MB, paused 214us total 12.532ms
I/art     ( 1502): Explicit concurrent mark sweep GC freed 774(92KB) AllocSpace objects, 0(0B) LOS objects, 45% free, 1238KB/2MB, paused 205us total 10.814ms
I/art     ( 1502): Explicit concurrent mark sweep GC freed 502(33KB) AllocSpace objects, 0(0B) LOS objects, 44% free, 1254KB/2MB, paused 213us total 14.122ms
I/art     ( 1502): Explicit concurrent mark sweep GC freed 641(33KB) AllocSpace objects, 0(0B) LOS objects, 44% free, 1286KB/2MB, paused 205us total 10.312ms
I/art     ( 1502): Explicit concurrent mark sweep GC freed 245(12KB) AllocSpace objects, 0(0B) LOS objects, 43% free, 1337KB/2MB, paused 206us total 10.618ms
I/ServiceManager( 1498): Waiting for service batterystats...
I/art     ( 1502): Explicit concurrent mark sweep GC freed 926(36KB) AllocSpace objects, 0(0B) LOS objects, 36% free, 1766KB/2MB, paused 230us total 13.596ms
I/art     ( 1502): Explicit concurrent mark sweep GC freed 531(30KB) AllocSpace objects, 0(0B) LOS objects, 36% free, 1785KB/2MB, paused 276us total 13.032ms
I/art     ( 1502): Explicit concurrent mark sweep GC freed 702(42KB) AllocSpace objects, 0(0B) LOS objects, 36% free, 1791KB/2MB, paused 233us total 12.505ms
I/System  ( 1502): Loaded time zone names for "" in 105ms (82ms in ICU)
I/System  ( 1502): Loaded time zone names for "en_US" in 94ms (56ms in ICU)
I/art     ( 1502): Explicit concurrent mark sweep GC freed 2459(185KB) AllocSpace objects, 0(0B) LOS objects, 34% free, 1951KB/2MB, paused 231us total 13.531ms
I/art     ( 1502): Explicit concurrent mark sweep GC freed 120(11KB) AllocSpace objects, 0(0B) LOS objects, 33% free, 2018KB/2MB, paused 236us total 14.180ms
I/art     ( 1502): Explicit concurrent mark sweep GC freed 371(26KB) AllocSpace objects, 0(0B) LOS objects, 33% free, 2MB/3MB, paused 228us total 14.220ms
I/art     ( 1502): Explicit concurrent mark sweep GC freed 539(38KB) AllocSpace objects, 0(0B) LOS objects, 33% free, 2MB/3MB, paused 238us total 15.370ms
I/CameraService( 1498): CameraService started (pid=1498)
E/CameraService( 1498): Could not load camera HAL module
I/AudioPolicyService( 1498): AudioPolicyService CSTOR in new mode
I/AudioPolicyManager( 1498): loadAudioPolicyConfig() loaded /system/etc/audio_policy.conf
I/audio_hw_primary( 1498): adev_open befor audio_route init 
E/audio_route( 1498): Failed to open /system/etc/mixer_paths.xml
I/AudioFlinger( 1498): loadHwModule() Loaded primary audio interface from Korimako audio HW HAL (audio) handle 1
I/AudioFlinger( 1498): HAL output buffer size 512 frames, normal sink buffer size 1024 frames
I/AudioMixer( 1498): found effect "Multichannel Downmix To Stereo" from The Android Open Source Project
E/MonoPipe( 1498): Failed to fetch local time frequency when constructing a MonoPipe (res = -32).  getNextWriteTimestamp calls will be non-functional
I/Zygote  ( 1502): ...preloaded 3005 classes in 4468ms.
I/art     ( 1502): VMRuntime.preloadDexCaches starting
I/art     ( 1502): VMRuntime.preloadDexCaches strings total=214618 before=8589 after=8589
I/art     ( 1502): VMRuntime.preloadDexCaches types total=18345 before=6385 after=6425
I/art     ( 1502): VMRuntime.preloadDexCaches fields total=85559 before=30406 after=30703
I/art     ( 1502): VMRuntime.preloadDexCaches methods total=151780 before=48159 after=49560
I/art     ( 1502): VMRuntime.preloadDexCaches finished
I/art     ( 1502): Counter: 0
I/art     ( 1502): Counter: 1
I/art     ( 1502): Explicit concurrent mark sweep GC freed 229(26KB) AllocSpace objects, 0(0B) LOS objects, 39% free, 2MB/3MB, paused 240us total 18.945ms
D/idmap   ( 1876): error: no read access to /vendor/overlay: No such file or directory
I/Zygote  ( 1502): Preloading resources...
I/art     ( 1502): Explicit concurrent mark sweep GC freed 58(2288B) AllocSpace objects, 0(0B) LOS objects, 40% free, 2MB/3MB, paused 260us total 17.486ms
I/art     ( 1502): Explicit concurrent mark sweep GC freed 44(2032B) AllocSpace objects, 0(0B) LOS objects, 39% free, 2MB/3MB, paused 289us total 13.744ms
I/art     ( 1502): Explicit concurrent mark sweep GC freed 52(2512B) AllocSpace objects, 0(0B) LOS objects, 40% free, 2MB/3MB, paused 240us total 12.719ms
I/art     ( 1502): Explicit concurrent mark sweep GC freed 54(2576B) AllocSpace objects, 0(0B) LOS objects, 40% free, 2MB/3MB, paused 243us total 12.834ms
I/art     ( 1502): Explicit concurrent mark sweep GC freed 77(3KB) AllocSpace objects, 0(0B) LOS objects, 40% free, 2MB/3MB, paused 275us total 16.654ms
I/art     ( 1502): Explicit concurrent mark sweep GC freed 52(2416B) AllocSpace objects, 0(0B) LOS objects, 39% free, 2MB/3MB, paused 243us total 12.865ms
I/art     ( 1502): Explicit concurrent mark sweep GC freed 54(2832B) AllocSpace objects, 0(0B) LOS objects, 39% free, 2MB/3MB, paused 278us total 12.875ms
I/art     ( 1502): Explicit concurrent mark sweep GC freed 50(2320B) AllocSpace objects, 0(0B) LOS objects, 40% free, 2MB/4MB, paused 241us total 13.819ms
I/art     ( 1502): Explicit concurrent mark sweep GC freed 52(2992B) AllocSpace objects, 0(0B) LOS objects, 39% free, 2MB/4MB, paused 241us total 12.906ms
I/art     ( 1502): Explicit concurrent mark sweep GC freed 51(2464B) AllocSpace objects, 0(0B) LOS objects, 39% free, 2MB/4MB, paused 249us total 12.986ms
I/art     ( 1502): Explicit concurrent mark sweep GC freed 69(3040B) AllocSpace objects, 0(0B) LOS objects, 39% free, 2MB/4MB, paused 290us total 13.691ms
I/art     ( 1502): Explicit concurrent mark sweep GC freed 60(3KB) AllocSpace objects, 0(0B) LOS objects, 39% free, 2MB/4MB, paused 254us total 13.026ms
I/art     ( 1502): Explicit concurrent mark sweep GC freed 66(2896B) AllocSpace objects, 0(0B) LOS objects, 39% free, 2MB/4MB, paused 415us total 14.363ms
I/art     ( 1502): Explicit concurrent mark sweep GC freed 61(2784B) AllocSpace objects, 0(0B) LOS objects, 40% free, 2MB/4MB, paused 296us total 13.653ms
I/art     ( 1502): Explicit concurrent mark sweep GC freed 64(2832B) AllocSpace objects, 0(0B) LOS objects, 40% free, 2MB/4MB, paused 254us total 13.125ms
I/art     ( 1502): Explicit concurrent mark sweep GC freed 62(2928B) AllocSpace objects, 0(0B) LOS objects, 40% free, 2MB/4MB, paused 262us total 14.450ms
I/art     ( 1502): Explicit concurrent mark sweep GC freed 53(2560B) AllocSpace objects, 0(0B) LOS objects, 39% free, 2MB/4MB, paused 261us total 13.658ms
I/art     ( 1502): Explicit concurrent mark sweep GC freed 53(2560B) AllocSpace objects, 0(0B) LOS objects, 39% free, 2MB/4MB, paused 259us total 13.179ms
I/art     ( 1502): Explicit concurrent mark sweep GC freed 105(4KB) AllocSpace objects, 0(0B) LOS objects, 39% free, 2MB/4MB, paused 259us total 13.770ms
I/art     ( 1502): Explicit concurrent mark sweep GC freed 114(4KB) AllocSpace objects, 0(0B) LOS objects, 39% free, 3MB/5MB, paused 269us total 13.463ms
I/art     ( 1502): Explicit concurrent mark sweep GC freed 62(2864B) AllocSpace objects, 0(0B) LOS objects, 39% free, 3MB/5MB, paused 271us total 15.387ms
I/art     ( 1502): Explicit concurrent mark sweep GC freed 49(5KB) AllocSpace objects, 0(0B) LOS objects, 40% free, 3MB/5MB, paused 259us total 13.475ms
I/art     ( 1502): Explicit concurrent mark sweep GC freed 109(4KB) AllocSpace objects, 0(0B) LOS objects, 39% free, 3MB/5MB, paused 309us total 17.211ms
I/art     ( 1502): Explicit concurrent mark sweep GC freed 89(3KB) AllocSpace objects, 0(0B) LOS objects, 39% free, 3MB/5MB, paused 276us total 14.015ms
I/art     ( 1502): Explicit concurrent mark sweep GC freed 48(2160B) AllocSpace objects, 0(0B) LOS objects, 39% free, 3MB/5MB, paused 272us total 13.585ms
I/art     ( 1502): Explicit concurrent mark sweep GC freed 51(2224B) AllocSpace objects, 0(0B) LOS objects, 40% free, 3MB/5MB, paused 275us total 14.491ms
I/art     ( 1502): Explicit concurrent mark sweep GC freed 16(688B) AllocSpace objects, 0(0B) LOS objects, 39% free, 3MB/5MB, paused 318us total 14.486ms
I/art     ( 1502): Explicit concurrent mark sweep GC freed 107(4KB) AllocSpace objects, 0(0B) LOS objects, 39% free, 4MB/6MB, paused 290us total 18.908ms
I/art     ( 1502): Explicit concurrent mark sweep GC freed 186(8KB) AllocSpace objects, 0(0B) LOS objects, 40% free, 4MB/7MB, paused 287us total 16.939ms
I/art     ( 1502): Explicit concurrent mark sweep GC freed 262(11KB) AllocSpace objects, 0(0B) LOS objects, 39% free, 4MB/7MB, paused 335us total 14.067ms
I/art     ( 1502): Explicit concurrent mark sweep GC freed 158(7KB) AllocSpace objects, 0(0B) LOS objects, 39% free, 4MB/7MB, paused 331us total 14.042ms
I/art     ( 1502): Explicit concurrent mark sweep GC freed 154(6KB) AllocSpace objects, 0(0B) LOS objects, 39% free, 4MB/7MB, paused 328us total 15.327ms
I/art     ( 1502): Explicit concurrent mark sweep GC freed 80(3KB) AllocSpace objects, 0(0B) LOS objects, 39% free, 4MB/7MB, paused 291us total 14.099ms
I/art     ( 1502): Explicit concurrent mark sweep GC freed 50(4KB) AllocSpace objects, 0(0B) LOS objects, 39% free, 4MB/7MB, paused 357us total 16.898ms
I/art     ( 1502): Explicit concurrent mark sweep GC freed 81(3KB) AllocSpace objects, 0(0B) LOS objects, 39% free, 4MB/7MB, paused 286us total 14.449ms
I/art     ( 1502): Explicit concurrent mark sweep GC freed 61(2816B) AllocSpace objects, 0(0B) LOS objects, 39% free, 4MB/7MB, paused 298us total 14.158ms
I/art     ( 1502): Explicit concurrent mark sweep GC freed 27(1248B) AllocSpace objects, 0(0B) LOS objects, 40% free, 4MB/7MB, paused 316us total 16.010ms
I/art     ( 1502): Explicit concurrent mark sweep GC freed 31(7KB) AllocSpace objects, 0(0B) LOS objects, 40% free, 4MB/7MB, paused 306us total 14.615ms
I/art     ( 1502): Explicit concurrent mark sweep GC freed 57(2752B) AllocSpace objects, 0(0B) LOS objects, 39% free, 4MB/7MB, paused 378us total 14.554ms
I/art     ( 1502): Explicit concurrent mark sweep GC freed 67(3KB) AllocSpace objects, 0(0B) LOS objects, 39% free, 4MB/7MB, paused 318us total 15.846ms
I/art     ( 1502): Explicit concurrent mark sweep GC freed 63(2688B) AllocSpace objects, 0(0B) LOS objects, 40% free, 4MB/8MB, paused 299us total 14.330ms
I/art     ( 1502): Explicit concurrent mark sweep GC freed 72(3KB) AllocSpace objects, 0(0B) LOS objects, 39% free, 4MB/8MB, paused 311us total 14.399ms
I/art     ( 1502): Explicit concurrent mark sweep GC freed 38(1632B) AllocSpace objects, 0(0B) LOS objects, 40% free, 4MB/8MB, paused 359us total 15.979ms
I/art     ( 1502): Explicit concurrent mark sweep GC freed 38(1728B) AllocSpace objects, 0(0B) LOS objects, 39% free, 4MB/8MB, paused 305us total 14.378ms
I/art     ( 1502): Explicit concurrent mark sweep GC freed 133(6KB) AllocSpace objects, 0(0B) LOS objects, 39% free, 5MB/8MB, paused 324us total 16.815ms
I/art     ( 1502): Explicit concurrent mark sweep GC freed 395(18KB) AllocSpace objects, 0(0B) LOS objects, 40% free, 5MB/9MB, paused 330us total 18.042ms
I/art     ( 1502): Explicit concurrent mark sweep GC freed 407(18KB) AllocSpace objects, 0(0B) LOS objects, 40% free, 5MB/9MB, paused 344us total 16.692ms
I/art     ( 1502): Explicit concurrent mark sweep GC freed 165(7KB) AllocSpace objects, 0(0B) LOS objects, 40% free, 5MB/9MB, paused 379us total 16.688ms
I/art     ( 1502): Explicit concurrent mark sweep GC freed 90(3KB) AllocSpace objects, 0(0B) LOS objects, 40% free, 5MB/9MB, paused 340us total 14.998ms
I/art     ( 1502): Explicit concurrent mark sweep GC freed 319(11KB) AllocSpace objects, 0(0B) LOS objects, 40% free, 5MB/9MB, paused 409us total 18.178ms
I/art     ( 1502): Explicit concurrent mark sweep GC freed 397(14KB) AllocSpace objects, 0(0B) LOS objects, 39% free, 6MB/10MB, paused 341us total 16.153ms
I/art     ( 1502): Explicit concurrent mark sweep GC freed 1204(42KB) AllocSpace objects, 0(0B) LOS objects, 39% free, 6MB/10MB, paused 399us total 17.763ms
I/art     ( 1502): Explicit concurrent mark sweep GC freed 1509(51KB) AllocSpace objects, 0(0B) LOS objects, 39% free, 6MB/10MB, paused 337us total 16.599ms
I/art     ( 1502): Explicit concurrent mark sweep GC freed 1396(50KB) AllocSpace objects, 0(0B) LOS objects, 39% free, 6MB/10MB, paused 405us total 17.808ms
I/art     ( 1502): Explicit concurrent mark sweep GC freed 1453(56KB) AllocSpace objects, 0(0B) LOS objects, 39% free, 6MB/10MB, paused 391us total 20.261ms
I/art     ( 1502): Explicit concurrent mark sweep GC freed 603(27KB) AllocSpace objects, 0(0B) LOS objects, 39% free, 6MB/10MB, paused 373us total 18.682ms
I/art     ( 1502): Explicit concurrent mark sweep GC freed 344(20KB) AllocSpace objects, 0(0B) LOS objects, 38% free, 6MB/10MB, paused 402us total 19.324ms
I/art     ( 1502): Explicit concurrent mark sweep GC freed 213(9KB) AllocSpace objects, 0(0B) LOS objects, 38% free, 6MB/10MB, paused 354us total 15.939ms
I/art     ( 1502): Explicit concurrent mark sweep GC freed 260(11KB) AllocSpace objects, 0(0B) LOS objects, 37% free, 6MB/10MB, paused 394us total 16.075ms
I/art     ( 1502): Explicit concurrent mark sweep GC freed 150(6KB) AllocSpace objects, 0(0B) LOS objects, 37% free, 6MB/10MB, paused 389us total 16.035ms
I/Zygote  ( 1502): ...preloaded 343 resources in 2606ms.
I/art     ( 1502): Explicit concurrent mark sweep GC freed 729(43KB) AllocSpace objects, 0(0B) LOS objects, 37% free, 6MB/10MB, paused 357us total 18.353ms
I/Zygote  ( 1502): ...preloaded 41 resources in 65ms.
I/art     ( 1502): Counter: 0
D/libEGL  ( 1502): loaded /system/lib/egl/libGLES_mali.so
I/Zygote  ( 1502): Preloading shared libraries...
D/Zygote  ( 1502): end preload
I/art     ( 1502): Explicit concurrent mark sweep GC freed 428(18KB) AllocSpace objects, 0(0B) LOS objects, 37% free, 6MB/10MB, paused 383us total 17.149ms
I/art     ( 1502): Explicit concurrent mark sweep GC freed 96(3KB) AllocSpace objects, 0(0B) LOS objects, 37% free, 6MB/10MB, paused 351us total 15.885ms
I/art     ( 1502): Explicit concurrent mark sweep GC freed 5(160B) AllocSpace objects, 0(0B) LOS objects, 37% free, 6MB/10MB, paused 368us total 16.700ms
I/Zygote  ( 1502): System server process 1877 has been created
I/Zygote  ( 1502): Accepting command socket connections
I/InstallerConnection( 1877): disconnecting...
I/SystemServer( 1877): Entered the Android system server!
V/Fingerprint-JNI( 1877): FingerprintManager JNI ready.
D/SensorService( 1877): nuSensorService starting...
E/SensorService( 1877): couldn't load sensors module (No such file or directory)
I/SystemServiceManager( 1877): Starting com.android.server.pm.Installer
I/Installer( 1877): Waiting for installd to be ready.
I/InstallerConnection( 1877): connecting...
I/installd( 1499): new connection
I/SystemServiceManager( 1877): Starting com.android.server.am.ActivityManagerService$Lifecycle
I/ActivityManager( 1877): Memory class: 48
I/ServiceThread( 1877): Enabled StrictMode logging for ActivityManager looper.
W/BatteryStatsImpl( 1877): Couldn't get kernel wake lock stats
I/IntentFirewall( 1877): Read new rules (A:0 B:0 S:0)
I/ServiceThread( 1877): Enabled StrictMode logging for android.ui looper.
I/ServiceThread( 1877): Enabled StrictMode logging for android.display looper.
D/AppOps  ( 1877): AppOpsService published
I/SystemServiceManager( 1877): Starting com.android.server.power.PowerManagerService
I/ServiceThread( 1877): Enabled StrictMode logging for PowerManagerService looper.
W/libsuspend( 1877): Error writing 'on' to /sys/power/state: Invalid argument
I/libsuspend( 1877): Selected wakeup count
E/BatteryStatsService( 1877): Failed to open /sys/kernel/wakeup_reasons/last_resume_reason
I/SystemServiceManager( 1877): Starting com.android.server.display.DisplayManagerService
I/SystemServiceManager( 1877): Starting phase 100
I/DisplayManagerService( 1877): Display device added: DisplayDeviceInfo{"Built-in Screen": uniqueId="local:0", 1920 x 1080, 60.000004 fps, supportedRefreshRates [60.000004], density 240, 240.236 x 240.631 dpi, appVsyncOff 0, presDeadline 17666666, touch INTERNAL, rotation 0, type BUILT_IN, state UNKNOWN, FLAG_DEFAULT_DISPLAY, FLAG_ROTATES_WITH_CONTENT, FLAG_SECURE, FLAG_SUPPORTS_PROTECTED_BUFFERS}
I/SystemServer( 1877): Package Manager
W/SystemConfig( 1877): No directory /system/etc/sysconfig, skipping
D/SELinuxMMAC( 1877): Using policy file /system/etc/security/mac_permissions.xml
D/PackageManager( 1877): No files in app dir /vendor/overlay
W/PackageParser( 1877): No actions in intent filter at /system/priv-app/Contacts/Contacts.apk Binary XML file line #356
W/ResourceType( 1877): Failure getting entry for 0x7f08026f (t=7 e=623) (error -75)
W/PackageParser( 1877): Unknown element under <intent-filter>: android at /system/priv-app/Telecom/Telecom.apk Binary XML file line #232
W/PackageParser( 1877): No actions in intent filter at /system/app/Bluetooth/Bluetooth.apk Binary XML file line #209
W/PackageParser( 1877): Unknown element under <application>: permission at /system/app/Gallery2/Gallery2.apk Binary XML file line #242
W/PackageParser( 1877): Unknown element under <application>: permission at /system/app/Gallery2/Gallery2.apk Binary XML file line #245
W/ResourceType( 1877): Failure getting entry for 0x7f020007 (t=1 e=7) (error -75)
D/PackageManager( 1877): No files in app dir /system/vendor/app
D/PackageManager( 1877): No files in app dir /oem/app
E/PackageManager( 1877): Unable to get canonical file java.io.IOException: Cannot create /data/app/LedDisplayTest/lib
D/PackageManager( 1877): No files in app dir /data/app-private
W/PackageManager( 1877): Package com.android.gallery3d desires unavailable shared library com.google.android.media.effects; ignoring!
W/PackageManager( 1877): Package com.android.gallery3d desires unavailable shared library com.google.android.media.effects; ignoring!
I/PackageManager( 1877): Adjusting ABI for : com.android.settings to armeabi-v7a
I/PackageManager( 1877): Adjusting ABI for : com.android.inputdevices to armeabi-v7a
I/PackageManager( 1877): Adjusting ABI for : com.android.keychain to armeabi-v7a
I/PackageManager( 1877): Adjusting ABI for : com.android.providers.settings to armeabi-v7a
I/PackageManager( 1877): Adjusting ABI for : com.android.location.fused to armeabi-v7a
I/PackageManager( 1877): Adjusting ABI for : com.android.server.telecom to armeabi-v7a
I/PackageManager( 1877): Time to scan packages: 4.456 seconds
W/PackageManager( 1877): Unknown permission com.google.android.googleapps.permission.GOOGLE_AUTH in package com.android.providers.calendar
W/PackageManager( 1877): Unknown permission com.google.android.googleapps.permission.GOOGLE_AUTH.cl in package com.android.providers.calendar
W/PackageManager( 1877): Not granting permission android.permission.GLOBAL_SEARCH to package com.android.quicksearchbox (protectionLevel=18 flags=0x8be45)
W/PackageManager( 1877): Not granting permission android.permission.ACCESS_DOWNLOAD_MANAGER to package com.android.browser (protectionLevel=18 flags=0x9be45)
W/PackageManager( 1877): Not granting permission android.permission.SEND_DOWNLOAD_COMPLETED_INTENTS to package com.android.browser (protectionLevel=2 flags=0x9be45)
W/PackageManager( 1877): Not granting permission android.permission.BIND_WALLPAPER to package com.android.camera2 (protectionLevel=18 flags=0x58bc45)
W/PackageManager( 1877): Unknown permission com.android.launcher.permission.READ_SETTINGS in package com.android.launcher3
W/PackageManager( 1877): Unknown permission com.android.launcher.permission.WRITE_SETTINGS in package com.android.launcher3
W/PackageManager( 1877): Unknown permission com.google.android.googleapps.permission.GOOGLE_AUTH.mail in package com.android.calendar
W/PackageManager( 1877): Not granting permission android.permission.WRITE_MEDIA_STORAGE to package com.estrongs.android.pop (protectionLevel=18 flags=0x48be44)
W/PackageManager( 1877): Unknown permission android.permission.ACCESS_SUPERUSER in package com.estrongs.android.pop
W/PackageManager( 1877): Unknown permission .PERMISSION in package com.estrongs.android.pop
W/PackageManager( 1877): Not granting permission android.permission.WRITE_MEDIA_STORAGE to package com.montage.droid.mediaPlay (protectionLevel=18 flags=0x8be45)
W/PackageManager( 1877): Unknown permission com.android.launcher.permission.READ_SETTINGS in package com.android.onetimeinitializer
W/PackageManager( 1877): Unknown permission com.android.launcher.permission.WRITE_SETTINGS in package com.android.onetimeinitializer
W/PackageManager( 1877): Not granting permission android.permission.DELETE_PACKAGES to package com.svox.pico (protectionLevel=18 flags=0x8be45)
W/PackageManager( 1877): Unknown permission com.google.android.googleapps.permission.GOOGLE_AUTH in package com.android.settings
W/PackageManager( 1877): Unknown permission com.android.launcher.permission.READ_SETTINGS in package com.android.settings
W/PackageManager( 1877): Unknown permission com.android.launcher.permission.WRITE_SETTINGS in package com.android.settings
W/PackageManager( 1877): Unknown permission com.android.smspush.WAPPUSH_MANAGER_BIND in package com.android.phone
W/PackageManager( 1877): Not granting permission android.permission.DEVICE_POWER to package com.android.deskclock (protectionLevel=2 flags=0x48be45)
W/PackageManager( 1877): Unknown permission com.google.android.gallery3d.permission.GALLERY_PROVIDER in package com.android.bluetooth
W/PackageManager( 1877): Unknown permission android.permission.MMS_SEND_OUTBOX_MSG in package com.android.bluetooth
W/PackageManager( 1877): Unknown permission com.google.android.googleapps.permission.ACCESS_GOOGLE_PASSWORD in package com.android.development
W/PackageManager( 1877): Unknown permission com.google.android.googleapps.permission.GOOGLE_AUTH in package com.android.development
W/PackageManager( 1877): Unknown permission com.google.android.googleapps.permission.GOOGLE_AUTH.ALL_SERVICES in package com.android.development
W/PackageManager( 1877): Unknown permission com.google.android.googleapps.permission.GOOGLE_AUTH.YouTubeUser in package com.android.development
I/art     ( 1877): Explicit concurrent mark sweep GC freed 19282(1126KB) AllocSpace objects, 2(32KB) LOS objects, 33% free, 6MB/9MB, paused 834us total 47.008ms
I/SystemServer( 1877): User Service
I/lowmemorykiller( 1489): ActivityManager connected
I/SystemServiceManager( 1877): Starting com.android.server.lights.LightsService
I/SystemServiceManager( 1877): Starting com.android.server.BatteryService
W/BatteryStatsImpl( 1877): Couldn't get kernel wake lock stats
I/SystemServiceManager( 1877): Starting com.android.server.usage.UsageStatsService
W/BatteryStatsImpl( 1877): Couldn't get kernel wake lock stats
I/SystemServiceManager( 1877): Starting com.android.server.webkit.WebViewUpdateService
I/SystemServer( 1877): Reading configuration...
I/SystemServer( 1877): Scheduling Policy
I/SystemServiceManager( 1877): Starting com.android.server.telecom.TelecomLoaderService
I/SystemServer( 1877): Telephony Registry
I/SystemServer( 1877): Entropy Mixer
I/EntropyMixer( 1877): Writing entropy...
I/SystemServer( 1877): Account Manager
I/SystemServer( 1877): Content Manager
I/SystemServer( 1877): System Content Providers
I/SystemServer( 1877): Vibrator Service
I/SystemServer( 1877): Consumer IR Service
E/ConsumerIrService( 1877): Can't open consumer IR HW Module, error: -2
I/SystemServiceManager( 1877): Starting com.android.server.AlarmManagerService
I/SystemServer( 1877): Init Watchdog
I/SystemServer( 1877): Input Manager
I/InputManager( 1877): Initializing input manager, mUseDevInputEventForAudioJack=false
I/SystemServer( 1877): Window Manager
I/WindowManager( 1877): No existing display settings /data/system/display_settings.xml; starting empty
D/PermissionCache( 1492): checking android.permission.ACCESS_SURFACE_FLINGER for uid=1000 => granted (575 us)
I/InputManager( 1877): Starting input manager
D/EventHub( 1877): No input device configuration file found for device 'Logitech USB Optical Mouse'.
I/EventHub( 1877): New device: id=1, fd=69, path='/dev/input/event7', name='Logitech USB Optical Mouse', classes=0x80000008, configuration='', keyLayout='', keyCharacterMap='', builtinKeyboard=false, wakeMechanism=EPOLLWAKEUP, usingClockIoctl=true
E/EventHub( 1877): could not get driver version for /dev/input/mouse3, Not a typewriter
I/SystemServer( 1877): No Bluetooth Service (Bluetooth Hardware Not Present)
I/SystemServer( 1877): Input Method Service
E/EventHub( 1877): could not get driver version for /dev/input/mouse2, Not a typewriter
W/InputMethodManagerService( 1877): Couldn't create dir.: /data/system/inputmethod
D/EventHub( 1877): No input device configuration file found for device 'Uniview Mouse Input'.
I/EventHub( 1877): New device: id=2, fd=71, path='/dev/input/event6', name='Uniview Mouse Input', classes=0x8, configuration='', keyLayout='', keyCharacterMap='', builtinKeyboard=false, wakeMechanism=EPOLLWAKEUP, usingClockIoctl=true
D/EventHub( 1877): No input device configuration file found for device 'Uniview Touch Pad Input'.
I/EventHub( 1877): New device: id=3, fd=72, path='/dev/input/event5', name='Uniview Touch Pad Input', classes=0x14, configuration='', keyLayout='', keyCharacterMap='', builtinKeyboard=false, wakeMechanism=EPOLLWAKEUP, usingClockIoctl=true
D/EventHub( 1877): No input device configuration file found for device 'Uniview MT Touch Input'.
I/EventHub( 1877): New device: id=4, fd=73, path='/dev/input/event4', name='Uniview MT Touch Input', classes=0x14, configuration='', keyLayout='', keyCharacterMap='', builtinKeyboard=false, wakeMechanism=EPOLLWAKEUP, usingClockIoctl=true
D/EventHub( 1877): No input device configuration file found for device 'Uniview Keyboard Input'.
W/EventHub( 1877): Unable to disable kernel key repeat for /dev/input/event3: Function not implemented
I/EventHub( 1877): New device: id=5, fd=74, path='/dev/input/event3', name='Uniview Keyboard Input', classes=0x3, configuration='', keyLayout='/system/usr/keylayout/Generic.kl', keyCharacterMap='/system/usr/keychars/Generic.kcm', builtinKeyboard=false, wakeMechanism=EPOLLWAKEUP, usingClockIoctl=true
E/EventHub( 1877): could not get driver version for /dev/input/mouse1, Not a typewriter
I/EventHub( 1877): New device: id=6, fd=70, path='/dev/input/event2', name='qwerty', classes=0x14, configuration='/system/usr/idc/qwerty.idc', keyLayout='', keyCharacterMap='', builtinKeyboard=false, wakeMechanism=EPOLLWAKEUP, usingClockIoctl=true
E/EventHub( 1877): could not get driver version for /dev/input/mouse0, Not a typewriter
D/EventHub( 1877): No input device configuration file found for device 'Hi mouse'.
I/EventHub( 1877): New device: id=7, fd=75, path='/dev/input/event1', name='Hi mouse', classes=0x8, configuration='', keyLayout='', keyCharacterMap='', builtinKeyboard=false, wakeMechanism=EPOLLWAKEUP, usingClockIoctl=true
D/EventHub( 1877): No input device configuration file found for device 'Hi keyboard'.
E/KeyLayoutMap( 1877): /system/usr/keylayout/Vendor_0001_Product_0001.kl:138: Expected key flag label, got 'WAKE'.
W/EventHub( 1877): Unable to disable kernel key repeat for /dev/input/event0: Function not implemented
I/EventHub( 1877): New device: id=8, fd=76, path='/dev/input/event0', name='Hi keyboard', classes=0x63, configuration='', keyLayout='/system/usr/keylayout/Generic.kl', keyCharacterMap='/system/usr/keychars/Generic.kcm', builtinKeyboard=false, wakeMechanism=EPOLLWAKEUP, usingClockIoctl=true
E/EventHub( 1877): could not get driver version for /dev/input/mice, Not a typewriter
I/InputReader( 1877): Device added: id=-1, name='Virtual', sources=0x00000301
I/InputReader( 1877): Device added: id=8, name='Hi keyboard', sources=0x00000701
I/SystemServer( 1877): Accessibility Manager
I/InputReader( 1877): Device added: id=7, name='Hi mouse', sources=0x00002002
I/InputReader( 1877):   Touch device 'qwerty' could not query the properties of its associated display.  The device will be inoperable until the display size becomes available.
I/InputReader( 1877): Device added: id=6, name='qwerty', sources=0x00001002
I/InputReader( 1877): Device added: id=5, name='Uniview Keyboard Input', sources=0x00000101
I/InputReader( 1877):   Touch device 'Uniview MT Touch Input' could not query the properties of its associated display.  The device will be inoperable until the display size becomes available.
I/InputReader( 1877): Device added: id=4, name='Uniview MT Touch Input', sources=0x00002002
I/InputReader( 1877):   Touch device 'Uniview Touch Pad Input' could not query the properties of its associated display.  The device will be inoperable until the display size becomes available.
I/InputReader( 1877): Device added: id=3, name='Uniview Touch Pad Input', sources=0x00002002
I/InputReader( 1877): Device added: id=2, name='Uniview Mouse Input', sources=0x00002002
I/InputReader( 1877): Device added: id=1, name='Logitech USB Optical Mouse', sources=0x00002002
I/ActivityManager( 1877): Config changes=1df8 {1.0 ?mcc?mnc en_US ?layoutDir sw720dp w1280dp h720dp 240dpi xlrg long land ?uimode ?night -touch qwerty/v/v dpad/v s.2}
I/InputReader( 1877): Reconfiguring input devices.  changes=0x00000004
I/InputReader( 1877): Device reconfigured: id=3, name='Uniview Touch Pad Input', size 1920x1080, orientation 0, mode 4, display id 0
I/InputReader( 1877): Device reconfigured: id=4, name='Uniview MT Touch Input', size 1920x1080, orientation 0, mode 4, display id 0
I/InputReader( 1877): Device reconfigured: id=6, name='qwerty', size 1920x1080, orientation 0, mode 1, display id 0
I/ActivityManager( 1877): Config changes=400 {1.0 ?mcc?mnc en_US ?layoutDir sw720dp w1280dp h694dp 240dpi xlrg long land ?uimode ?night -touch qwerty/v/v dpad/v s.3}
I/SystemServer( 1877): Mount Service
I/AudioFlinger( 1498): Using module 1 has the primary audio interface
I/AudioFlinger( 1498): AudioFlinger's thread 0xb58da000 ready to run
I/AudioFlinger( 1498): AudioFlinger's thread 0xb5970000 ready to run
E/AudioFlinger( 1498): int android::load_audio_interface(const char*, audio_hw_device_t**) couldn't load audio hw module audio.a2dp (No such file or directory)
I/AudioFlinger( 1498): loadHwModule() error -2 loading module a2dp 
W/AudioPolicyManager( 1498): could not open HW module a2dp
I/UsageStatsService( 1877): User[0] Rollover scheduled @ 2015-01-02 00:00:00(1420156800000)
E/SoundTriggerHwService( 1498): couldn't load sound trigger module sound_trigger.primary (No such file or directory)
D/MountService( 1877): got storage path: /storage/usb2 description: USB storage primary: true removable: true emulated: false mtpReserve: 0 allowMassStorage: true maxFileSize: 0
D/MountService( 1877): addVolumeLocked() StorageVolume:
D/MountService( 1877):     mStorageId=0 mPath=/storage/usb2 mDescriptionId=17040807 mPrimary=true 
D/MountService( 1877):     mRemovable=true mEmulated=false mMtpReserveSpace=0 mAllowMassStorage=true 
D/MountService( 1877):     mMaxFileSize=0 mOwner=null mUuid=null mUserLabel=null mState=null 
D/MountService( 1877): got storage path: /storage/usb3 description: USB storage primary: true removable: true emulated: false mtpReserve: 0 allowMassStorage: true maxFileSize: 0
D/MountService( 1877): addVolumeLocked() StorageVolume:
D/MountService( 1877):     mStorageId=0 mPath=/storage/usb3 mDescriptionId=17040807 mPrimary=true 
D/MountService( 1877):     mRemovable=true mEmulated=false mMtpReserveSpace=0 mAllowMassStorage=true 
D/MountService( 1877):     mMaxFileSize=0 mOwner=null mUuid=null mUserLabel=null mState=null 
D/MountService( 1877): got storage path: /storage/usb4 description: USB storage primary: true removable: true emulated: false mtpReserve: 0 allowMassStorage: true maxFileSize: 0
D/MountService( 1877): addVolumeLocked() StorageVolume:
D/MountService( 1877):     mStorageId=0 mPath=/storage/usb4 mDescriptionId=17040807 mPrimary=true 
D/MountService( 1877):     mRemovable=true mEmulated=false mMtpReserveSpace=0 mAllowMassStorage=true 
D/MountService( 1877):     mMaxFileSize=0 mOwner=null mUuid=null mUserLabel=null mState=null 
D/MountService( 1877): got storage path: /storage/sdcard description: Internal storage primary: false removable: false emulated: true mtpReserve: 0 allowMassStorage: false maxFileSize: 0
D/MountService( 1877): addVolumeLocked() StorageVolume:
D/MountService( 1877):     mStorageId=65537 mPath=/storage/emulated/0 mDescriptionId=17040805 
D/MountService( 1877):     mPrimary=true mRemovable=false mEmulated=true mMtpReserveSpace=0 
